******************************************************************************
                  TI ARM Linker Unix v16.9.4                   
******************************************************************************
>> Linked Mon Dec 25 11:03:35 2017

OUTPUT FILE NAME:   <MyProject.out>
ENTRY POINT SYMBOL: "_c_int00"  address: 00000b5d


MEMORY CONFIGURATION

         name            origin    length      used     unused   attr    fill
----------------------  --------  ---------  --------  --------  ----  --------
  FLASH                 00000000   00040000  000011ce  0003ee32  R  X
  SRAM                  20000000   00008000  000004fb  00007b05  RW X


SEGMENT ALLOCATION MAP

run origin  load origin   length   init length attrs members
----------  ----------- ---------- ----------- ----- -------
00000000    00000000    000011d0   000011d0    r-x
  00000000    00000000    0000026c   0000026c    r-- .intvecs
  0000026c    0000026c    00000d2e   00000d2e    r-x .text
  00000f9c    00000f9c    000001ec   000001ec    r-- .const
  00001188    00001188    00000048   00000048    r-- .cinit
20000000    20000000    000004fd   00000000    rw-
  20000000    20000000    0000026c   00000000    rw- .vtable
  2000026c    2000026c    00000200   00000000    rw- .stack
  2000046c    2000046c    00000076   00000000    rw- .bss
  200004e4    200004e4    00000019   00000000    rw- .data


SECTION ALLOCATION MAP

 output                                  attributes/
section   page    origin      length       input sections
--------  ----  ----------  ----------   ----------------
.intvecs   0    00000000    0000026c     
                  00000000    0000026c     tm4c123gh6pm_startup_ccs.obj (.intvecs)

.text      0    0000026c    00000d2e     
                  0000026c    000001d4     UART.obj (.text)
                  00000440    0000018c     PWM.obj (.text)
                  000005cc    00000132     driverlib.lib : gpio.obj (.text:GPIOPadConfigSet)
                  000006fe    00000002     rtsv7M4_T_le_v4SPD16_eabi.lib : mpu_init.obj (.text)
                  00000700    00000110     driverlib.lib : sysctl.obj (.text:SysCtlClockGet)
                  00000810    000000f4                   : sysctl.obj (.text:SysCtlClockSet)
                  00000904    0000009c     rtsv7M4_T_le_v4SPD16_eabi.lib : memcpy_t2.obj (.text)
                  000009a0    0000007a                                   : memset_t2.obj (.text)
                  00000a1a    00000002                                   : startup.obj (.text)
                  00000a1c    00000070                                   : autoinit.obj (.text)
                  00000a8c    00000068     driverlib.lib : interrupt.obj (.text:IntEnable)
                  00000af4    00000068     rtsv7M4_T_le_v4SPD16_eabi.lib : copy_decompress_lzss.obj (.text:decompress:lzss)
                  00000b5c    00000054                                   : boot.obj (.text)
                  00000bb0    00000054                                   : exit.obj (.text)
                  00000c04    0000004c                                   : cpy_tbl.obj (.text)
                  00000c50    00000048     driverlib.lib : gpio.obj (.text:GPIOPinConfigure)
                  00000c98    00000048     main.obj (.text)
                  00000ce0    00000046     driverlib.lib : uart.obj (.text:UARTConfigSetExpClk)
                  00000d26    00000002     --HOLE-- [fill = 0]
                  00000d28    00000040                   : uart.obj (.text:_UARTIntNumberGet)
                  00000d68    00000034                   : interrupt.obj (.text:IntRegister)
                  00000d9c    00000034                   : sysctl.obj (.text:SysCtlPeripheralEnable)
                  00000dd0    0000002a                   : gpio.obj (.text:GPIODirModeSet)
                  00000dfa    00000022                   : pwm.obj (.text:PWMGenConfigure)
                  00000e1c    00000020                   : uart.obj (.text:UARTDisable)
                  00000e3c    0000001e                   : pwm.obj (.text:PWMPulseWidthSet)
                  00000e5a    00000018                   : uart.obj (.text:UARTIntRegister)
                  00000e72    00000002     --HOLE-- [fill = 0]
                  00000e74    00000018     rtsv7M4_T_le_v4SPD16_eabi.lib : args_main.obj (.text)
                  00000e8c    00000014     driverlib.lib : sysctl.obj (.text:SysCtlPWMClockSet)
                  00000ea0    00000014                   : uart.obj (.text:UARTEnable)
                  00000eb4    00000014     rtsv7M4_T_le_v4SPD16_eabi.lib : _lock.obj (.text)
                  00000ec8    00000012     driverlib.lib : gpio.obj (.text:GPIOPinTypePWM)
                  00000eda    00000012                   : gpio.obj (.text:GPIOPinTypeUART)
                  00000eec    00000012                   : pwm.obj (.text:PWMOutputState)
                  00000efe    00000010                   : interrupt.obj (.text:IntMasterEnable)
                  00000f0e    00000010                   : pwm.obj (.text:PWMGenPeriodSet)
                  00000f1e    0000000e                   : uart.obj (.text:UARTCharsAvail)
                  00000f2c    0000000e     rtsv7M4_T_le_v4SPD16_eabi.lib : copy_decompress_none.obj (.text:decompress:none)
                  00000f3a    0000000c     driverlib.lib : cpu.obj (.text:CPUcpsie)
                  00000f46    0000000c                   : pwm.obj (.text:PWMGenEnable)
                  00000f52    0000000c     rtsv7M4_T_le_v4SPD16_eabi.lib : copy_zero_init.obj (.text:decompress:ZI)
                  00000f5e    0000000c     tm4c123gh6pm_startup_ccs.obj (.text)
                  00000f6a    0000000a     driverlib.lib : uart.obj (.text:UARTCharGet)
                  00000f74    0000000a                   : uart.obj (.text:UARTIntStatus)
                  00000f7e    00000008                   : uart.obj (.text:UARTIntEnable)
                  00000f86    00000006                   : sysctl.obj (.text:SysCtlDelay)
                  00000f8c    00000006                   : uart.obj (.text:UARTClockSourceSet)
                  00000f92    00000004                   : uart.obj (.text:UARTIntClear)
                  00000f96    00000004     rtsv7M4_T_le_v4SPD16_eabi.lib : pre_init.obj (.text)

.const     0    00000f9c    000001ec     
                  00000f9c    00000090     driverlib.lib : gpio.obj (.const:g_pui32GPIOBaseAddrs)
                  0000102c    00000070                   : interrupt.obj (.const)
                  0000109c    0000006c                   : sysctl.obj (.const:g_pui32Xtals)
                  00001108    00000040                   : uart.obj (.const:g_ppui32UARTIntMap)
                  00001148    00000040                   : uart.obj (.const:g_ppui32UARTIntMapSnowflake)

.cinit     0    00001188    00000048     
                  00001188    00000011     (.cinit..data.load) [load image, compression = lzss]
                  00001199    00000003     --HOLE-- [fill = 0]
                  0000119c    0000000c     (__TI_handler_table)
                  000011a8    00000008     (.cinit..bss.load) [load image, compression = zero_init]
                  000011b0    00000008     (.cinit..vtable.load) [load image, compression = zero_init]
                  000011b8    00000018     (__TI_cinit_table)

.init_array 
*          0    00000000    00000000     UNINITIALIZED

.vtable    0    20000000    0000026c     UNINITIALIZED
                  20000000    0000026c     driverlib.lib : interrupt.obj (.vtable)

.bss       0    2000046c    00000076     UNINITIALIZED
                  2000046c    00000064     UART.obj (.bss:Buff)
                  200004d0    00000004     (.common:res_X)
                  200004d4    00000004     (.common:res_Y)
                  200004d8    00000004     (.common:ui32Load)
                  200004dc    00000004     (.common:ui32PWMClock)
                  200004e0    00000002     (.common:check_Uart)

.data      0    200004e4    00000019     UNINITIALIZED
                  200004e4    0000000c     rtsv7M4_T_le_v4SPD16_eabi.lib : exit.obj (.data:$O1$$)
                  200004f0    00000008                                   : _lock.obj (.data:$O1$$)
                  200004f8    00000004                                   : stkdepth_vars.obj (.data)
                  200004fc    00000001     UART.obj (.data)

.stack     0    2000026c    00000200     UNINITIALIZED
                  2000026c    00000200     --HOLE--

MODULE SUMMARY

       Module                         code   ro data   rw data
       ------                         ----   -------   -------
    ./
       tm4c123gh6pm_startup_ccs.obj   12     620       0      
       main.obj                       72     0         10     
    +--+------------------------------+------+---------+---------+
       Total:                         84     620       10     
                                                              
    ./PWM/
       PWM.obj                        396    0         8      
    +--+------------------------------+------+---------+---------+
       Total:                         396    0         8      
                                                              
    ./UART/
       UART.obj                       468    0         101    
    +--+------------------------------+------+---------+---------+
       Total:                         468    0         101    
                                                              
    /home/trac/ti/TivaWare_C_Series-2.1.4.178/driverlib/ccs/Debug/driverlib.lib
       interrupt.obj                  172    112       620    
       sysctl.obj                     594    108       0      
       gpio.obj                       456    144       0      
       uart.obj                       262    128       0      
       pwm.obj                        110    0         0      
       cpu.obj                        12     0         0      
    +--+------------------------------+------+---------+---------+
       Total:                         1606   492       620    
                                                              
    /home/trac/ti/ccsv7/tools/compiler/ti-cgt-arm_16.9.4.LTS/lib/rtsv7M4_T_le_v4SPD16_eabi.lib
       memcpy_t2.obj                  156    0         0      
       memset_t2.obj                  122    0         0      
       autoinit.obj                   112    0         0      
       copy_decompress_lzss.obj       104    0         0      
       exit.obj                       84     0         12     
       boot.obj                       84     0         0      
       cpy_tbl.obj                    76     0         0      
       _lock.obj                      20     0         8      
       args_main.obj                  24     0         0      
       copy_decompress_none.obj       14     0         0      
       copy_zero_init.obj             12     0         0      
       pre_init.obj                   4      0         0      
       stkdepth_vars.obj              0      0         4      
       mpu_init.obj                   2      0         0      
       startup.obj                    2      0         0      
    +--+------------------------------+------+---------+---------+
       Total:                         816    0         24     
                                                              
       Stack:                         0      0         512    
       Linker Generated:              0      69        0      
    +--+------------------------------+------+---------+---------+
       Grand Total:                   3370   1181      1275   


LINKER GENERATED COPY TABLES

__TI_cinit_table @ 000011b8 records: 3, size/record: 8, table size: 24
	.data: load addr=00001188, load size=00000011 bytes, run addr=200004e4, run size=00000019 bytes, compression=lzss
	.bss: load addr=000011a8, load size=00000008 bytes, run addr=2000046c, run size=00000076 bytes, compression=zero_init
	.vtable: load addr=000011b0, load size=00000008 bytes, run addr=20000000, run size=0000026c bytes, compression=zero_init


LINKER GENERATED HANDLER TABLE

__TI_handler_table @ 0000119c records: 3, size/record: 4, table size: 12
	index: 0, handler: __TI_zero_init
	index: 1, handler: __TI_decompress_lzss
	index: 2, handler: __TI_decompress_none


GLOBAL SYMBOLS: SORTED ALPHABETICALLY BY Name 

address   name                           
-------   ----                           
00000bb1  C$$EXIT                        
00000f3b  CPUcpsie                       
00000441  Config_PWM                     
000003bf  Config_UART                    
00000dd1  GPIODirModeSet                 
000005cd  GPIOPadConfigSet               
00000c51  GPIOPinConfigure               
00000ec9  GPIOPinTypePWM                 
00000edb  GPIOPinTypeUART                
00000a8d  IntEnable                      
00000eff  IntMasterEnable                
00000d69  IntRegister                    
00000dfb  PWMGenConfigure                
00000f47  PWMGenEnable                   
00000f0f  PWMGenPeriodSet                
00000eed  PWMOutputState                 
00000e3d  PWMPulseWidthSet               
00000f5f  ResetISR                       
000002dd  SEP_UART                       
UNDEFED   SHT$$INIT_ARRAY$$Base          
UNDEFED   SHT$$INIT_ARRAY$$Limit         
00000701  SysCtlClockGet                 
00000811  SysCtlClockSet                 
00000f87  SysCtlDelay                    
00000e8d  SysCtlPWMClockSet              
00000d9d  SysCtlPeripheralEnable         
00000f6b  UARTCharGet                    
00000f1f  UARTCharsAvail                 
00000f8d  UARTClockSourceSet             
00000ce1  UARTConfigSetExpClk            
00000e1d  UARTDisable                    
00000ea1  UARTEnable                     
0000028d  UARTGetBuffer                  
00000f93  UARTIntClear                   
00000f7f  UARTIntEnable                  
00000e5b  UARTIntRegister                
00000f75  UARTIntStatus                  
2000046c  __STACK_END                    
00000200  __STACK_SIZE                   
2000046c  __STACK_TOP                    
000011b8  __TI_CINIT_Base                
000011d0  __TI_CINIT_Limit               
0000119c  __TI_Handler_Table_Base        
000011a8  __TI_Handler_Table_Limit       
00000a1d  __TI_auto_init                 
200004e4  __TI_cleanup_ptr               
00000af5  __TI_decompress_lzss           
00000f2d  __TI_decompress_none           
200004e8  __TI_dtors_ptr                 
200004ec  __TI_enable_exit_profile_output
ffffffff  __TI_pprof_out_hndl            
ffffffff  __TI_prof_data_size            
ffffffff  __TI_prof_data_start           
00000000  __TI_static_base__             
00000f53  __TI_zero_init                 
000009a1  __aeabi_memclr                 
000009a1  __aeabi_memclr4                
000009a1  __aeabi_memclr8                
00000905  __aeabi_memcpy                 
00000905  __aeabi_memcpy4                
00000905  __aeabi_memcpy8                
000009a3  __aeabi_memset                 
000009a3  __aeabi_memset4                
000009a3  __aeabi_memset8                
ffffffff  __binit__                      
ffffffff  __c_args__                     
000006ff  __mpu_init                     
2000026c  __stack                        
00000e75  _args_main                     
00000b5d  _c_int00                       
200004f0  _lock                          
00000ec3  _nop                           
00000ebb  _register_lock                 
00000eb5  _register_unlock               
00000a1b  _system_post_cinit             
00000f97  _system_pre_init               
200004f4  _unlock                        
00000bb5  abort                          
ffffffff  binit                          
200004e0  check_Uart                     
00000c05  copy_in                        
00000c99  delayMS                        
00000bbd  exit                           
20000000  g_pfnRAMVectors                
00000000  g_pfnVectors                   
00000cb5  main                           
200004f8  main_func_sp                   
00000905  memcpy                         
000009a9  memset                         
200004d0  res_X                          
200004d4  res_Y                          
200004d8  ui32Load                       
200004dc  ui32PWMClock                   


GLOBAL SYMBOLS: SORTED BY Symbol Address 

address   name                           
-------   ----                           
00000000  __TI_static_base__             
00000000  g_pfnVectors                   
00000200  __STACK_SIZE                   
0000028d  UARTGetBuffer                  
000002dd  SEP_UART                       
000003bf  Config_UART                    
00000441  Config_PWM                     
000005cd  GPIOPadConfigSet               
000006ff  __mpu_init                     
00000701  SysCtlClockGet                 
00000811  SysCtlClockSet                 
00000905  __aeabi_memcpy                 
00000905  __aeabi_memcpy4                
00000905  __aeabi_memcpy8                
00000905  memcpy                         
000009a1  __aeabi_memclr                 
000009a1  __aeabi_memclr4                
000009a1  __aeabi_memclr8                
000009a3  __aeabi_memset                 
000009a3  __aeabi_memset4                
000009a3  __aeabi_memset8                
000009a9  memset                         
00000a1b  _system_post_cinit             
00000a1d  __TI_auto_init                 
00000a8d  IntEnable                      
00000af5  __TI_decompress_lzss           
00000b5d  _c_int00                       
00000bb1  C$$EXIT                        
00000bb5  abort                          
00000bbd  exit                           
00000c05  copy_in                        
00000c51  GPIOPinConfigure               
00000c99  delayMS                        
00000cb5  main                           
00000ce1  UARTConfigSetExpClk            
00000d69  IntRegister                    
00000d9d  SysCtlPeripheralEnable         
00000dd1  GPIODirModeSet                 
00000dfb  PWMGenConfigure                
00000e1d  UARTDisable                    
00000e3d  PWMPulseWidthSet               
00000e5b  UARTIntRegister                
00000e75  _args_main                     
00000e8d  SysCtlPWMClockSet              
00000ea1  UARTEnable                     
00000eb5  _register_unlock               
00000ebb  _register_lock                 
00000ec3  _nop                           
00000ec9  GPIOPinTypePWM                 
00000edb  GPIOPinTypeUART                
00000eed  PWMOutputState                 
00000eff  IntMasterEnable                
00000f0f  PWMGenPeriodSet                
00000f1f  UARTCharsAvail                 
00000f2d  __TI_decompress_none           
00000f3b  CPUcpsie                       
00000f47  PWMGenEnable                   
00000f53  __TI_zero_init                 
00000f5f  ResetISR                       
00000f6b  UARTCharGet                    
00000f75  UARTIntStatus                  
00000f7f  UARTIntEnable                  
00000f87  SysCtlDelay                    
00000f8d  UARTClockSourceSet             
00000f93  UARTIntClear                   
00000f97  _system_pre_init               
0000119c  __TI_Handler_Table_Base        
000011a8  __TI_Handler_Table_Limit       
000011b8  __TI_CINIT_Base                
000011d0  __TI_CINIT_Limit               
20000000  g_pfnRAMVectors                
2000026c  __stack                        
2000046c  __STACK_END                    
2000046c  __STACK_TOP                    
200004d0  res_X                          
200004d4  res_Y                          
200004d8  ui32Load                       
200004dc  ui32PWMClock                   
200004e0  check_Uart                     
200004e4  __TI_cleanup_ptr               
200004e8  __TI_dtors_ptr                 
200004ec  __TI_enable_exit_profile_output
200004f0  _lock                          
200004f4  _unlock                        
200004f8  main_func_sp                   
ffffffff  __TI_pprof_out_hndl            
ffffffff  __TI_prof_data_size            
ffffffff  __TI_prof_data_start           
ffffffff  __binit__                      
ffffffff  __c_args__                     
ffffffff  binit                          
UNDEFED   SHT$$INIT_ARRAY$$Base          
UNDEFED   SHT$$INIT_ARRAY$$Limit         

[93 symbols]
