<?xml version="1.0"?>
<link_info>
   <banner>TI ARM Linker Unix v16.9.4.LTS</banner>
   <copyright>Copyright (c) 1996-2017 Texas Instruments Incorporated</copyright>
   <link_time>0x5a40c02d</link_time>
   <link_errors>0x0</link_errors>
   <output_file>MyProject.out</output_file>
   <entry_point>
      <name>_c_int00</name>
      <address>0x5215</address>
   </entry_point>
   <input_file_list>
      <input_file id="fl-2">
         <path>./</path>
         <kind>object</kind>
         <file>main.obj</file>
         <name>main.obj</name>
      </input_file>
      <input_file id="fl-3">
         <path>./</path>
         <kind>object</kind>
         <file>tm4c123gh6pm_startup_ccs.obj</file>
         <name>tm4c123gh6pm_startup_ccs.obj</name>
      </input_file>
      <input_file id="fl-4">
         <path>./INVERSE/</path>
         <kind>object</kind>
         <file>INVERSE.obj</file>
         <name>INVERSE.obj</name>
      </input_file>
      <input_file id="fl-5">
         <path>./PWM/</path>
         <kind>object</kind>
         <file>PWM.obj</file>
         <name>PWM.obj</name>
      </input_file>
      <input_file id="fl-6">
         <path>./SYSTICK/</path>
         <kind>object</kind>
         <file>SYSTICK.obj</file>
         <name>SYSTICK.obj</name>
      </input_file>
      <input_file id="fl-7">
         <path>./UART/</path>
         <kind>object</kind>
         <file>UART.obj</file>
         <name>UART.obj</name>
      </input_file>
      <input_file id="fl-8">
         <path>./UART/</path>
         <kind>object</kind>
         <file>uartstdio.obj</file>
         <name>uartstdio.obj</name>
      </input_file>
      <input_file id="fl-9">
         <path>./UART/</path>
         <kind>object</kind>
         <file>ustdlib.obj</file>
         <name>ustdlib.obj</name>
      </input_file>
      <input_file id="fl-a">
         <path>./eFLL/</path>
         <kind>object</kind>
         <file>Fuzzy.obj</file>
         <name>Fuzzy.obj</name>
      </input_file>
      <input_file id="fl-b">
         <path>./eFLL/</path>
         <kind>object</kind>
         <file>FuzzyComposition.obj</file>
         <name>FuzzyComposition.obj</name>
      </input_file>
      <input_file id="fl-c">
         <path>./eFLL/</path>
         <kind>object</kind>
         <file>FuzzyIO.obj</file>
         <name>FuzzyIO.obj</name>
      </input_file>
      <input_file id="fl-d">
         <path>./eFLL/</path>
         <kind>object</kind>
         <file>FuzzyInput.obj</file>
         <name>FuzzyInput.obj</name>
      </input_file>
      <input_file id="fl-e">
         <path>./eFLL/</path>
         <kind>object</kind>
         <file>FuzzyOutput.obj</file>
         <name>FuzzyOutput.obj</name>
      </input_file>
      <input_file id="fl-f">
         <path>./eFLL/</path>
         <kind>object</kind>
         <file>FuzzyRule.obj</file>
         <name>FuzzyRule.obj</name>
      </input_file>
      <input_file id="fl-10">
         <path>./eFLL/</path>
         <kind>object</kind>
         <file>FuzzyRuleAntecedent.obj</file>
         <name>FuzzyRuleAntecedent.obj</name>
      </input_file>
      <input_file id="fl-11">
         <path>./eFLL/</path>
         <kind>object</kind>
         <file>FuzzyRuleConsequent.obj</file>
         <name>FuzzyRuleConsequent.obj</name>
      </input_file>
      <input_file id="fl-12">
         <path>./eFLL/</path>
         <kind>object</kind>
         <file>FuzzySet.obj</file>
         <name>FuzzySet.obj</name>
      </input_file>
      <input_file id="fl-13">
         <path>./eFLL/</path>
         <kind>object</kind>
         <file>fuzzy_ball_and_plate.obj</file>
         <name>fuzzy_ball_and_plate.obj</name>
      </input_file>
      <input_file id="fl-17">
         <kind>object</kind>
         <file>&lt;internal&gt;</file>
         <name>&lt;internal&gt;</name>
      </input_file>
      <input_file id="fl-18">
         <path>/home/trac/ti/TivaWare_C_Series-2.1.4.178/driverlib/ccs/Debug/</path>
         <kind>archive</kind>
         <file>driverlib.lib</file>
         <name>gpio.obj</name>
      </input_file>
      <input_file id="fl-19">
         <path>/home/trac/ti/TivaWare_C_Series-2.1.4.178/driverlib/ccs/Debug/</path>
         <kind>archive</kind>
         <file>driverlib.lib</file>
         <name>interrupt.obj</name>
      </input_file>
      <input_file id="fl-1a">
         <path>/home/trac/ti/TivaWare_C_Series-2.1.4.178/driverlib/ccs/Debug/</path>
         <kind>archive</kind>
         <file>driverlib.lib</file>
         <name>pwm.obj</name>
      </input_file>
      <input_file id="fl-1b">
         <path>/home/trac/ti/TivaWare_C_Series-2.1.4.178/driverlib/ccs/Debug/</path>
         <kind>archive</kind>
         <file>driverlib.lib</file>
         <name>sysctl.obj</name>
      </input_file>
      <input_file id="fl-1c">
         <path>/home/trac/ti/TivaWare_C_Series-2.1.4.178/driverlib/ccs/Debug/</path>
         <kind>archive</kind>
         <file>driverlib.lib</file>
         <name>systick.obj</name>
      </input_file>
      <input_file id="fl-1d">
         <path>/home/trac/ti/TivaWare_C_Series-2.1.4.178/driverlib/ccs/Debug/</path>
         <kind>archive</kind>
         <file>driverlib.lib</file>
         <name>uart.obj</name>
      </input_file>
      <input_file id="fl-1e">
         <path>/home/trac/ti/TivaWare_C_Series-2.1.4.178/driverlib/ccs/Debug/</path>
         <kind>archive</kind>
         <file>driverlib.lib</file>
         <name>cpu.obj</name>
      </input_file>
      <input_file id="fl-d5">
         <path>/home/trac/ti/ccsv7/tools/compiler/ti-cgt-arm_16.9.4.LTS/lib/</path>
         <kind>archive</kind>
         <file>rtsv7M4_T_le_v4SPD16_eabi_eh.lib</file>
         <name>boot.obj</name>
      </input_file>
      <input_file id="fl-d6">
         <path>/home/trac/ti/ccsv7/tools/compiler/ti-cgt-arm_16.9.4.LTS/lib/</path>
         <kind>archive</kind>
         <file>rtsv7M4_T_le_v4SPD16_eabi_eh.lib</file>
         <name>copy_decompress_lzss.obj</name>
      </input_file>
      <input_file id="fl-d7">
         <path>/home/trac/ti/ccsv7/tools/compiler/ti-cgt-arm_16.9.4.LTS/lib/</path>
         <kind>archive</kind>
         <file>rtsv7M4_T_le_v4SPD16_eabi_eh.lib</file>
         <name>copy_decompress_none.obj</name>
      </input_file>
      <input_file id="fl-d8">
         <path>/home/trac/ti/ccsv7/tools/compiler/ti-cgt-arm_16.9.4.LTS/lib/</path>
         <kind>archive</kind>
         <file>rtsv7M4_T_le_v4SPD16_eabi_eh.lib</file>
         <name>copy_zero_init.obj</name>
      </input_file>
      <input_file id="fl-d9">
         <path>/home/trac/ti/ccsv7/tools/compiler/ti-cgt-arm_16.9.4.LTS/lib/</path>
         <kind>archive</kind>
         <file>rtsv7M4_T_le_v4SPD16_eabi_eh.lib</file>
         <name>delete.obj</name>
      </input_file>
      <input_file id="fl-da">
         <path>/home/trac/ti/ccsv7/tools/compiler/ti-cgt-arm_16.9.4.LTS/lib/</path>
         <kind>archive</kind>
         <file>rtsv7M4_T_le_v4SPD16_eabi_eh.lib</file>
         <name>e_asin.obj</name>
      </input_file>
      <input_file id="fl-db">
         <path>/home/trac/ti/ccsv7/tools/compiler/ti-cgt-arm_16.9.4.LTS/lib/</path>
         <kind>archive</kind>
         <file>rtsv7M4_T_le_v4SPD16_eabi_eh.lib</file>
         <name>e_atan2.obj</name>
      </input_file>
      <input_file id="fl-dc">
         <path>/home/trac/ti/ccsv7/tools/compiler/ti-cgt-arm_16.9.4.LTS/lib/</path>
         <kind>archive</kind>
         <file>rtsv7M4_T_le_v4SPD16_eabi_eh.lib</file>
         <name>e_sqrt.obj</name>
      </input_file>
      <input_file id="fl-dd">
         <path>/home/trac/ti/ccsv7/tools/compiler/ti-cgt-arm_16.9.4.LTS/lib/</path>
         <kind>archive</kind>
         <file>rtsv7M4_T_le_v4SPD16_eabi_eh.lib</file>
         <name>errno.obj</name>
      </input_file>
      <input_file id="fl-de">
         <path>/home/trac/ti/ccsv7/tools/compiler/ti-cgt-arm_16.9.4.LTS/lib/</path>
         <kind>archive</kind>
         <file>rtsv7M4_T_le_v4SPD16_eabi_eh.lib</file>
         <name>exit.obj</name>
      </input_file>
      <input_file id="fl-df">
         <path>/home/trac/ti/ccsv7/tools/compiler/ti-cgt-arm_16.9.4.LTS/lib/</path>
         <kind>archive</kind>
         <file>rtsv7M4_T_le_v4SPD16_eabi_eh.lib</file>
         <name>fd_add_t2.obj</name>
      </input_file>
      <input_file id="fl-e0">
         <path>/home/trac/ti/ccsv7/tools/compiler/ti-cgt-arm_16.9.4.LTS/lib/</path>
         <kind>archive</kind>
         <file>rtsv7M4_T_le_v4SPD16_eabi_eh.lib</file>
         <name>fd_cmp_t2.obj</name>
      </input_file>
      <input_file id="fl-e1">
         <path>/home/trac/ti/ccsv7/tools/compiler/ti-cgt-arm_16.9.4.LTS/lib/</path>
         <kind>archive</kind>
         <file>rtsv7M4_T_le_v4SPD16_eabi_eh.lib</file>
         <name>fd_div_t2.obj</name>
      </input_file>
      <input_file id="fl-e2">
         <path>/home/trac/ti/ccsv7/tools/compiler/ti-cgt-arm_16.9.4.LTS/lib/</path>
         <kind>archive</kind>
         <file>rtsv7M4_T_le_v4SPD16_eabi_eh.lib</file>
         <name>fd_mul_t2.obj</name>
      </input_file>
      <input_file id="fl-e3">
         <path>/home/trac/ti/ccsv7/tools/compiler/ti-cgt-arm_16.9.4.LTS/lib/</path>
         <kind>archive</kind>
         <file>rtsv7M4_T_le_v4SPD16_eabi_eh.lib</file>
         <name>fd_toi_t2.obj</name>
      </input_file>
      <input_file id="fl-e4">
         <path>/home/trac/ti/ccsv7/tools/compiler/ti-cgt-arm_16.9.4.LTS/lib/</path>
         <kind>archive</kind>
         <file>rtsv7M4_T_le_v4SPD16_eabi_eh.lib</file>
         <name>fd_tos_t2.obj</name>
      </input_file>
      <input_file id="fl-e5">
         <path>/home/trac/ti/ccsv7/tools/compiler/ti-cgt-arm_16.9.4.LTS/lib/</path>
         <kind>archive</kind>
         <file>rtsv7M4_T_le_v4SPD16_eabi_eh.lib</file>
         <name>fs_tod_t2.obj</name>
      </input_file>
      <input_file id="fl-e6">
         <path>/home/trac/ti/ccsv7/tools/compiler/ti-cgt-arm_16.9.4.LTS/lib/</path>
         <kind>archive</kind>
         <file>rtsv7M4_T_le_v4SPD16_eabi_eh.lib</file>
         <name>i_tofd_t2.obj</name>
      </input_file>
      <input_file id="fl-e7">
         <path>/home/trac/ti/ccsv7/tools/compiler/ti-cgt-arm_16.9.4.LTS/lib/</path>
         <kind>archive</kind>
         <file>rtsv7M4_T_le_v4SPD16_eabi_eh.lib</file>
         <name>memcpy_t2.obj</name>
      </input_file>
      <input_file id="fl-e8">
         <path>/home/trac/ti/ccsv7/tools/compiler/ti-cgt-arm_16.9.4.LTS/lib/</path>
         <kind>archive</kind>
         <file>rtsv7M4_T_le_v4SPD16_eabi_eh.lib</file>
         <name>memory.obj</name>
      </input_file>
      <input_file id="fl-e9">
         <path>/home/trac/ti/ccsv7/tools/compiler/ti-cgt-arm_16.9.4.LTS/lib/</path>
         <kind>archive</kind>
         <file>rtsv7M4_T_le_v4SPD16_eabi_eh.lib</file>
         <name>memset_t2.obj</name>
      </input_file>
      <input_file id="fl-ea">
         <path>/home/trac/ti/ccsv7/tools/compiler/ti-cgt-arm_16.9.4.LTS/lib/</path>
         <kind>archive</kind>
         <file>rtsv7M4_T_le_v4SPD16_eabi_eh.lib</file>
         <name>mpu_init.obj</name>
      </input_file>
      <input_file id="fl-eb">
         <path>/home/trac/ti/ccsv7/tools/compiler/ti-cgt-arm_16.9.4.LTS/lib/</path>
         <kind>archive</kind>
         <file>rtsv7M4_T_le_v4SPD16_eabi_eh.lib</file>
         <name>new_.obj</name>
      </input_file>
      <input_file id="fl-ec">
         <path>/home/trac/ti/ccsv7/tools/compiler/ti-cgt-arm_16.9.4.LTS/lib/</path>
         <kind>archive</kind>
         <file>rtsv7M4_T_le_v4SPD16_eabi_eh.lib</file>
         <name>newhandler.obj</name>
      </input_file>
      <input_file id="fl-ed">
         <path>/home/trac/ti/ccsv7/tools/compiler/ti-cgt-arm_16.9.4.LTS/lib/</path>
         <kind>archive</kind>
         <file>rtsv7M4_T_le_v4SPD16_eabi_eh.lib</file>
         <name>pre_init.obj</name>
      </input_file>
      <input_file id="fl-ee">
         <path>/home/trac/ti/ccsv7/tools/compiler/ti-cgt-arm_16.9.4.LTS/lib/</path>
         <kind>archive</kind>
         <file>rtsv7M4_T_le_v4SPD16_eabi_eh.lib</file>
         <name>s_atan.obj</name>
      </input_file>
      <input_file id="fl-ef">
         <path>/home/trac/ti/ccsv7/tools/compiler/ti-cgt-arm_16.9.4.LTS/lib/</path>
         <kind>archive</kind>
         <file>rtsv7M4_T_le_v4SPD16_eabi_eh.lib</file>
         <name>s_cos.obj</name>
      </input_file>
      <input_file id="fl-f0">
         <path>/home/trac/ti/ccsv7/tools/compiler/ti-cgt-arm_16.9.4.LTS/lib/</path>
         <kind>archive</kind>
         <file>rtsv7M4_T_le_v4SPD16_eabi_eh.lib</file>
         <name>s_sin.obj</name>
      </input_file>
      <input_file id="fl-f1">
         <path>/home/trac/ti/ccsv7/tools/compiler/ti-cgt-arm_16.9.4.LTS/lib/</path>
         <kind>archive</kind>
         <file>rtsv7M4_T_le_v4SPD16_eabi_eh.lib</file>
         <name>sprintf.obj</name>
      </input_file>
      <input_file id="fl-f2">
         <path>/home/trac/ti/ccsv7/tools/compiler/ti-cgt-arm_16.9.4.LTS/lib/</path>
         <kind>archive</kind>
         <file>rtsv7M4_T_le_v4SPD16_eabi_eh.lib</file>
         <name>stkdepth_vars.obj</name>
      </input_file>
      <input_file id="fl-f3">
         <path>/home/trac/ti/ccsv7/tools/compiler/ti-cgt-arm_16.9.4.LTS/lib/</path>
         <kind>archive</kind>
         <file>rtsv7M4_T_le_v4SPD16_eabi_eh.lib</file>
         <name>tdeh_cpp_abi.obj</name>
      </input_file>
      <input_file id="fl-f4">
         <path>/home/trac/ti/ccsv7/tools/compiler/ti-cgt-arm_16.9.4.LTS/lib/</path>
         <kind>archive</kind>
         <file>rtsv7M4_T_le_v4SPD16_eabi_eh.lib</file>
         <name>tdeh_pr_arm.obj</name>
      </input_file>
      <input_file id="fl-f5">
         <path>/home/trac/ti/ccsv7/tools/compiler/ti-cgt-arm_16.9.4.LTS/lib/</path>
         <kind>archive</kind>
         <file>rtsv7M4_T_le_v4SPD16_eabi_eh.lib</file>
         <name>tdeh_pr_common.obj</name>
      </input_file>
      <input_file id="fl-f6">
         <path>/home/trac/ti/ccsv7/tools/compiler/ti-cgt-arm_16.9.4.LTS/lib/</path>
         <kind>archive</kind>
         <file>rtsv7M4_T_le_v4SPD16_eabi_eh.lib</file>
         <name>tdeh_unwinder.obj</name>
      </input_file>
      <input_file id="fl-f7">
         <path>/home/trac/ti/ccsv7/tools/compiler/ti-cgt-arm_16.9.4.LTS/lib/</path>
         <kind>archive</kind>
         <file>rtsv7M4_T_le_v4SPD16_eabi_eh.lib</file>
         <name>tdeh_uwentry_t2.obj</name>
      </input_file>
      <input_file id="fl-f8">
         <path>/home/trac/ti/ccsv7/tools/compiler/ti-cgt-arm_16.9.4.LTS/lib/</path>
         <kind>archive</kind>
         <file>rtsv7M4_T_le_v4SPD16_eabi_eh.lib</file>
         <name>typeinfo_.obj</name>
      </input_file>
      <input_file id="fl-f9">
         <path>/home/trac/ti/ccsv7/tools/compiler/ti-cgt-arm_16.9.4.LTS/lib/</path>
         <kind>archive</kind>
         <file>rtsv7M4_T_le_v4SPD16_eabi_eh.lib</file>
         <name>u_divt2.obj</name>
      </input_file>
      <input_file id="fl-fa">
         <path>/home/trac/ti/ccsv7/tools/compiler/ti-cgt-arm_16.9.4.LTS/lib/</path>
         <kind>archive</kind>
         <file>rtsv7M4_T_le_v4SPD16_eabi_eh.lib</file>
         <name>vars.obj</name>
      </input_file>
      <input_file id="fl-fb">
         <path>/home/trac/ti/ccsv7/tools/compiler/ti-cgt-arm_16.9.4.LTS/lib/</path>
         <kind>archive</kind>
         <file>rtsv7M4_T_le_v4SPD16_eabi_eh.lib</file>
         <name>_lock.obj</name>
      </input_file>
      <input_file id="fl-fc">
         <path>/home/trac/ti/ccsv7/tools/compiler/ti-cgt-arm_16.9.4.LTS/lib/</path>
         <kind>archive</kind>
         <file>rtsv7M4_T_le_v4SPD16_eabi_eh.lib</file>
         <name>_printfi.obj</name>
      </input_file>
      <input_file id="fl-fd">
         <path>/home/trac/ti/ccsv7/tools/compiler/ti-cgt-arm_16.9.4.LTS/lib/</path>
         <kind>archive</kind>
         <file>rtsv7M4_T_le_v4SPD16_eabi_eh.lib</file>
         <name>args_main.obj</name>
      </input_file>
      <input_file id="fl-fe">
         <path>/home/trac/ti/ccsv7/tools/compiler/ti-cgt-arm_16.9.4.LTS/lib/</path>
         <kind>archive</kind>
         <file>rtsv7M4_T_le_v4SPD16_eabi_eh.lib</file>
         <name>atoi.obj</name>
      </input_file>
      <input_file id="fl-ff">
         <path>/home/trac/ti/ccsv7/tools/compiler/ti-cgt-arm_16.9.4.LTS/lib/</path>
         <kind>archive</kind>
         <file>rtsv7M4_T_le_v4SPD16_eabi_eh.lib</file>
         <name>autoinit.obj</name>
      </input_file>
      <input_file id="fl-100">
         <path>/home/trac/ti/ccsv7/tools/compiler/ti-cgt-arm_16.9.4.LTS/lib/</path>
         <kind>archive</kind>
         <file>rtsv7M4_T_le_v4SPD16_eabi_eh.lib</file>
         <name>bad_alloc.obj</name>
      </input_file>
      <input_file id="fl-101">
         <path>/home/trac/ti/ccsv7/tools/compiler/ti-cgt-arm_16.9.4.LTS/lib/</path>
         <kind>archive</kind>
         <file>rtsv7M4_T_le_v4SPD16_eabi_eh.lib</file>
         <name>bsearch.obj</name>
      </input_file>
      <input_file id="fl-102">
         <path>/home/trac/ti/ccsv7/tools/compiler/ti-cgt-arm_16.9.4.LTS/lib/</path>
         <kind>archive</kind>
         <file>rtsv7M4_T_le_v4SPD16_eabi_eh.lib</file>
         <name>cpy_tbl.obj</name>
      </input_file>
      <input_file id="fl-103">
         <path>/home/trac/ti/ccsv7/tools/compiler/ti-cgt-arm_16.9.4.LTS/lib/</path>
         <kind>archive</kind>
         <file>rtsv7M4_T_le_v4SPD16_eabi_eh.lib</file>
         <name>ctype.obj</name>
      </input_file>
      <input_file id="fl-104">
         <path>/home/trac/ti/ccsv7/tools/compiler/ti-cgt-arm_16.9.4.LTS/lib/</path>
         <kind>archive</kind>
         <file>rtsv7M4_T_le_v4SPD16_eabi_eh.lib</file>
         <name>error.obj</name>
      </input_file>
      <input_file id="fl-105">
         <path>/home/trac/ti/ccsv7/tools/compiler/ti-cgt-arm_16.9.4.LTS/lib/</path>
         <kind>archive</kind>
         <file>rtsv7M4_T_le_v4SPD16_eabi_eh.lib</file>
         <name>exception_.obj</name>
      </input_file>
      <input_file id="fl-106">
         <path>/home/trac/ti/ccsv7/tools/compiler/ti-cgt-arm_16.9.4.LTS/lib/</path>
         <kind>archive</kind>
         <file>rtsv7M4_T_le_v4SPD16_eabi_eh.lib</file>
         <name>i_div0.obj</name>
      </input_file>
      <input_file id="fl-107">
         <path>/home/trac/ti/ccsv7/tools/compiler/ti-cgt-arm_16.9.4.LTS/lib/</path>
         <kind>archive</kind>
         <file>rtsv7M4_T_le_v4SPD16_eabi_eh.lib</file>
         <name>k_cos.obj</name>
      </input_file>
      <input_file id="fl-108">
         <path>/home/trac/ti/ccsv7/tools/compiler/ti-cgt-arm_16.9.4.LTS/lib/</path>
         <kind>archive</kind>
         <file>rtsv7M4_T_le_v4SPD16_eabi_eh.lib</file>
         <name>k_rem_pio2.obj</name>
      </input_file>
      <input_file id="fl-109">
         <path>/home/trac/ti/ccsv7/tools/compiler/ti-cgt-arm_16.9.4.LTS/lib/</path>
         <kind>archive</kind>
         <file>rtsv7M4_T_le_v4SPD16_eabi_eh.lib</file>
         <name>k_sin.obj</name>
      </input_file>
      <input_file id="fl-10a">
         <path>/home/trac/ti/ccsv7/tools/compiler/ti-cgt-arm_16.9.4.LTS/lib/</path>
         <kind>archive</kind>
         <file>rtsv7M4_T_le_v4SPD16_eabi_eh.lib</file>
         <name>ltoa.obj</name>
      </input_file>
      <input_file id="fl-10b">
         <path>/home/trac/ti/ccsv7/tools/compiler/ti-cgt-arm_16.9.4.LTS/lib/</path>
         <kind>archive</kind>
         <file>rtsv7M4_T_le_v4SPD16_eabi_eh.lib</file>
         <name>memccpy.obj</name>
      </input_file>
      <input_file id="fl-10c">
         <path>/home/trac/ti/ccsv7/tools/compiler/ti-cgt-arm_16.9.4.LTS/lib/</path>
         <kind>archive</kind>
         <file>rtsv7M4_T_le_v4SPD16_eabi_eh.lib</file>
         <name>rtti.obj</name>
      </input_file>
      <input_file id="fl-10d">
         <path>/home/trac/ti/ccsv7/tools/compiler/ti-cgt-arm_16.9.4.LTS/lib/</path>
         <kind>archive</kind>
         <file>rtsv7M4_T_le_v4SPD16_eabi_eh.lib</file>
         <name>s_floor.obj</name>
      </input_file>
      <input_file id="fl-10e">
         <path>/home/trac/ti/ccsv7/tools/compiler/ti-cgt-arm_16.9.4.LTS/lib/</path>
         <kind>archive</kind>
         <file>rtsv7M4_T_le_v4SPD16_eabi_eh.lib</file>
         <name>s_frexp.obj</name>
      </input_file>
      <input_file id="fl-10f">
         <path>/home/trac/ti/ccsv7/tools/compiler/ti-cgt-arm_16.9.4.LTS/lib/</path>
         <kind>archive</kind>
         <file>rtsv7M4_T_le_v4SPD16_eabi_eh.lib</file>
         <name>s_scalbn.obj</name>
      </input_file>
      <input_file id="fl-110">
         <path>/home/trac/ti/ccsv7/tools/compiler/ti-cgt-arm_16.9.4.LTS/lib/</path>
         <kind>archive</kind>
         <file>rtsv7M4_T_le_v4SPD16_eabi_eh.lib</file>
         <name>startup.obj</name>
      </input_file>
      <input_file id="fl-111">
         <path>/home/trac/ti/ccsv7/tools/compiler/ti-cgt-arm_16.9.4.LTS/lib/</path>
         <kind>archive</kind>
         <file>rtsv7M4_T_le_v4SPD16_eabi_eh.lib</file>
         <name>strchr.obj</name>
      </input_file>
      <input_file id="fl-112">
         <path>/home/trac/ti/ccsv7/tools/compiler/ti-cgt-arm_16.9.4.LTS/lib/</path>
         <kind>archive</kind>
         <file>rtsv7M4_T_le_v4SPD16_eabi_eh.lib</file>
         <name>strlen.obj</name>
      </input_file>
      <input_file id="fl-113">
         <path>/home/trac/ti/ccsv7/tools/compiler/ti-cgt-arm_16.9.4.LTS/lib/</path>
         <kind>archive</kind>
         <file>rtsv7M4_T_le_v4SPD16_eabi_eh.lib</file>
         <name>tdeh_init.obj</name>
      </input_file>
      <input_file id="fl-114">
         <path>/home/trac/ti/ccsv7/tools/compiler/ti-cgt-arm_16.9.4.LTS/lib/</path>
         <kind>archive</kind>
         <file>rtsv7M4_T_le_v4SPD16_eabi_eh.lib</file>
         <name>ull_div_t2.obj</name>
      </input_file>
      <input_file id="fl-115">
         <path>/home/trac/ti/ccsv7/tools/compiler/ti-cgt-arm_16.9.4.LTS/lib/</path>
         <kind>archive</kind>
         <file>rtsv7M4_T_le_v4SPD16_eabi_eh.lib</file>
         <name>s_copysign.obj</name>
      </input_file>
   </input_file_list>
   <object_component_list>
      <object_component id="oc-71">
         <name>.text</name>
         <load_address>0x0</load_address>
         <run_address>0x0</run_address>
         <size>0x1010</size>
         <input_file_ref idref="fl-13"/>
      </object_component>
      <object_component id="oc-ca">
         <name>.text</name>
         <load_address>0x1010</load_address>
         <run_address>0x1010</run_address>
         <size>0x8a8</size>
         <input_file_ref idref="fl-e"/>
      </object_component>
      <object_component id="oc-1a5">
         <name>.text</name>
         <load_address>0x18b8</load_address>
         <run_address>0x18b8</run_address>
         <size>0x7cc</size>
         <input_file_ref idref="fl-b"/>
      </object_component>
      <object_component id="oc-238">
         <name>.text</name>
         <load_address>0x2084</load_address>
         <run_address>0x2084</run_address>
         <size>0x608</size>
         <input_file_ref idref="fl-10c"/>
      </object_component>
      <object_component id="oc-12a">
         <name>.text</name>
         <load_address>0x268c</load_address>
         <run_address>0x268c</run_address>
         <size>0x51c</size>
         <input_file_ref idref="fl-f3"/>
      </object_component>
      <object_component id="oc-e8">
         <name>.text</name>
         <load_address>0x2ba8</load_address>
         <run_address>0x2ba8</run_address>
         <size>0x4b0</size>
         <input_file_ref idref="fl-10"/>
      </object_component>
      <object_component id="oc-111">
         <name>.text</name>
         <load_address>0x3058</load_address>
         <run_address>0x3058</run_address>
         <size>0x3d8</size>
         <input_file_ref idref="fl-f4"/>
      </object_component>
      <object_component id="oc-17f">
         <name>.text</name>
         <load_address>0x3430</load_address>
         <run_address>0x3430</run_address>
         <size>0x3d0</size>
         <input_file_ref idref="fl-e8"/>
      </object_component>
      <object_component id="oc-de">
         <name>.text</name>
         <load_address>0x3800</load_address>
         <run_address>0x3800</run_address>
         <size>0x2e8</size>
         <input_file_ref idref="fl-a"/>
      </object_component>
      <object_component id="oc-212">
         <name>.text</name>
         <load_address>0x3ae8</load_address>
         <run_address>0x3ae8</run_address>
         <size>0x256</size>
         <input_file_ref idref="fl-f5"/>
      </object_component>
      <object_component id="oc-4f">
         <name>.text</name>
         <load_address>0x3d3e</load_address>
         <run_address>0x3d3e</run_address>
         <size>0x2</size>
         <input_file_ref idref="fl-ea"/>
      </object_component>
      <object_component id="oc-151">
         <name>.text</name>
         <load_address>0x3d40</load_address>
         <run_address>0x3d40</run_address>
         <size>0x1d4</size>
         <input_file_ref idref="fl-7"/>
      </object_component>
      <object_component id="oc-367">
         <name>.text</name>
         <load_address>0x3f14</load_address>
         <run_address>0x3f14</run_address>
         <size>0x1b6</size>
         <input_file_ref idref="fl-df"/>
      </object_component>
      <object_component id="oc-9a">
         <name>.text</name>
         <load_address>0x40ca</load_address>
         <run_address>0x40ca</run_address>
         <size>0x2</size>
         <input_file_ref idref="fl-110"/>
      </object_component>
      <object_component id="oc-14b">
         <name>.text</name>
         <load_address>0x40cc</load_address>
         <run_address>0x40cc</run_address>
         <size>0x18c</size>
         <input_file_ref idref="fl-5"/>
      </object_component>
      <object_component id="oc-1f9">
         <name>.text</name>
         <load_address>0x4258</load_address>
         <run_address>0x4258</run_address>
         <size>0x158</size>
         <input_file_ref idref="fl-f6"/>
      </object_component>
      <object_component id="oc-231">
         <name>.text</name>
         <load_address>0x43b0</load_address>
         <run_address>0x43b0</run_address>
         <size>0x144</size>
         <input_file_ref idref="fl-f8"/>
      </object_component>
      <object_component id="oc-362">
         <name>.text</name>
         <load_address>0x44f4</load_address>
         <run_address>0x44f4</run_address>
         <size>0x136</size>
         <input_file_ref idref="fl-e1"/>
      </object_component>
      <object_component id="oc-454">
         <name>.text:GPIOPadConfigSet</name>
         <load_address>0x462a</load_address>
         <run_address>0x462a</run_address>
         <size>0x132</size>
         <input_file_ref idref="fl-18"/>
      </object_component>
      <object_component id="oc-13e">
         <name>.text:SysCtlClockGet</name>
         <load_address>0x475c</load_address>
         <run_address>0x475c</run_address>
         <size>0x110</size>
         <input_file_ref idref="fl-1b"/>
      </object_component>
      <object_component id="oc-371">
         <name>.text</name>
         <load_address>0x486c</load_address>
         <run_address>0x486c</run_address>
         <size>0xfc</size>
         <input_file_ref idref="fl-e2"/>
      </object_component>
      <object_component id="oc-d7">
         <name>.text</name>
         <load_address>0x4968</load_address>
         <run_address>0x4968</run_address>
         <size>0xf6</size>
         <input_file_ref idref="fl-c"/>
      </object_component>
      <object_component id="oc-145">
         <name>.text:SysCtlClockSet</name>
         <load_address>0x4a60</load_address>
         <run_address>0x4a60</run_address>
         <size>0xf4</size>
         <input_file_ref idref="fl-1b"/>
      </object_component>
      <object_component id="oc-d1">
         <name>.text</name>
         <load_address>0x4b54</load_address>
         <run_address>0x4b54</run_address>
         <size>0xe0</size>
         <input_file_ref idref="fl-12"/>
      </object_component>
      <object_component id="oc-ef">
         <name>.text</name>
         <load_address>0x4c34</load_address>
         <run_address>0x4c34</run_address>
         <size>0xba</size>
         <input_file_ref idref="fl-11"/>
      </object_component>
      <object_component id="oc-37">
         <name>.text</name>
         <load_address>0x4cee</load_address>
         <run_address>0x4cee</run_address>
         <size>0x9c</size>
         <input_file_ref idref="fl-e7"/>
      </object_component>
      <object_component id="oc-f6">
         <name>.text</name>
         <load_address>0x4d8a</load_address>
         <run_address>0x4d8a</run_address>
         <size>0x96</size>
         <input_file_ref idref="fl-f"/>
      </object_component>
      <object_component id="oc-1b1">
         <name>.text:__aeabi_cdcmple</name>
         <load_address>0x4e20</load_address>
         <run_address>0x4e20</run_address>
         <size>0x86</size>
         <input_file_ref idref="fl-e0"/>
      </object_component>
      <object_component id="oc-43">
         <name>.text</name>
         <load_address>0x4ea6</load_address>
         <run_address>0x4ea6</run_address>
         <size>0x7a</size>
         <input_file_ref idref="fl-e9"/>
      </object_component>
      <object_component id="oc-a9">
         <name>.text</name>
         <load_address>0x4f20</load_address>
         <run_address>0x4f20</run_address>
         <size>0x74</size>
         <input_file_ref idref="fl-2"/>
      </object_component>
      <object_component id="oc-5b">
         <name>.text</name>
         <load_address>0x4f94</load_address>
         <run_address>0x4f94</run_address>
         <size>0x74</size>
         <input_file_ref idref="fl-ff"/>
      </object_component>
      <object_component id="oc-36c">
         <name>.text</name>
         <load_address>0x5008</load_address>
         <run_address>0x5008</run_address>
         <size>0x6e</size>
         <input_file_ref idref="fl-e4"/>
      </object_component>
      <object_component id="oc-104">
         <name>.text</name>
         <load_address>0x5076</load_address>
         <run_address>0x5076</run_address>
         <size>0x6c</size>
         <input_file_ref idref="fl-f7"/>
      </object_component>
      <object_component id="oc-2fb">
         <name>.text:IntEnable</name>
         <load_address>0x50e4</load_address>
         <run_address>0x50e4</run_address>
         <size>0x68</size>
         <input_file_ref idref="fl-19"/>
      </object_component>
      <object_component id="oc-f">
         <name>.text:decompress:lzss</name>
         <load_address>0x514c</load_address>
         <run_address>0x514c</run_address>
         <size>0x68</size>
         <input_file_ref idref="fl-d6"/>
      </object_component>
      <object_component id="oc-c3">
         <name>.text</name>
         <load_address>0x51b4</load_address>
         <run_address>0x51b4</run_address>
         <size>0x60</size>
         <input_file_ref idref="fl-d"/>
      </object_component>
      <object_component id="oc-21">
         <name>.text</name>
         <load_address>0x5214</load_address>
         <run_address>0x5214</run_address>
         <size>0x54</size>
         <input_file_ref idref="fl-d5"/>
      </object_component>
      <object_component id="oc-67">
         <name>.text</name>
         <load_address>0x5268</load_address>
         <run_address>0x5268</run_address>
         <size>0x54</size>
         <input_file_ref idref="fl-de"/>
      </object_component>
      <object_component id="oc-25d">
         <name>.text</name>
         <load_address>0x52bc</load_address>
         <run_address>0x52bc</run_address>
         <size>0x50</size>
         <input_file_ref idref="fl-105"/>
      </object_component>
      <object_component id="oc-94">
         <name>.text</name>
         <load_address>0x530c</load_address>
         <run_address>0x530c</run_address>
         <size>0x4c</size>
         <input_file_ref idref="fl-102"/>
      </object_component>
      <object_component id="oc-2a1">
         <name>.text:GPIOPinConfigure</name>
         <load_address>0x5358</load_address>
         <run_address>0x5358</run_address>
         <size>0x48</size>
         <input_file_ref idref="fl-18"/>
      </object_component>
      <object_component id="oc-34f">
         <name>.text</name>
         <load_address>0x53a0</load_address>
         <run_address>0x53a0</run_address>
         <size>0x48</size>
         <input_file_ref idref="fl-100"/>
      </object_component>
      <object_component id="oc-2ef">
         <name>.text:UARTConfigSetExpClk</name>
         <load_address>0x53e8</load_address>
         <run_address>0x53e8</run_address>
         <size>0x46</size>
         <input_file_ref idref="fl-1d"/>
      </object_component>
      <object_component id="oc-38b">
         <name>.text</name>
         <load_address>0x542e</load_address>
         <run_address>0x542e</run_address>
         <size>0x44</size>
         <input_file_ref idref="fl-101"/>
      </object_component>
      <object_component id="oc-47b">
         <name>.text:_UARTIntNumberGet</name>
         <load_address>0x5474</load_address>
         <run_address>0x5474</run_address>
         <size>0x40</size>
         <input_file_ref idref="fl-1d"/>
      </object_component>
      <object_component id="oc-1ac">
         <name>.text</name>
         <load_address>0x54b4</load_address>
         <run_address>0x54b4</run_address>
         <size>0x38</size>
         <input_file_ref idref="fl-e5"/>
      </object_component>
      <object_component id="oc-481">
         <name>.text:IntRegister</name>
         <load_address>0x54ec</load_address>
         <run_address>0x54ec</run_address>
         <size>0x34</size>
         <input_file_ref idref="fl-19"/>
      </object_component>
      <object_component id="oc-295">
         <name>.text:SysCtlPeripheralEnable</name>
         <load_address>0x5520</load_address>
         <run_address>0x5520</run_address>
         <size>0x34</size>
         <input_file_ref idref="fl-1b"/>
      </object_component>
      <object_component id="oc-bc">
         <name>.text</name>
         <load_address>0x5554</load_address>
         <run_address>0x5554</run_address>
         <size>0x2c</size>
         <input_file_ref idref="fl-eb"/>
      </object_component>
      <object_component id="oc-44e">
         <name>.text:GPIODirModeSet</name>
         <load_address>0x5580</load_address>
         <run_address>0x5580</run_address>
         <size>0x2a</size>
         <input_file_ref idref="fl-18"/>
      </object_component>
      <object_component id="oc-2a7">
         <name>.text:PWMGenConfigure</name>
         <load_address>0x55aa</load_address>
         <run_address>0x55aa</run_address>
         <size>0x22</size>
         <input_file_ref idref="fl-1a"/>
      </object_component>
      <object_component id="oc-46e">
         <name>.text:UARTDisable</name>
         <load_address>0x55cc</load_address>
         <run_address>0x55cc</run_address>
         <size>0x20</size>
         <input_file_ref idref="fl-1d"/>
      </object_component>
      <object_component id="oc-185">
         <name>.text</name>
         <load_address>0x55ec</load_address>
         <run_address>0x55ec</run_address>
         <size>0x20</size>
         <input_file_ref idref="fl-ec"/>
      </object_component>
      <object_component id="oc-2b3">
         <name>.text:PWMPulseWidthSet</name>
         <load_address>0x560c</load_address>
         <run_address>0x560c</run_address>
         <size>0x1e</size>
         <input_file_ref idref="fl-1a"/>
      </object_component>
      <object_component id="oc-2f5">
         <name>.text:UARTIntRegister</name>
         <load_address>0x562a</load_address>
         <run_address>0x562a</run_address>
         <size>0x18</size>
         <input_file_ref idref="fl-1d"/>
      </object_component>
      <object_component id="oc-61">
         <name>.text</name>
         <load_address>0x5644</load_address>
         <run_address>0x5644</run_address>
         <size>0x18</size>
         <input_file_ref idref="fl-fd"/>
      </object_component>
      <object_component id="oc-28f">
         <name>.text:SysCtlPWMClockSet</name>
         <load_address>0x565c</load_address>
         <run_address>0x565c</run_address>
         <size>0x14</size>
         <input_file_ref idref="fl-1b"/>
      </object_component>
      <object_component id="oc-474">
         <name>.text:UARTEnable</name>
         <load_address>0x5670</load_address>
         <run_address>0x5670</run_address>
         <size>0x14</size>
         <input_file_ref idref="fl-1d"/>
      </object_component>
      <object_component id="oc-173">
         <name>.text</name>
         <load_address>0x5684</load_address>
         <run_address>0x5684</run_address>
         <size>0x14</size>
         <input_file_ref idref="fl-fb"/>
      </object_component>
      <object_component id="oc-29b">
         <name>.text:GPIOPinTypePWM</name>
         <load_address>0x5698</load_address>
         <run_address>0x5698</run_address>
         <size>0x12</size>
         <input_file_ref idref="fl-18"/>
      </object_component>
      <object_component id="oc-2e3">
         <name>.text:GPIOPinTypeUART</name>
         <load_address>0x56aa</load_address>
         <run_address>0x56aa</run_address>
         <size>0x12</size>
         <input_file_ref idref="fl-18"/>
      </object_component>
      <object_component id="oc-2b9">
         <name>.text:PWMOutputState</name>
         <load_address>0x56bc</load_address>
         <run_address>0x56bc</run_address>
         <size>0x12</size>
         <input_file_ref idref="fl-1a"/>
      </object_component>
      <object_component id="oc-15d">
         <name>.text:IntMasterEnable</name>
         <load_address>0x56ce</load_address>
         <run_address>0x56ce</run_address>
         <size>0x10</size>
         <input_file_ref idref="fl-19"/>
      </object_component>
      <object_component id="oc-2ad">
         <name>.text:PWMGenPeriodSet</name>
         <load_address>0x56de</load_address>
         <run_address>0x56de</run_address>
         <size>0x10</size>
         <input_file_ref idref="fl-1a"/>
      </object_component>
      <object_component id="oc-2d1">
         <name>.text:UARTCharsAvail</name>
         <load_address>0x56ee</load_address>
         <run_address>0x56ee</run_address>
         <size>0xe</size>
         <input_file_ref idref="fl-1d"/>
      </object_component>
      <object_component id="oc-15">
         <name>.text:decompress:none</name>
         <load_address>0x56fc</load_address>
         <run_address>0x56fc</run_address>
         <size>0xe</size>
         <input_file_ref idref="fl-d7"/>
      </object_component>
      <object_component id="oc-31f">
         <name>.text:CPUcpsie</name>
         <load_address>0x570a</load_address>
         <run_address>0x570a</run_address>
         <size>0xc</size>
         <input_file_ref idref="fl-1e"/>
      </object_component>
      <object_component id="oc-2bf">
         <name>.text:PWMGenEnable</name>
         <load_address>0x5716</load_address>
         <run_address>0x5716</run_address>
         <size>0xc</size>
         <input_file_ref idref="fl-1a"/>
      </object_component>
      <object_component id="oc-1b">
         <name>.text:decompress:ZI</name>
         <load_address>0x5722</load_address>
         <run_address>0x5722</run_address>
         <size>0xc</size>
         <input_file_ref idref="fl-d8"/>
      </object_component>
      <object_component id="oc-2cb">
         <name>.text:UARTCharGet</name>
         <load_address>0x572e</load_address>
         <run_address>0x572e</run_address>
         <size>0xa</size>
         <input_file_ref idref="fl-1d"/>
      </object_component>
      <object_component id="oc-157">
         <name>.text:UARTCharPut</name>
         <load_address>0x5738</load_address>
         <run_address>0x5738</run_address>
         <size>0xa</size>
         <input_file_ref idref="fl-1d"/>
      </object_component>
      <object_component id="oc-2d7">
         <name>.text:UARTIntStatus</name>
         <load_address>0x5742</load_address>
         <run_address>0x5742</run_address>
         <size>0xa</size>
         <input_file_ref idref="fl-1d"/>
      </object_component>
      <object_component id="oc-fd">
         <name>.text</name>
         <load_address>0x574c</load_address>
         <run_address>0x574c</run_address>
         <size>0xa</size>
         <input_file_ref idref="fl-d9"/>
      </object_component>
      <object_component id="oc-301">
         <name>.text:UARTIntEnable</name>
         <load_address>0x5756</load_address>
         <run_address>0x5756</run_address>
         <size>0x8</size>
         <input_file_ref idref="fl-1d"/>
      </object_component>
      <object_component id="oc-23f">
         <name>.text</name>
         <load_address>0x575e</load_address>
         <run_address>0x575e</run_address>
         <size>0x8</size>
         <input_file_ref idref="fl-104"/>
      </object_component>
      <object_component id="oc-a0">
         <name>.text</name>
         <load_address>0x5766</load_address>
         <run_address>0x5766</run_address>
         <size>0x8</size>
         <input_file_ref idref="fl-113"/>
      </object_component>
      <object_component id="oc-144">
         <name>.text:SysCtlDelay</name>
         <load_address>0x576e</load_address>
         <run_address>0x576e</run_address>
         <size>0x6</size>
         <input_file_ref idref="fl-1b"/>
      </object_component>
      <object_component id="oc-2e9">
         <name>.text:UARTClockSourceSet</name>
         <load_address>0x5774</load_address>
         <run_address>0x5774</run_address>
         <size>0x6</size>
         <input_file_ref idref="fl-1d"/>
      </object_component>
      <object_component id="oc-2dd">
         <name>.text:UARTIntClear</name>
         <load_address>0x577a</load_address>
         <run_address>0x577a</run_address>
         <size>0x4</size>
         <input_file_ref idref="fl-1d"/>
      </object_component>
      <object_component id="oc-55">
         <name>.text</name>
         <load_address>0x577e</load_address>
         <run_address>0x577e</run_address>
         <size>0x4</size>
         <input_file_ref idref="fl-ed"/>
      </object_component>
      <object_component id="oc-45b">
         <name>.const:g_pui32GPIOBaseAddrs</name>
         <load_address>0x5784</load_address>
         <run_address>0x5784</run_address>
         <size>0x90</size>
         <input_file_ref idref="fl-18"/>
      </object_component>
      <object_component id="oc-488">
         <name>.const</name>
         <load_address>0x5814</load_address>
         <run_address>0x5814</run_address>
         <size>0x70</size>
         <input_file_ref idref="fl-19"/>
      </object_component>
      <object_component id="oc-284">
         <name>.const:g_pui32Xtals</name>
         <load_address>0x5884</load_address>
         <run_address>0x5884</run_address>
         <size>0x6c</size>
         <input_file_ref idref="fl-1b"/>
      </object_component>
      <object_component id="oc-51c">
         <name>.const:g_ppui32UARTIntMap</name>
         <load_address>0x58f0</load_address>
         <run_address>0x58f0</run_address>
         <size>0x40</size>
         <input_file_ref idref="fl-1d"/>
      </object_component>
      <object_component id="oc-51f">
         <name>.const:g_ppui32UARTIntMapSnowflake</name>
         <load_address>0x5930</load_address>
         <run_address>0x5930</run_address>
         <size>0x40</size>
         <input_file_ref idref="fl-1d"/>
      </object_component>
      <object_component id="oc-163">
         <name>.const:.string:$P$T0$1</name>
         <load_address>0x5970</load_address>
         <run_address>0x5970</run_address>
         <size>0x32</size>
         <input_file_ref idref="fl-2"/>
      </object_component>
      <object_component id="oc-540">
         <name>.const:.typeinfo:_ZTSN10__cxxabiv123__fundamental_type_infoE</name>
         <load_address>0x59a2</load_address>
         <run_address>0x59a2</run_address>
         <size>0x28</size>
         <input_file_ref idref="fl-f8"/>
      </object_component>
      <object_component id="oc-40a">
         <name>.const:.typeinfo:_ZTSN10__cxxabiv121__vmi_class_type_infoE</name>
         <load_address>0x59ca</load_address>
         <run_address>0x59ca</run_address>
         <size>0x26</size>
         <input_file_ref idref="fl-f8"/>
      </object_component>
      <object_component id="oc-400">
         <name>.const:.typeinfo:_ZTSN10__cxxabiv120__si_class_type_infoE</name>
         <load_address>0x59f0</load_address>
         <run_address>0x59f0</run_address>
         <size>0x25</size>
         <input_file_ref idref="fl-f8"/>
      </object_component>
      <object_component id="oc-3ec">
         <name>.const:.typeinfo:_ZTSN10__cxxabiv119__pointer_type_infoE</name>
         <load_address>0x5a15</load_address>
         <run_address>0x5a15</run_address>
         <size>0x24</size>
         <input_file_ref idref="fl-f8"/>
      </object_component>
      <object_component id="oc-501">
         <name>.const:.typeinfo:_ZTSN10__cxxabiv117__class_type_infoE</name>
         <load_address>0x5a39</load_address>
         <run_address>0x5a39</run_address>
         <size>0x22</size>
         <input_file_ref idref="fl-f8"/>
      </object_component>
      <object_component id="oc-4f2">
         <name>.const:.typeinfo:_ZTSN10__cxxabiv117__pbase_type_infoE</name>
         <load_address>0x5a5b</load_address>
         <run_address>0x5a5b</run_address>
         <size>0x22</size>
         <input_file_ref idref="fl-f8"/>
      </object_component>
      <object_component id="oc-536">
         <name>.const:.typeinfo:_ZTSe</name>
         <load_address>0x5a7d</load_address>
         <run_address>0x5a7d</run_address>
         <size>0x2</size>
         <input_file_ref idref="fl-f8"/>
      </object_component>
      <object_component id="oc-3af">
         <name>.const:_ZTVSt10bad_typeid</name>
         <load_address>0x5a80</load_address>
         <run_address>0x5a80</run_address>
         <size>0x14</size>
         <input_file_ref idref="fl-f8"/>
      </object_component>
      <object_component id="oc-416">
         <name>.const:_ZTVSt13bad_exception</name>
         <load_address>0x5a94</load_address>
         <run_address>0x5a94</run_address>
         <size>0x14</size>
         <input_file_ref idref="fl-105"/>
      </object_component>
      <object_component id="oc-3aa">
         <name>.const:_ZTVSt8bad_cast</name>
         <load_address>0x5aa8</load_address>
         <run_address>0x5aa8</run_address>
         <size>0x14</size>
         <input_file_ref idref="fl-f8"/>
      </object_component>
      <object_component id="oc-49b">
         <name>.const:_ZTVSt9bad_alloc</name>
         <load_address>0x5abc</load_address>
         <run_address>0x5abc</run_address>
         <size>0x14</size>
         <input_file_ref idref="fl-100"/>
      </object_component>
      <object_component id="oc-411">
         <name>.const:_ZTVSt9exception</name>
         <load_address>0x5ad0</load_address>
         <run_address>0x5ad0</run_address>
         <size>0x14</size>
         <input_file_ref idref="fl-105"/>
      </object_component>
      <object_component id="oc-423">
         <name>.const:.typeinfo:_ZTSSt13bad_exception</name>
         <load_address>0x5ae4</load_address>
         <run_address>0x5ae4</run_address>
         <size>0x12</size>
         <input_file_ref idref="fl-105"/>
      </object_component>
      <object_component id="oc-3fb">
         <name>.const:.typeinfo:_ZTSv</name>
         <load_address>0x5af6</load_address>
         <run_address>0x5af6</run_address>
         <size>0x2</size>
         <input_file_ref idref="fl-f3"/>
      </object_component>
      <object_component id="oc-3a5">
         <name>.const:.typeinfo:_ZTIPKe</name>
         <load_address>0x5af8</load_address>
         <run_address>0x5af8</run_address>
         <size>0x10</size>
         <input_file_ref idref="fl-f8"/>
      </object_component>
      <object_component id="oc-508">
         <name>.const:_ZTVN10__cxxabiv117__class_type_infoE</name>
         <load_address>0x5b08</load_address>
         <run_address>0x5b08</run_address>
         <size>0x10</size>
         <input_file_ref idref="fl-f8"/>
      </object_component>
      <object_component id="oc-4cd">
         <name>.const:_ZTVN10__cxxabiv119__pointer_type_infoE</name>
         <load_address>0x5b18</load_address>
         <run_address>0x5b18</run_address>
         <size>0x10</size>
         <input_file_ref idref="fl-f8"/>
      </object_component>
      <object_component id="oc-3e7">
         <name>.const:_ZTVN10__cxxabiv120__si_class_type_infoE</name>
         <load_address>0x5b28</load_address>
         <run_address>0x5b28</run_address>
         <size>0x10</size>
         <input_file_ref idref="fl-f8"/>
      </object_component>
      <object_component id="oc-3f6">
         <name>.const:_ZTVN10__cxxabiv123__fundamental_type_infoE</name>
         <load_address>0x5b38</load_address>
         <run_address>0x5b38</run_address>
         <size>0x10</size>
         <input_file_ref idref="fl-f8"/>
      </object_component>
      <object_component id="oc-4dc">
         <name>.const:.typeinfo:_ZTSSt10bad_typeid</name>
         <load_address>0x5b48</load_address>
         <run_address>0x5b48</run_address>
         <size>0xf</size>
         <input_file_ref idref="fl-f8"/>
      </object_component>
      <object_component id="oc-4ab">
         <name>.const:.typeinfo:_ZTSSt9bad_alloc</name>
         <load_address>0x5b57</load_address>
         <run_address>0x5b57</run_address>
         <size>0xd</size>
         <input_file_ref idref="fl-100"/>
      </object_component>
      <object_component id="oc-50d">
         <name>.const:.typeinfo:_ZTSSt9exception</name>
         <load_address>0x5b64</load_address>
         <run_address>0x5b64</run_address>
         <size>0xd</size>
         <input_file_ref idref="fl-105"/>
      </object_component>
      <object_component id="oc-53b">
         <name>.const:.typeinfo:_ZTSSt9type_info</name>
         <load_address>0x5b71</load_address>
         <run_address>0x5b71</run_address>
         <size>0xd</size>
         <input_file_ref idref="fl-f8"/>
      </object_component>
      <object_component id="oc-405">
         <name>.const:.typeinfo:_ZTIN10__cxxabiv117__class_type_infoE</name>
         <load_address>0x5b80</load_address>
         <run_address>0x5b80</run_address>
         <size>0xc</size>
         <input_file_ref idref="fl-f8"/>
      </object_component>
      <object_component id="oc-3f1">
         <name>.const:.typeinfo:_ZTIN10__cxxabiv117__pbase_type_infoE</name>
         <load_address>0x5b8c</load_address>
         <run_address>0x5b8c</run_address>
         <size>0xc</size>
         <input_file_ref idref="fl-f8"/>
      </object_component>
      <object_component id="oc-246">
         <name>.const:.typeinfo:_ZTIN10__cxxabiv119__pointer_type_infoE</name>
         <load_address>0x5b98</load_address>
         <run_address>0x5b98</run_address>
         <size>0xc</size>
         <input_file_ref idref="fl-f8"/>
      </object_component>
      <object_component id="oc-250">
         <name>.const:.typeinfo:_ZTIN10__cxxabiv120__si_class_type_infoE</name>
         <load_address>0x5ba4</load_address>
         <run_address>0x5ba4</run_address>
         <size>0xc</size>
         <input_file_ref idref="fl-f8"/>
      </object_component>
      <object_component id="oc-255">
         <name>.const:.typeinfo:_ZTIN10__cxxabiv121__vmi_class_type_infoE</name>
         <load_address>0x5bb0</load_address>
         <run_address>0x5bb0</run_address>
         <size>0xc</size>
         <input_file_ref idref="fl-f8"/>
      </object_component>
      <object_component id="oc-4fc">
         <name>.const:.typeinfo:_ZTIN10__cxxabiv123__fundamental_type_infoE</name>
         <load_address>0x5bbc</load_address>
         <run_address>0x5bbc</run_address>
         <size>0xc</size>
         <input_file_ref idref="fl-f8"/>
      </object_component>
      <object_component id="oc-3c5">
         <name>.const:.typeinfo:_ZTISt10bad_typeid</name>
         <load_address>0x5bc8</load_address>
         <run_address>0x5bc8</run_address>
         <size>0xc</size>
         <input_file_ref idref="fl-f8"/>
      </object_component>
      <object_component id="oc-263">
         <name>.const:.typeinfo:_ZTISt13bad_exception</name>
         <load_address>0x5bd4</load_address>
         <run_address>0x5bd4</run_address>
         <size>0xc</size>
         <input_file_ref idref="fl-105"/>
      </object_component>
      <object_component id="oc-3ca">
         <name>.const:.typeinfo:_ZTISt8bad_cast</name>
         <load_address>0x5be0</load_address>
         <run_address>0x5be0</run_address>
         <size>0xc</size>
         <input_file_ref idref="fl-f8"/>
      </object_component>
      <object_component id="oc-356">
         <name>.const:.typeinfo:_ZTISt9bad_alloc</name>
         <load_address>0x5bec</load_address>
         <run_address>0x5bec</run_address>
         <size>0xc</size>
         <input_file_ref idref="fl-100"/>
      </object_component>
      <object_component id="oc-4e1">
         <name>.const:.typeinfo:_ZTSSt8bad_cast</name>
         <load_address>0x5bf8</load_address>
         <run_address>0x5bf8</run_address>
         <size>0xc</size>
         <input_file_ref idref="fl-f8"/>
      </object_component>
      <object_component id="oc-428">
         <name>.const:.typeinfo:_ZTISt9exception</name>
         <load_address>0x5c04</load_address>
         <run_address>0x5c04</run_address>
         <size>0x8</size>
         <input_file_ref idref="fl-105"/>
      </object_component>
      <object_component id="oc-4f7">
         <name>.const:.typeinfo:_ZTISt9type_info</name>
         <load_address>0x5c0c</load_address>
         <run_address>0x5c0c</run_address>
         <size>0x8</size>
         <input_file_ref idref="fl-f8"/>
      </object_component>
      <object_component id="oc-4d7">
         <name>.const:.typeinfo:_ZTIe</name>
         <load_address>0x5c14</load_address>
         <run_address>0x5c14</run_address>
         <size>0x8</size>
         <input_file_ref idref="fl-f8"/>
      </object_component>
      <object_component id="oc-24b">
         <name>.const:.typeinfo:_ZTIv</name>
         <load_address>0x5c1c</load_address>
         <run_address>0x5c1c</run_address>
         <size>0x8</size>
         <input_file_ref idref="fl-f3"/>
      </object_component>
      <object_component id="oc-4d2">
         <name>.const:.typeinfo:_ZTSPKe</name>
         <load_address>0x5c24</load_address>
         <run_address>0x5c24</run_address>
         <size>0x4</size>
         <input_file_ref idref="fl-f8"/>
      </object_component>
      <object_component id="oc-5ae">
         <name>.cinit..data.load</name>
         <load_address>0x6048</load_address>
         <run_address>0x6048</run_address>
         <size>0x1a</size>
      </object_component>
      <object_component id="oc-5ab">
         <name>__TI_handler_table</name>
         <load_address>0x6064</load_address>
         <run_address>0x6064</run_address>
         <size>0xc</size>
      </object_component>
      <object_component id="oc-5af">
         <name>.cinit..bss.load</name>
         <load_address>0x6070</load_address>
         <run_address>0x6070</run_address>
         <size>0x8</size>
      </object_component>
      <object_component id="oc-5ad">
         <name>.cinit..vtable.load</name>
         <load_address>0x6078</load_address>
         <run_address>0x6078</run_address>
         <size>0x8</size>
      </object_component>
      <object_component id="oc-5ac">
         <name>__TI_cinit_table</name>
         <load_address>0x6080</load_address>
         <run_address>0x6080</run_address>
         <size>0x18</size>
      </object_component>
      <object_component id="oc-27">
         <name>.init_array</name>
         <load_address>0x5c28</load_address>
         <run_address>0x5c28</run_address>
         <size>0x4</size>
         <input_file_ref idref="fl-13"/>
      </object_component>
      <object_component id="oc-5b0">
         <name>SHT$$INIT_ARRAY$$Limit</name>
         <load_address>0x5c2c</load_address>
         <run_address>0x5c2c</run_address>
         <size>0x0</size>
      </object_component>
      <object_component id="oc-523">
         <name>.vtable</name>
         <uninitialized>true</uninitialized>
         <run_address>0x20000000</run_address>
         <size>0x26c</size>
         <input_file_ref idref="fl-19"/>
      </object_component>
      <object_component id="oc-307">
         <name>.data</name>
         <load_address>0x20000518</load_address>
         <run_address>0x20000518</run_address>
         <size>0x1</size>
         <input_file_ref idref="fl-7"/>
      </object_component>
      <object_component id="oc-b1">
         <name>.data:$O1$$</name>
         <load_address>0x200004ec</load_address>
         <run_address>0x200004ec</run_address>
         <size>0xc</size>
         <input_file_ref idref="fl-de"/>
      </object_component>
      <object_component id="oc-34b">
         <name>.data:$O1$$</name>
         <load_address>0x200004f8</load_address>
         <run_address>0x200004f8</run_address>
         <size>0xc</size>
         <input_file_ref idref="fl-e8"/>
      </object_component>
      <object_component id="oc-6d">
         <name>.data</name>
         <load_address>0x2000050c</load_address>
         <run_address>0x2000050c</run_address>
         <size>0x4</size>
         <input_file_ref idref="fl-f2"/>
      </object_component>
      <object_component id="oc-25a">
         <name>.data</name>
         <load_address>0x20000510</load_address>
         <run_address>0x20000510</run_address>
         <size>0x4</size>
         <input_file_ref idref="fl-f3"/>
      </object_component>
      <object_component id="oc-18c">
         <name>.data</name>
         <load_address>0x20000514</load_address>
         <run_address>0x20000514</run_address>
         <size>0x4</size>
         <input_file_ref idref="fl-fa"/>
      </object_component>
      <object_component id="oc-b4">
         <name>.data:$O1$$</name>
         <load_address>0x20000504</load_address>
         <run_address>0x20000504</run_address>
         <size>0x8</size>
         <input_file_ref idref="fl-fb"/>
      </object_component>
      <object_component id="oc-314">
         <name>.bss:Buff</name>
         <uninitialized>true</uninitialized>
         <run_address>0x2000046c</run_address>
         <size>0x64</size>
         <input_file_ref idref="fl-7"/>
      </object_component>
      <object_component id="oc-e5">
         <name>.bss</name>
         <uninitialized>true</uninitialized>
         <run_address>0x200004d0</run_address>
         <size>0x4</size>
         <input_file_ref idref="fl-13"/>
      </object_component>
      <object_component id="oc-312">
         <name>.common:res_X</name>
         <uninitialized>true</uninitialized>
         <run_address>0x200004d8</run_address>
         <size>0x4</size>
      </object_component>
      <object_component id="oc-313">
         <name>.common:res_Y</name>
         <uninitialized>true</uninitialized>
         <run_address>0x200004dc</run_address>
         <size>0x4</size>
      </object_component>
      <object_component id="oc-308">
         <name>.common:check_Uart</name>
         <uninitialized>true</uninitialized>
         <run_address>0x200004e8</run_address>
         <size>0x2</size>
      </object_component>
      <object_component id="oc-2c9">
         <name>.common:ui32Load</name>
         <uninitialized>true</uninitialized>
         <run_address>0x200004e0</run_address>
         <size>0x4</size>
      </object_component>
      <object_component id="oc-2c5">
         <name>.common:ui32PWMClock</name>
         <uninitialized>true</uninitialized>
         <run_address>0x200004e4</run_address>
         <size>0x4</size>
      </object_component>
      <object_component id="oc-3a1">
         <name>.common:_ZSt16__dummy_typeinfo</name>
         <uninitialized>true</uninitialized>
         <run_address>0x200004d4</run_address>
         <size>0x4</size>
      </object_component>
      <object_component id="oc-29">
         <name>.sysmem</name>
         <uninitialized>true</uninitialized>
         <run_address>0x20000520</run_address>
         <size>0x8</size>
         <input_file_ref idref="fl-e8"/>
      </object_component>
      <object_component id="oc-5b2">
         <name>.sysmem</name>
         <uninitialized>true</uninitialized>
         <run_address>0x20000520</run_address>
         <size>0x0</size>
      </object_component>
      <object_component id="oc-28">
         <name>.stack</name>
         <uninitialized>true</uninitialized>
         <run_address>0x2000026c</run_address>
         <size>0x0</size>
         <input_file_ref idref="fl-d5"/>
      </object_component>
      <object_component id="oc-5b1">
         <name>.stack</name>
         <uninitialized>true</uninitialized>
         <run_address>0x2000026c</run_address>
         <size>0x0</size>
      </object_component>
      <object_component id="oc-167">
         <name>.debug_info</name>
         <load_address>0x0</load_address>
         <run_address>0x0</run_address>
         <size>0xadc</size>
         <input_file_ref idref="fl-2"/>
      </object_component>
      <object_component id="oc-164">
         <name>.debug_info</name>
         <load_address>0xadc</load_address>
         <run_address>0xadc</run_address>
         <size>0xc7</size>
         <input_file_ref idref="fl-2"/>
      </object_component>
      <object_component id="oc-aa">
         <name>.debug_info</name>
         <load_address>0xba3</load_address>
         <run_address>0xba3</run_address>
         <size>0x212</size>
         <input_file_ref idref="fl-2"/>
      </object_component>
      <object_component id="oc-32a">
         <name>.debug_info</name>
         <load_address>0xdb5</load_address>
         <run_address>0xdb5</run_address>
         <size>0xd8</size>
         <input_file_ref idref="fl-2"/>
      </object_component>
      <object_component id="oc-1d4">
         <name>.debug_info</name>
         <load_address>0xe8d</load_address>
         <run_address>0xe8d</run_address>
         <size>0x2bf</size>
         <input_file_ref idref="fl-2"/>
      </object_component>
      <object_component id="oc-203">
         <name>.debug_info</name>
         <load_address>0x114c</load_address>
         <run_address>0x114c</run_address>
         <size>0x1cf</size>
         <input_file_ref idref="fl-2"/>
      </object_component>
      <object_component id="oc-1cc">
         <name>.debug_info</name>
         <load_address>0x131b</load_address>
         <run_address>0x131b</run_address>
         <size>0x191</size>
         <input_file_ref idref="fl-2"/>
      </object_component>
      <object_component id="oc-19e">
         <name>.debug_info</name>
         <load_address>0x14ac</load_address>
         <run_address>0x14ac</run_address>
         <size>0xb3</size>
         <input_file_ref idref="fl-2"/>
      </object_component>
      <object_component id="oc-1b7">
         <name>.debug_info</name>
         <load_address>0x155f</load_address>
         <run_address>0x155f</run_address>
         <size>0x1c0</size>
         <input_file_ref idref="fl-2"/>
      </object_component>
      <object_component id="oc-1ef">
         <name>.debug_info</name>
         <load_address>0x171f</load_address>
         <run_address>0x171f</run_address>
         <size>0x102</size>
         <input_file_ref idref="fl-2"/>
      </object_component>
      <object_component id="oc-1de">
         <name>.debug_info</name>
         <load_address>0x1821</load_address>
         <run_address>0x1821</run_address>
         <size>0x1f6</size>
         <input_file_ref idref="fl-2"/>
      </object_component>
      <object_component id="oc-1e7">
         <name>.debug_info</name>
         <load_address>0x1a17</load_address>
         <run_address>0x1a17</run_address>
         <size>0x12f</size>
         <input_file_ref idref="fl-2"/>
      </object_component>
      <object_component id="oc-1c4">
         <name>.debug_info</name>
         <load_address>0x1b46</load_address>
         <run_address>0x1b46</run_address>
         <size>0x172</size>
         <input_file_ref idref="fl-2"/>
      </object_component>
      <object_component id="oc-32f">
         <name>.debug_info</name>
         <load_address>0x1cb8</load_address>
         <run_address>0x1cb8</run_address>
         <size>0x1bf</size>
         <input_file_ref idref="fl-2"/>
      </object_component>
      <object_component id="oc-10a">
         <name>.debug_info</name>
         <load_address>0x1e77</load_address>
         <run_address>0x1e77</run_address>
         <size>0x8b</size>
         <input_file_ref idref="fl-2"/>
      </object_component>
      <object_component id="oc-339">
         <name>.debug_info</name>
         <load_address>0x1f02</load_address>
         <run_address>0x1f02</run_address>
         <size>0x14d</size>
         <input_file_ref idref="fl-2"/>
      </object_component>
      <object_component id="oc-318">
         <name>.debug_info</name>
         <load_address>0x204f</load_address>
         <run_address>0x204f</run_address>
         <size>0x18b</size>
         <input_file_ref idref="fl-2"/>
      </object_component>
      <object_component id="oc-334">
         <name>.debug_info</name>
         <load_address>0x21da</load_address>
         <run_address>0x21da</run_address>
         <size>0x67</size>
         <input_file_ref idref="fl-2"/>
      </object_component>
      <object_component id="oc-20d">
         <name>.debug_info</name>
         <load_address>0x2241</load_address>
         <run_address>0x2241</run_address>
         <size>0x7b</size>
         <input_file_ref idref="fl-2"/>
      </object_component>
      <object_component id="oc-33e">
         <name>.debug_info</name>
         <load_address>0x22bc</load_address>
         <run_address>0x22bc</run_address>
         <size>0x1f9</size>
         <input_file_ref idref="fl-2"/>
      </object_component>
      <object_component id="oc-343">
         <name>.debug_info</name>
         <load_address>0x24b5</load_address>
         <run_address>0x24b5</run_address>
         <size>0x1de</size>
         <input_file_ref idref="fl-2"/>
      </object_component>
      <object_component id="oc-32">
         <name>.debug_info</name>
         <load_address>0x2693</load_address>
         <run_address>0x2693</run_address>
         <size>0x84</size>
         <input_file_ref idref="fl-3"/>
      </object_component>
      <object_component id="oc-309">
         <name>.debug_info</name>
         <load_address>0x2717</load_address>
         <run_address>0x2717</run_address>
         <size>0xb8c</size>
         <input_file_ref idref="fl-4"/>
      </object_component>
      <object_component id="oc-2c6">
         <name>.debug_info</name>
         <load_address>0x32a3</load_address>
         <run_address>0x32a3</run_address>
         <size>0xbec</size>
         <input_file_ref idref="fl-5"/>
      </object_component>
      <object_component id="oc-14c">
         <name>.debug_info</name>
         <load_address>0x3e8f</load_address>
         <run_address>0x3e8f</run_address>
         <size>0x420</size>
         <input_file_ref idref="fl-5"/>
      </object_component>
      <object_component id="oc-30c">
         <name>.debug_info</name>
         <load_address>0x42af</load_address>
         <run_address>0x42af</run_address>
         <size>0xbde</size>
         <input_file_ref idref="fl-6"/>
      </object_component>
      <object_component id="oc-30f">
         <name>.debug_info</name>
         <load_address>0x4e8d</load_address>
         <run_address>0x4e8d</run_address>
         <size>0xc2e</size>
         <input_file_ref idref="fl-7"/>
      </object_component>
      <object_component id="oc-315">
         <name>.debug_info</name>
         <load_address>0x5abb</load_address>
         <run_address>0x5abb</run_address>
         <size>0xc6</size>
         <input_file_ref idref="fl-7"/>
      </object_component>
      <object_component id="oc-152">
         <name>.debug_info</name>
         <load_address>0x5b81</load_address>
         <run_address>0x5b81</run_address>
         <size>0x496</size>
         <input_file_ref idref="fl-7"/>
      </object_component>
      <object_component id="oc-1d9">
         <name>.debug_info</name>
         <load_address>0x6017</load_address>
         <run_address>0x6017</run_address>
         <size>0xad9</size>
         <input_file_ref idref="fl-a"/>
      </object_component>
      <object_component id="oc-df">
         <name>.debug_info</name>
         <load_address>0x6af0</load_address>
         <run_address>0x6af0</run_address>
         <size>0xdc9</size>
         <input_file_ref idref="fl-a"/>
      </object_component>
      <object_component id="oc-208">
         <name>.debug_info</name>
         <load_address>0x78b9</load_address>
         <run_address>0x78b9</run_address>
         <size>0x15a</size>
         <input_file_ref idref="fl-a"/>
      </object_component>
      <object_component id="oc-377">
         <name>.debug_info</name>
         <load_address>0x7a13</load_address>
         <run_address>0x7a13</run_address>
         <size>0x40e</size>
         <input_file_ref idref="fl-b"/>
      </object_component>
      <object_component id="oc-1a6">
         <name>.debug_info</name>
         <load_address>0x7e21</load_address>
         <run_address>0x7e21</run_address>
         <size>0xfe1</size>
         <input_file_ref idref="fl-b"/>
      </object_component>
      <object_component id="oc-1d1">
         <name>.debug_info</name>
         <load_address>0x8e02</load_address>
         <run_address>0x8e02</run_address>
         <size>0x472</size>
         <input_file_ref idref="fl-c"/>
      </object_component>
      <object_component id="oc-d8">
         <name>.debug_info</name>
         <load_address>0x9274</load_address>
         <run_address>0x9274</run_address>
         <size>0x756</size>
         <input_file_ref idref="fl-c"/>
      </object_component>
      <object_component id="oc-1a3">
         <name>.debug_info</name>
         <load_address>0x99ca</load_address>
         <run_address>0x99ca</run_address>
         <size>0x59f</size>
         <input_file_ref idref="fl-d"/>
      </object_component>
      <object_component id="oc-c4">
         <name>.debug_info</name>
         <load_address>0x9f69</load_address>
         <run_address>0x9f69</run_address>
         <size>0x3d0</size>
         <input_file_ref idref="fl-d"/>
      </object_component>
      <object_component id="oc-1bc">
         <name>.debug_info</name>
         <load_address>0xa339</load_address>
         <run_address>0xa339</run_address>
         <size>0x981</size>
         <input_file_ref idref="fl-e"/>
      </object_component>
      <object_component id="oc-cb">
         <name>.debug_info</name>
         <load_address>0xacba</load_address>
         <run_address>0xacba</run_address>
         <size>0x1825</size>
         <input_file_ref idref="fl-e"/>
      </object_component>
      <object_component id="oc-1f4">
         <name>.debug_info</name>
         <load_address>0xc4df</load_address>
         <run_address>0xc4df</run_address>
         <size>0x573</size>
         <input_file_ref idref="fl-f"/>
      </object_component>
      <object_component id="oc-f7">
         <name>.debug_info</name>
         <load_address>0xca52</load_address>
         <run_address>0xca52</run_address>
         <size>0x538</size>
         <input_file_ref idref="fl-f"/>
      </object_component>
      <object_component id="oc-1e3">
         <name>.debug_info</name>
         <load_address>0xcf8a</load_address>
         <run_address>0xcf8a</run_address>
         <size>0x460</size>
         <input_file_ref idref="fl-10"/>
      </object_component>
      <object_component id="oc-e9">
         <name>.debug_info</name>
         <load_address>0xd3ea</load_address>
         <run_address>0xd3ea</run_address>
         <size>0x136e</size>
         <input_file_ref idref="fl-10"/>
      </object_component>
      <object_component id="oc-1ec">
         <name>.debug_info</name>
         <load_address>0xe758</load_address>
         <run_address>0xe758</run_address>
         <size>0x487</size>
         <input_file_ref idref="fl-11"/>
      </object_component>
      <object_component id="oc-f0">
         <name>.debug_info</name>
         <load_address>0xebdf</load_address>
         <run_address>0xebdf</run_address>
         <size>0x5cf</size>
         <input_file_ref idref="fl-11"/>
      </object_component>
      <object_component id="oc-1c9">
         <name>.debug_info</name>
         <load_address>0xf1ae</load_address>
         <run_address>0xf1ae</run_address>
         <size>0x2ef</size>
         <input_file_ref idref="fl-12"/>
      </object_component>
      <object_component id="oc-d2">
         <name>.debug_info</name>
         <load_address>0xf49d</load_address>
         <run_address>0xf49d</run_address>
         <size>0x744</size>
         <input_file_ref idref="fl-12"/>
      </object_component>
      <object_component id="oc-10f">
         <name>.debug_info</name>
         <load_address>0xfbe1</load_address>
         <run_address>0xfbe1</run_address>
         <size>0xcff</size>
         <input_file_ref idref="fl-13"/>
      </object_component>
      <object_component id="oc-e6">
         <name>.debug_info</name>
         <load_address>0x108e0</load_address>
         <run_address>0x108e0</run_address>
         <size>0xdb</size>
         <input_file_ref idref="fl-13"/>
      </object_component>
      <object_component id="oc-72">
         <name>.debug_info</name>
         <load_address>0x109bb</load_address>
         <run_address>0x109bb</run_address>
         <size>0x3af7</size>
         <input_file_ref idref="fl-13"/>
      </object_component>
      <object_component id="oc-45f">
         <name>.debug_info</name>
         <load_address>0x144b2</load_address>
         <run_address>0x144b2</run_address>
         <size>0x240</size>
         <input_file_ref idref="fl-18"/>
      </object_component>
      <object_component id="oc-45c">
         <name>.debug_info</name>
         <load_address>0x146f2</load_address>
         <run_address>0x146f2</run_address>
         <size>0x15b</size>
         <input_file_ref idref="fl-18"/>
      </object_component>
      <object_component id="oc-450">
         <name>.debug_info</name>
         <load_address>0x1484d</load_address>
         <run_address>0x1484d</run_address>
         <size>0x2b3</size>
         <input_file_ref idref="fl-18"/>
      </object_component>
      <object_component id="oc-456">
         <name>.debug_info</name>
         <load_address>0x14b00</load_address>
         <run_address>0x14b00</run_address>
         <size>0x316</size>
         <input_file_ref idref="fl-18"/>
      </object_component>
      <object_component id="oc-2e5">
         <name>.debug_info</name>
         <load_address>0x14e16</load_address>
         <run_address>0x14e16</run_address>
         <size>0x27b</size>
         <input_file_ref idref="fl-18"/>
      </object_component>
      <object_component id="oc-29d">
         <name>.debug_info</name>
         <load_address>0x15091</load_address>
         <run_address>0x15091</run_address>
         <size>0x279</size>
         <input_file_ref idref="fl-18"/>
      </object_component>
      <object_component id="oc-2a4">
         <name>.debug_info</name>
         <load_address>0x1530a</load_address>
         <run_address>0x1530a</run_address>
         <size>0x280</size>
         <input_file_ref idref="fl-18"/>
      </object_component>
      <object_component id="oc-288">
         <name>.debug_info</name>
         <load_address>0x1558a</load_address>
         <run_address>0x1558a</run_address>
         <size>0x18b</size>
         <input_file_ref idref="fl-18"/>
      </object_component>
      <object_component id="oc-48c">
         <name>.debug_info</name>
         <load_address>0x15715</load_address>
         <run_address>0x15715</run_address>
         <size>0x20e</size>
         <input_file_ref idref="fl-19"/>
      </object_component>
      <object_component id="oc-489">
         <name>.debug_info</name>
         <load_address>0x15923</load_address>
         <run_address>0x15923</run_address>
         <size>0x210</size>
         <input_file_ref idref="fl-19"/>
      </object_component>
      <object_component id="oc-524">
         <name>.debug_info</name>
         <load_address>0x15b33</load_address>
         <run_address>0x15b33</run_address>
         <size>0x157</size>
         <input_file_ref idref="fl-19"/>
      </object_component>
      <object_component id="oc-484">
         <name>.debug_info</name>
         <load_address>0x15c8a</load_address>
         <run_address>0x15c8a</run_address>
         <size>0x2c1</size>
         <input_file_ref idref="fl-19"/>
      </object_component>
      <object_component id="oc-160">
         <name>.debug_info</name>
         <load_address>0x15f4b</load_address>
         <run_address>0x15f4b</run_address>
         <size>0x23e</size>
         <input_file_ref idref="fl-19"/>
      </object_component>
      <object_component id="oc-2fc">
         <name>.debug_info</name>
         <load_address>0x16189</load_address>
         <run_address>0x16189</run_address>
         <size>0x268</size>
         <input_file_ref idref="fl-19"/>
      </object_component>
      <object_component id="oc-461">
         <name>.debug_info</name>
         <load_address>0x163f1</load_address>
         <run_address>0x163f1</run_address>
         <size>0x1ed</size>
         <input_file_ref idref="fl-1a"/>
      </object_component>
      <object_component id="oc-2b4">
         <name>.debug_info</name>
         <load_address>0x165de</load_address>
         <run_address>0x165de</run_address>
         <size>0x2f6</size>
         <input_file_ref idref="fl-1a"/>
      </object_component>
      <object_component id="oc-2ba">
         <name>.debug_info</name>
         <load_address>0x168d4</load_address>
         <run_address>0x168d4</run_address>
         <size>0x2c4</size>
         <input_file_ref idref="fl-1a"/>
      </object_component>
      <object_component id="oc-2ae">
         <name>.debug_info</name>
         <load_address>0x16b98</load_address>
         <run_address>0x16b98</run_address>
         <size>0x2b6</size>
         <input_file_ref idref="fl-1a"/>
      </object_component>
      <object_component id="oc-2c0">
         <name>.debug_info</name>
         <load_address>0x16e4e</load_address>
         <run_address>0x16e4e</run_address>
         <size>0x276</size>
         <input_file_ref idref="fl-1a"/>
      </object_component>
      <object_component id="oc-2a8">
         <name>.debug_info</name>
         <load_address>0x170c4</load_address>
         <run_address>0x170c4</run_address>
         <size>0x2b3</size>
         <input_file_ref idref="fl-1a"/>
      </object_component>
      <object_component id="oc-28e">
         <name>.debug_info</name>
         <load_address>0x17377</load_address>
         <run_address>0x17377</run_address>
         <size>0x298</size>
         <input_file_ref idref="fl-1b"/>
      </object_component>
      <object_component id="oc-285">
         <name>.debug_info</name>
         <load_address>0x1760f</load_address>
         <run_address>0x1760f</run_address>
         <size>0x14d</size>
         <input_file_ref idref="fl-1b"/>
      </object_component>
      <object_component id="oc-296">
         <name>.debug_info</name>
         <load_address>0x1775c</load_address>
         <run_address>0x1775c</run_address>
         <size>0x27d</size>
         <input_file_ref idref="fl-1b"/>
      </object_component>
[...]
      <symbol id="sm-b56">
         <name>_ZN10__cxxabiv119__pointer_type_infoD1Ev</name>
         <value>0x44af</value>
         <object_component_ref idref="oc-231"/>
      </symbol>
      <symbol id="sm-b57">
         <name>_ZNSt9type_infoD2Ev</name>
         <value>0x43b9</value>
         <object_component_ref idref="oc-231"/>
      </symbol>
      <symbol id="sm-b58">
         <name>_ZNKSt9type_info6beforeERKS_</name>
         <value>0x4467</value>
         <object_component_ref idref="oc-231"/>
      </symbol>
      <symbol id="sm-b59">
         <name>_ZNKSt8bad_cast4whatEv</name>
         <value>0x4475</value>
         <object_component_ref idref="oc-231"/>
      </symbol>
      <symbol id="sm-b5a">
         <name>_ZN10__cxxabiv123__fundamental_type_infoD1Ev</name>
         <value>0x4487</value>
         <object_component_ref idref="oc-231"/>
      </symbol>
      <symbol id="sm-b5b">
         <name>_ZTSN10__cxxabiv119__pointer_type_infoE</name>
         <value>0x5a15</value>
         <object_component_ref idref="oc-3ec"/>
      </symbol>
      <symbol id="sm-b5c">
         <name>_ZN10__cxxabiv121__vmi_class_type_infoD2Ev</name>
         <value>0x4491</value>
         <object_component_ref idref="oc-231"/>
      </symbol>
      <symbol id="sm-b5d">
         <name>_ZTVSt8bad_cast</name>
         <value>0x5aa8</value>
         <object_component_ref idref="oc-3aa"/>
      </symbol>
      <symbol id="sm-b5e">
         <name>_ZTSN10__cxxabiv117__class_type_infoE</name>
         <value>0x5a39</value>
         <object_component_ref idref="oc-501"/>
      </symbol>
      <symbol id="sm-b5f">
         <name>_ZN10__cxxabiv120__function_type_infoD2Ev</name>
         <value>0x44a5</value>
         <object_component_ref idref="oc-231"/>
      </symbol>
      <symbol id="sm-b60">
         <name>_ZN10__cxxabiv117__class_type_infoD2Ev</name>
         <value>0x44c3</value>
         <object_component_ref idref="oc-231"/>
      </symbol>
      <symbol id="sm-b61">
         <name>_ZN10__cxxabiv116__enum_type_infoD2Ev</name>
         <value>0x44d7</value>
         <object_component_ref idref="oc-231"/>
      </symbol>
      <symbol id="sm-b62">
         <name>_ZN10__cxxabiv119__pointer_type_infoD2Ev</name>
         <value>0x44af</value>
         <object_component_ref idref="oc-231"/>
      </symbol>
      <symbol id="sm-b63">
         <name>_ZNSt10bad_typeidD2Ev</name>
         <value>0x4409</value>
         <object_component_ref idref="oc-231"/>
      </symbol>
      <symbol id="sm-b64">
         <name>_ZTSSt8bad_cast</name>
         <value>0x5bf8</value>
         <object_component_ref idref="oc-4e1"/>
      </symbol>
      <symbol id="sm-b65">
         <name>_ZTISt8bad_cast</name>
         <value>0x5be0</value>
         <object_component_ref idref="oc-3ca"/>
      </symbol>
      <symbol id="sm-b66">
         <name>_ZN10__cxxabiv120__si_class_type_infoD2Ev</name>
         <value>0x449b</value>
         <object_component_ref idref="oc-231"/>
      </symbol>
      <symbol id="sm-b67">
         <name>_ZN10__cxxabiv117__pbase_type_infoD2Ev</name>
         <value>0x44b9</value>
         <object_component_ref idref="oc-231"/>
      </symbol>
      <symbol id="sm-b68">
         <name>_ZTVN10__cxxabiv117__class_type_infoE</name>
         <value>0x5b08</value>
         <object_component_ref idref="oc-508"/>
      </symbol>
      <symbol id="sm-b69">
         <name>_ZN10__cxxabiv117__array_type_infoD2Ev</name>
         <value>0x44cd</value>
         <object_component_ref idref="oc-231"/>
      </symbol>
      <symbol id="sm-b6a">
         <name>_ZTISt10bad_typeid</name>
         <value>0x5bc8</value>
         <object_component_ref idref="oc-3c5"/>
      </symbol>
      <symbol id="sm-b6b">
         <name>_ZTSSt10bad_typeid</name>
         <value>0x5b48</value>
         <object_component_ref idref="oc-4dc"/>
      </symbol>
      <symbol id="sm-b6c">
         <name>_ZTVSt10bad_typeid</name>
         <value>0x5a80</value>
         <object_component_ref idref="oc-3af"/>
      </symbol>
      <symbol id="sm-b6d">
         <name>_ZNSt9type_infoD1Ev</name>
         <value>0x43b9</value>
         <object_component_ref idref="oc-231"/>
      </symbol>
      <symbol id="sm-b6e">
         <name>_ZTIN10__cxxabiv123__fundamental_type_infoE</name>
         <value>0x5bbc</value>
         <object_component_ref idref="oc-4fc"/>
      </symbol>
      <symbol id="sm-b6f">
         <name>_ZNKSt10bad_typeid4whatEv</name>
         <value>0x4479</value>
         <object_component_ref idref="oc-231"/>
      </symbol>
      <symbol id="sm-b70">
         <name>_ZTISt9type_info</name>
         <value>0x5c0c</value>
         <object_component_ref idref="oc-4f7"/>
      </symbol>
      <symbol id="sm-b71">
         <name>_ZN10__cxxabiv123__fundamental_type_infoD0Ev</name>
         <value>0x4489</value>
         <object_component_ref idref="oc-231"/>
      </symbol>
      <symbol id="sm-b72">
         <name>_ZNSt8bad_castC1ERKS_</name>
         <value>0x43f1</value>
         <object_component_ref idref="oc-231"/>
      </symbol>
      <symbol id="sm-b73">
         <name>_ZNSt8bad_castC2ERKS_</name>
         <value>0x43f1</value>
         <object_component_ref idref="oc-231"/>
      </symbol>
      <symbol id="sm-b74">
         <name>_ZNSt10bad_typeidD1Ev</name>
         <value>0x4409</value>
         <object_component_ref idref="oc-231"/>
      </symbol>
      <symbol id="sm-b75">
         <name>_ZTIN10__cxxabiv117__pbase_type_infoE</name>
         <value>0x5b8c</value>
         <object_component_ref idref="oc-3f1"/>
      </symbol>
      <symbol id="sm-b76">
         <name>_ZNSt10bad_typeidC2Ev</name>
         <value>0x441f</value>
         <object_component_ref idref="oc-231"/>
      </symbol>
      <symbol id="sm-b77">
         <name>_ZTSe</name>
         <value>0x5a7d</value>
         <object_component_ref idref="oc-536"/>
      </symbol>
      <symbol id="sm-b78">
         <name>_ZNKSt9type_info4nameEv</name>
         <value>0x4437</value>
         <object_component_ref idref="oc-231"/>
      </symbol>
      <symbol id="sm-b79">
         <name>_ZTIN10__cxxabiv117__class_type_infoE</name>
         <value>0x5b80</value>
         <object_component_ref idref="oc-405"/>
      </symbol>
      <symbol id="sm-b7a">
         <name>_ZN10__cxxabiv129__pointer_to_member_type_infoD0Ev</name>
         <value>0x447f</value>
         <object_component_ref idref="oc-231"/>
      </symbol>
      <symbol id="sm-b7b">
         <name>_ZN10__cxxabiv120__si_class_type_infoD1Ev</name>
         <value>0x449b</value>
         <object_component_ref idref="oc-231"/>
      </symbol>
      <symbol id="sm-b7c">
         <name>_ZNSt10bad_typeidC1Ev</name>
         <value>0x441f</value>
         <object_component_ref idref="oc-231"/>
      </symbol>
      <symbol id="sm-b7d">
         <name>_ZNSt8bad_castaSERKS_</name>
         <value>0x43c3</value>
         <object_component_ref idref="oc-231"/>
      </symbol>
      <symbol id="sm-b7e">
         <name>_ZNSt10bad_typeidaSERKS_</name>
         <value>0x43fd</value>
         <object_component_ref idref="oc-231"/>
      </symbol>
      <symbol id="sm-b7f">
         <name>_ZNSt8bad_castD0Ev</name>
         <value>0x43d7</value>
         <object_component_ref idref="oc-231"/>
      </symbol>
      <symbol id="sm-b80">
         <name>_ZNSt10bad_typeidC2ERKS_</name>
         <value>0x442b</value>
         <object_component_ref idref="oc-231"/>
      </symbol>
      <symbol id="sm-b81">
         <name>_ZNSt10bad_typeidC1ERKS_</name>
         <value>0x442b</value>
         <object_component_ref idref="oc-231"/>
      </symbol>
      <symbol id="sm-b82">
         <name>_ZTIN10__cxxabiv120__si_class_type_infoE</name>
         <value>0x5ba4</value>
         <object_component_ref idref="oc-250"/>
      </symbol>
      <symbol id="sm-b83">
         <name>_ZNSt8bad_castC1Ev</name>
         <value>0x43e5</value>
         <object_component_ref idref="oc-231"/>
      </symbol>
      <symbol id="sm-b84">
         <name>_ZNSt9type_infoD0Ev</name>
         <value>0x43bb</value>
         <object_component_ref idref="oc-231"/>
      </symbol>
      <symbol id="sm-b85">
         <name>_ZN10__cxxabiv120__function_type_infoD0Ev</name>
         <value>0x44a7</value>
         <object_component_ref idref="oc-231"/>
      </symbol>
      <symbol id="sm-b86">
         <name>_ZN10__cxxabiv117__class_type_infoD0Ev</name>
         <value>0x44c5</value>
         <object_component_ref idref="oc-231"/>
      </symbol>
      <symbol id="sm-b87">
         <name>_ZTSN10__cxxabiv117__pbase_type_infoE</name>
         <value>0x5a5b</value>
         <object_component_ref idref="oc-4f2"/>
      </symbol>
      <symbol id="sm-b88">
         <name>_ZN10__cxxabiv116__enum_type_infoD0Ev</name>
         <value>0x44d9</value>
         <object_component_ref idref="oc-231"/>
      </symbol>
      <symbol id="sm-b89">
         <name>_ZNSt10bad_typeidD0Ev</name>
         <value>0x4411</value>
         <object_component_ref idref="oc-231"/>
      </symbol>
      <symbol id="sm-b8a">
         <name>_ZTIe</name>
         <value>0x5c14</value>
         <object_component_ref idref="oc-4d7"/>
      </symbol>
      <symbol id="sm-b8b">
         <name>_ZN10__cxxabiv121__vmi_class_type_infoD0Ev</name>
         <value>0x4493</value>
         <object_component_ref idref="oc-231"/>
      </symbol>
      <symbol id="sm-b8c">
         <name>_ZTVN10__cxxabiv120__si_class_type_infoE</name>
         <value>0x5b28</value>
         <object_component_ref idref="oc-3e7"/>
      </symbol>
      <symbol id="sm-b8d">
         <name>_ZN10__cxxabiv117__pbase_type_infoD0Ev</name>
         <value>0x44bb</value>
         <object_component_ref idref="oc-231"/>
      </symbol>
      <symbol id="sm-b8e">
         <name>_ZN10__cxxabiv117__array_type_infoD0Ev</name>
         <value>0x44cf</value>
         <object_component_ref idref="oc-231"/>
      </symbol>
      <symbol id="sm-b8f">
         <name>_ZSt21__gen_dummy_typeinfosv</name>
         <value>0x43b1</value>
         <object_component_ref idref="oc-231"/>
      </symbol>
      <symbol id="sm-b90">
         <name>_ZN10__cxxabiv129__pointer_to_member_type_infoD1Ev</name>
         <value>0x447d</value>
         <object_component_ref idref="oc-231"/>
      </symbol>
      <symbol id="sm-b91">
         <name>_ZN10__cxxabiv119__pointer_type_infoD0Ev</name>
         <value>0x44b1</value>
         <object_component_ref idref="oc-231"/>
      </symbol>
      <symbol id="sm-b92">
         <name>_ZNSt8bad_castC2Ev</name>
         <value>0x43e5</value>
         <object_component_ref idref="oc-231"/>
      </symbol>
      <symbol id="sm-b93">
         <name>_ZN10__cxxabiv120__si_class_type_infoD0Ev</name>
         <value>0x449d</value>
         <object_component_ref idref="oc-231"/>
      </symbol>
      <symbol id="sm-b94">
         <name>_ZTIPKe</name>
         <value>0x5af8</value>
         <object_component_ref idref="oc-3a5"/>
      </symbol>
      <symbol id="sm-b95">
         <name>_ZNKSt9type_infoeqERKS_</name>
         <value>0x4451</value>
         <object_component_ref idref="oc-231"/>
      </symbol>
      <symbol id="sm-b9e">
         <name>_new_handler</name>
         <value>0x20000514</value>
         <object_component_ref idref="oc-18c"/>
      </symbol>
      <symbol id="sm-bb7">
         <name>_nop</name>
         <value>0x5693</value>
         <object_component_ref idref="oc-173"/>
      </symbol>
      <symbol id="sm-bb8">
         <name>_lock</name>
         <value>0x20000504</value>
         <object_component_ref idref="oc-b4"/>
      </symbol>
      <symbol id="sm-bb9">
         <name>_unlock</name>
         <value>0x20000508</value>
         <object_component_ref idref="oc-b4"/>
      </symbol>
      <symbol id="sm-bba">
         <name>_register_lock</name>
         <value>0x568b</value>
         <object_component_ref idref="oc-173"/>
      </symbol>
      <symbol id="sm-bbb">
         <name>_register_unlock</name>
         <value>0x5685</value>
         <object_component_ref idref="oc-173"/>
      </symbol>
      <symbol id="sm-bd0">
         <name>_args_main</name>
         <value>0x5645</value>
         <object_component_ref idref="oc-61"/>
      </symbol>
      <symbol id="sm-bfb">
         <name>__TI_auto_init</name>
         <value>0x4f95</value>
         <object_component_ref idref="oc-5b"/>
      </symbol>
      <symbol id="sm-c38">
         <name>_ZNSt9bad_allocD1Ev</name>
         <value>0x53ad</value>
         <object_component_ref idref="oc-34f"/>
      </symbol>
      <symbol id="sm-c39">
         <name>_ZNSt9bad_allocC1Ev</name>
         <value>0x53c3</value>
         <object_component_ref idref="oc-34f"/>
      </symbol>
      <symbol id="sm-c3a">
         <name>_ZNSt9bad_allocaSERKS_</name>
         <value>0x53a1</value>
         <object_component_ref idref="oc-34f"/>
      </symbol>
      <symbol id="sm-c3b">
         <name>_ZTVSt9bad_alloc</name>
         <value>0x5abc</value>
         <object_component_ref idref="oc-49b"/>
      </symbol>
      <symbol id="sm-c3c">
         <name>_ZNSt9bad_allocD0Ev</name>
         <value>0x53b5</value>
         <object_component_ref idref="oc-34f"/>
      </symbol>
      <symbol id="sm-c3d">
         <name>_ZTSSt9bad_alloc</name>
         <value>0x5b57</value>
         <object_component_ref idref="oc-4ab"/>
      </symbol>
      <symbol id="sm-c3e">
         <name>_ZTISt9bad_alloc</name>
         <value>0x5bec</value>
         <object_component_ref idref="oc-356"/>
      </symbol>
      <symbol id="sm-c3f">
         <name>_ZNSt9bad_allocD2Ev</name>
         <value>0x53ad</value>
         <object_component_ref idref="oc-34f"/>
      </symbol>
      <symbol id="sm-c40">
         <name>_ZNKSt9bad_alloc4whatEv</name>
         <value>0x53db</value>
         <object_component_ref idref="oc-34f"/>
      </symbol>
      <symbol id="sm-c41">
         <name>_ZNSt9bad_allocC2Ev</name>
         <value>0x53c3</value>
         <object_component_ref idref="oc-34f"/>
      </symbol>
      <symbol id="sm-c42">
         <name>_ZNSt9bad_allocC1ERKS_</name>
         <value>0x53cf</value>
         <object_component_ref idref="oc-34f"/>
      </symbol>
      <symbol id="sm-c43">
         <name>_ZNSt9bad_allocC2ERKS_</name>
         <value>0x53cf</value>
         <object_component_ref idref="oc-34f"/>
      </symbol>
      <symbol id="sm-c53">
         <name>bsearch</name>
         <value>0x542f</value>
         <object_component_ref idref="oc-38b"/>
      </symbol>
      <symbol id="sm-c6d">
         <name>copy_in</name>
         <value>0x530d</value>
         <object_component_ref idref="oc-94"/>
      </symbol>
      <symbol id="sm-c7a">
         <name>__abort_execution</name>
         <value>0x575f</value>
         <object_component_ref idref="oc-23f"/>
      </symbol>
      <symbol id="sm-cc3">
         <name>_ZNSt9exceptionD1Ev</name>
         <value>0x52bf</value>
         <object_component_ref idref="oc-25d"/>
      </symbol>
      <symbol id="sm-cc4">
         <name>_ZNSt13bad_exceptionC1Ev</name>
         <value>0x52e1</value>
         <object_component_ref idref="oc-25d"/>
      </symbol>
      <symbol id="sm-cc5">
         <name>_ZTISt13bad_exception</name>
         <value>0x5bd4</value>
         <object_component_ref idref="oc-263"/>
      </symbol>
      <symbol id="sm-cc6">
         <name>_ZNKSt9exception4whatEv</name>
         <value>0x52f9</value>
         <object_component_ref idref="oc-25d"/>
      </symbol>
      <symbol id="sm-cc7">
         <name>_ZTISt9exception</name>
         <value>0x5c04</value>
         <object_component_ref idref="oc-428"/>
      </symbol>
      <symbol id="sm-cc8">
         <name>_ZNSt13bad_exceptionC2Ev</name>
         <value>0x52e1</value>
         <object_component_ref idref="oc-25d"/>
      </symbol>
      <symbol id="sm-cc9">
         <name>_ZTVSt13bad_exception</name>
         <value>0x5a94</value>
         <object_component_ref idref="oc-416"/>
      </symbol>
      <symbol id="sm-cca">
         <name>_ZNSt13bad_exceptionD0Ev</name>
         <value>0x52d9</value>
         <object_component_ref idref="oc-25d"/>
      </symbol>
      <symbol id="sm-ccb">
         <name>_ZNSt9exceptionD0Ev</name>
         <value>0x52c1</value>
         <object_component_ref idref="oc-25d"/>
      </symbol>
      <symbol id="sm-ccc">
         <name>_ZTSSt13bad_exception</name>
         <value>0x5ae4</value>
         <object_component_ref idref="oc-423"/>
      </symbol>
      <symbol id="sm-ccd">
         <name>_ZNSt13bad_exceptionaSERKS_</name>
         <value>0x52d5</value>
         <object_component_ref idref="oc-25d"/>
      </symbol>
      <symbol id="sm-cce">
         <name>_ZNSt9exceptionC1ERKS_</name>
         <value>0x52cf</value>
         <object_component_ref idref="oc-25d"/>
      </symbol>
      <symbol id="sm-ccf">
         <name>_ZNSt9exceptionC2ERKS_</name>
         <value>0x52cf</value>
         <object_component_ref idref="oc-25d"/>
      </symbol>
      <symbol id="sm-cd0">
         <name>_ZTVSt9exception</name>
         <value>0x5ad0</value>
         <object_component_ref idref="oc-411"/>
      </symbol>
      <symbol id="sm-cd1">
         <name>_ZNSt13bad_exceptionC1ERKS_</name>
         <value>0x52ed</value>
         <object_component_ref idref="oc-25d"/>
      </symbol>
      <symbol id="sm-cd2">
         <name>_ZNSt13bad_exceptionC2ERKS_</name>
         <value>0x52ed</value>
         <object_component_ref idref="oc-25d"/>
      </symbol>
      <symbol id="sm-cd3">
         <name>_ZNSt9exceptionaSERKS_</name>
         <value>0x52bd</value>
         <object_component_ref idref="oc-25d"/>
      </symbol>
      <symbol id="sm-cd4">
         <name>_ZNSt13bad_exceptionD1Ev</name>
         <value>0x52d7</value>
         <object_component_ref idref="oc-25d"/>
      </symbol>
      <symbol id="sm-cd5">
         <name>_ZNSt9exceptionC2Ev</name>
         <value>0x52c9</value>
         <object_component_ref idref="oc-25d"/>
      </symbol>
      <symbol id="sm-cd6">
         <name>_ZTSSt9exception</name>
         <value>0x5b64</value>
         <object_component_ref idref="oc-50d"/>
      </symbol>
      <symbol id="sm-cd7">
         <name>_ZNKSt13bad_exception4whatEv</name>
         <value>0x52fd</value>
         <object_component_ref idref="oc-25d"/>
      </symbol>
      <symbol id="sm-cd8">
         <name>_ZNSt13bad_exceptionD2Ev</name>
         <value>0x52d7</value>
         <object_component_ref idref="oc-25d"/>
      </symbol>
      <symbol id="sm-cd9">
         <name>_ZNSt9exceptionD2Ev</name>
         <value>0x52bf</value>
         <object_component_ref idref="oc-25d"/>
      </symbol>
      <symbol id="sm-cda">
         <name>_ZNSt9exceptionC1Ev</name>
         <value>0x52c9</value>
         <object_component_ref idref="oc-25d"/>
      </symbol>
      <symbol id="sm-d70">
         <name>__dynamic_cast</name>
         <value>0x25d9</value>
         <object_component_ref idref="oc-238"/>
      </symbol>
      <symbol id="sm-d71">
         <name>__cxa_bad_cast</name>
         <value>0x2669</value>
         <object_component_ref idref="oc-238"/>
      </symbol>
      <symbol id="sm-d72">
         <name>__derived_to_base_conversion</name>
         <value>0x255f</value>
         <object_component_ref idref="oc-238"/>
      </symbol>
      <symbol id="sm-d73">
         <name>__cxa_bad_typeid</name>
         <value>0x2085</value>
         <object_component_ref idref="oc-238"/>
      </symbol>
      <symbol id="sm-d80">
         <name>_system_post_cinit</name>
         <value>0x40cb</value>
         <object_component_ref idref="oc-9a"/>
      </symbol>
      <symbol id="sm-d8e">
         <name>__tdeh_init</name>
         <value>0x5767</value>
         <object_component_ref idref="oc-a0"/>
      </symbol>
      <symbol id="sm-d91">
         <name>__TI_static_base__</name>
         <value>0x0</value>
      </symbol>
   </symbol_table>
   <title>Link successful</title>
</link_info>
