******************************************************************************
                  TI ARM Linker PC v16.9.6                     
******************************************************************************
>> Linked Sun Dec 24 21:23:55 2017

OUTPUT FILE NAME:   <MyProject.out>
ENTRY POINT SYMBOL: "_c_int00"  address: 00005599


MEMORY CONFIGURATION

         name            origin    length      used     unused   attr    fill
----------------------  --------  ---------  --------  --------  ----  --------
  FLASH                 00000000   00040000  000060e4  00039f1c  R  X
  SRAM                  20000000   00008000  00000637  000079c9  RW X


SEGMENT ALLOCATION MAP

run origin  load origin   length   init length attrs members
----------  ----------- ---------- ----------- ----- -------
00000000    00000000    000060e8   000060e8    r-x
  00000000    00000000    0000026c   0000026c    r-- .intvecs
  0000026c    0000026c    000058d8   000058d8    r-x .text
  00005b48    00005b48    00000558   00000558    r-- .const
  000060a0    000060a0    00000048   00000048    r-- .cinit
20000000    20000000    00000639   00000000    rw-
  20000000    20000000    0000026c   00000000    rw- .vtable
  2000026c    2000026c    00000200   00000000    rw- .stack
  2000046c    2000046c    000001ae   00000000    rw- .bss
  2000061c    2000061c    0000001d   00000000    rw- .data


SECTION ALLOCATION MAP

 output                                  attributes/
section   page    origin      length       input sections
--------  ----  ----------  ----------   ----------------
.intvecs   0    00000000    0000026c     
                  00000000    0000026c     tm4c123gh6pm_startup_ccs.obj (.intvecs)

.text      0    0000026c    000058d8     
                  0000026c    0000113e     rtsv7M4_T_le_v4SPD16_eabi.lib : _printfi.obj (.text)
                  000013aa    00000002                                   : mpu_init.obj (.text)
                  000013ac    00000c50     INVERSE.obj (.text)
                  00001ffc    00000738     rtsv7M4_T_le_v4SPD16_eabi.lib : k_rem_pio2.obj (.text)
                  00002734    000005dc                                   : s_cos.obj (.text)
                  00002d10    000005c4                                   : s_sin.obj (.text)
                  000032d4    000003e4                                   : e_asin.obj (.text)
                  000036b8    000002ec                                   : s_atan.obj (.text)
                  000039a4    000002b8     main.obj (.text)
                  00003c5c    000001f4     rtsv7M4_T_le_v4SPD16_eabi.lib : ull_div_t2.obj (.text)
                  00003e50    000001ec                                   : e_atan2.obj (.text)
                  0000403c    000001d4     UART.obj (.text)
                  00004210    000001b6     rtsv7M4_T_le_v4SPD16_eabi.lib : fd_add_t2.obj (.text)
                  000043c6    00000002                                   : startup.obj (.text)
                  000043c8    0000018c     PWM.obj (.text)
                  00004554    00000174     rtsv7M4_T_le_v4SPD16_eabi.lib : k_sin.obj (.text)
                  000046c8    00000170                                   : e_sqrt.obj (.text)
                  00004838    0000016c                                   : k_cos.obj (.text)
                  000049a4    00000136                                   : fd_div_t2.obj (.text)
                  00004ada    00000132     driverlib.lib : gpio.obj (.text:GPIOPadConfigSet)
                  00004c0c    00000110                   : sysctl.obj (.text:SysCtlClockGet)
                  00004d1c    000000fc     rtsv7M4_T_le_v4SPD16_eabi.lib : fd_mul_t2.obj (.text)
                  00004e18    000000fc                                   : s_scalbn.obj (.text)
                  00004f14    000000f8                                   : s_floor.obj (.text)
                  0000500c    000000f4     driverlib.lib : sysctl.obj (.text:SysCtlClockSet)
                  00005100    0000009c     rtsv7M4_T_le_v4SPD16_eabi.lib : memcpy_t2.obj (.text)
                  0000519c    00000086                                   : fd_cmp_t2.obj (.text:__aeabi_cdcmple)
                  00005222    00000086                                   : fd_cmp_t2.obj (.text:__aeabi_cdrcmple)
                  000052a8    0000007a                                   : memset_t2.obj (.text)
                  00005322    00000002     --HOLE-- [fill = 0]
                  00005324    00000070                                   : autoinit.obj (.text)
                  00005394    0000006e                                   : fd_tos_t2.obj (.text)
                  00005402    00000002     --HOLE-- [fill = 0]
                  00005404    00000068     driverlib.lib : interrupt.obj (.text:IntEnable)
                  0000546c    00000068     rtsv7M4_T_le_v4SPD16_eabi.lib : copy_decompress_lzss.obj (.text:decompress:lzss)
                  000054d4    00000064                                   : s_frexp.obj (.text)
                  00005538    00000060                                   : sprintf.obj (.text)
                  00005598    00000054                                   : boot.obj (.text)
                  000055ec    00000054                                   : exit.obj (.text)
                  00005640    00000054                                   : ltoa.obj (.text)
                  00005694    0000004c                                   : atoi.obj (.text)
                  000056e0    0000004c                                   : cpy_tbl.obj (.text)
                  0000572c    00000048     driverlib.lib : gpio.obj (.text:GPIOPinConfigure)
                  00005774    00000048     rtsv7M4_T_le_v4SPD16_eabi.lib : fd_toi_t2.obj (.text)
                  000057bc    00000046     driverlib.lib : uart.obj (.text:UARTConfigSetExpClk)
                  00005802    00000002     --HOLE-- [fill = 0]
                  00005804    00000040                   : uart.obj (.text:_UARTIntNumberGet)
                  00005844    00000038     rtsv7M4_T_le_v4SPD16_eabi.lib : fs_tod_t2.obj (.text)
                  0000587c    00000034     driverlib.lib : interrupt.obj (.text:IntRegister)
                  000058b0    00000034                   : sysctl.obj (.text:SysCtlPeripheralEnable)
                  000058e4    0000002e     rtsv7M4_T_le_v4SPD16_eabi.lib : i_tofd_t2.obj (.text)
                  00005912    0000002a     driverlib.lib : gpio.obj (.text:GPIODirModeSet)
                  0000593c    00000022                   : pwm.obj (.text:PWMGenConfigure)
                  0000595e    00000002     --HOLE-- [fill = 0]
                  00005960    00000020                   : uart.obj (.text:UARTDisable)
                  00005980    0000001e                   : pwm.obj (.text:PWMPulseWidthSet)
                  0000599e    0000001c     rtsv7M4_T_le_v4SPD16_eabi.lib : memccpy.obj (.text)
                  000059ba    00000018     driverlib.lib : uart.obj (.text:UARTIntRegister)
                  000059d2    00000002     --HOLE-- [fill = 0]
                  000059d4    00000018     rtsv7M4_T_le_v4SPD16_eabi.lib : args_main.obj (.text)
                  000059ec    00000016                                   : strchr.obj (.text)
                  00005a02    00000002     --HOLE-- [fill = 0]
                  00005a04    00000014     driverlib.lib : sysctl.obj (.text:SysCtlPWMClockSet)
                  00005a18    00000014                   : uart.obj (.text:UARTEnable)
                  00005a2c    00000014     rtsv7M4_T_le_v4SPD16_eabi.lib : _lock.obj (.text)
                  00005a40    00000014                                   : s_copysign.obj (.text)
                  00005a54    00000014                                   : strlen.obj (.text)
                  00005a68    00000012     driverlib.lib : gpio.obj (.text:GPIOPinTypePWM)
                  00005a7a    00000012                   : gpio.obj (.text:GPIOPinTypeUART)
                  00005a8c    00000012                   : pwm.obj (.text:PWMOutputState)
                  00005a9e    00000010                   : interrupt.obj (.text:IntMasterEnable)
                  00005aae    00000010                   : pwm.obj (.text:PWMGenPeriodSet)
                  00005abe    0000000e                   : uart.obj (.text:UARTCharsAvail)
                  00005acc    0000000e     rtsv7M4_T_le_v4SPD16_eabi.lib : copy_decompress_none.obj (.text:decompress:none)
                  00005ada    0000000c     driverlib.lib : cpu.obj (.text:CPUcpsie)
                  00005ae6    0000000c                   : pwm.obj (.text:PWMGenEnable)
                  00005af2    0000000c     rtsv7M4_T_le_v4SPD16_eabi.lib : copy_zero_init.obj (.text:decompress:ZI)
                  00005afe    0000000c     tm4c123gh6pm_startup_ccs.obj (.text)
                  00005b0a    0000000a     driverlib.lib : uart.obj (.text:UARTCharGet)
                  00005b14    0000000a                   : uart.obj (.text:UARTCharPut)
                  00005b1e    0000000a                   : uart.obj (.text:UARTIntStatus)
                  00005b28    00000008                   : uart.obj (.text:UARTIntEnable)
                  00005b30    00000006                   : sysctl.obj (.text:SysCtlDelay)
                  00005b36    00000006                   : uart.obj (.text:UARTClockSourceSet)
                  00005b3c    00000004                   : uart.obj (.text:UARTIntClear)
                  00005b40    00000004     rtsv7M4_T_le_v4SPD16_eabi.lib : pre_init.obj (.text)

.const     0    00005b48    00000558     
                  00005b48    00000158     rtsv7M4_T_le_v4SPD16_eabi.lib : k_rem_pio2.obj (.const:$O1$$)
                  00005ca0    00000101                                   : ctype.obj (.const:.string:_ctypes_)
                  00005da1    00000007     --HOLE-- [fill = 0]
                  00005da8    00000098                                   : s_atan.obj (.const:$O1$$)
                  00005e40    00000090     driverlib.lib : gpio.obj (.const:g_pui32GPIOBaseAddrs)
                  00005ed0    00000070                   : interrupt.obj (.const)
                  00005f40    0000006c                   : sysctl.obj (.const:g_pui32Xtals)
                  00005fac    00000040                   : uart.obj (.const:g_ppui32UARTIntMap)
                  00005fec    00000040                   : uart.obj (.const:g_ppui32UARTIntMapSnowflake)
                  0000602c    00000004     --HOLE-- [fill = 0]
                  00006030    00000030     INVERSE.obj (.const:$P$T2$3)
                  00006060    00000018     INVERSE.obj (.const:$P$T0$1)
                  00006078    00000018     INVERSE.obj (.const:$P$T1$2)
                  00006090    00000010     INVERSE.obj (.const)

.cinit     0    000060a0    00000048     
                  000060a0    00000011     (.cinit..data.load) [load image, compression = lzss]
                  000060b1    00000003     --HOLE-- [fill = 0]
                  000060b4    0000000c     (__TI_handler_table)
                  000060c0    00000008     (.cinit..bss.load) [load image, compression = zero_init]
                  000060c8    00000008     (.cinit..vtable.load) [load image, compression = zero_init]
                  000060d0    00000018     (__TI_cinit_table)

.init_array 
*          0    00000000    00000000     UNINITIALIZED

.vtable    0    20000000    0000026c     UNINITIALIZED
                  20000000    0000026c     driverlib.lib : interrupt.obj (.vtable)

.stack     0    2000026c    00000200     UNINITIALIZED
                  2000026c    00000200     --HOLE--

.bss       0    2000046c    000001ae     UNINITIALIZED
                  2000046c    00000064     UART.obj (.bss:Buff)
                  200004d0    00000018     (.common:alpha)
                  200004e8    00000018     (.common:l_x)
                  20000500    00000018     (.common:l_y)
                  20000518    00000018     (.common:l_z)
                  20000530    00000018     (.common:q_x)
                  20000548    00000018     (.common:q_y)
                  20000560    00000018     (.common:q_z)
                  20000578    00000018     (.common:xb)
                  20000590    00000018     (.common:xp)
                  200005a8    00000018     (.common:yb)
                  200005c0    00000018     (.common:yp)
                  200005d8    00000018     (.common:zb)
                  200005f0    00000018     (.common:zp)
                  20000608    00000004     (.common:res_X)
                  2000060c    00000004     (.common:res_Y)
                  20000610    00000004     (.common:ui32Load)
                  20000614    00000004     (.common:ui32PWMClock)
                  20000618    00000002     (.common:check_Uart)

.data      0    2000061c    0000001d     UNINITIALIZED
                  2000061c    0000000c     rtsv7M4_T_le_v4SPD16_eabi.lib : exit.obj (.data:$O1$$)
                  20000628    00000008                                   : _lock.obj (.data:$O1$$)
                  20000630    00000004                                   : errno.obj (.data)
                  20000634    00000004                                   : stkdepth_vars.obj (.data)
                  20000638    00000001     UART.obj (.data)

MODULE SUMMARY

       Module                         code    ro data   rw data
       ------                         ----    -------   -------
    .\
       main.obj                       696     0         10     
       tm4c123gh6pm_startup_ccs.obj   12      620       0      
    +--+------------------------------+-------+---------+---------+
       Total:                         708     620       10     
                                                               
    .\INVERSE\
       INVERSE.obj                    3152    112       312    
    +--+------------------------------+-------+---------+---------+
       Total:                         3152    112       312    
                                                               
    .\PWM\
       PWM.obj                        396     0         8      
    +--+------------------------------+-------+---------+---------+
       Total:                         396     0         8      
                                                               
    .\UART\
       UART.obj                       468     0         101    
    +--+------------------------------+-------+---------+---------+
       Total:                         468     0         101    
                                                               
    C:/ti/TivaWare_C_Series-2.1.4.178/driverlib/ccs/Debug/driverlib.lib
       interrupt.obj                  172     112       620    
       sysctl.obj                     594     108       0      
       gpio.obj                       456     144       0      
       uart.obj                       272     128       0      
       pwm.obj                        110     0         0      
       cpu.obj                        12      0         0      
    +--+------------------------------+-------+---------+---------+
       Total:                         1616    492       620    
                                                               
    C:\ti\ccsv7\tools\compiler\ti-cgt-arm_16.9.6.LTS\lib\rtsv7M4_T_le_v4SPD16_eabi.lib
       _printfi.obj                   4414    0         0      
       k_rem_pio2.obj                 1848    344       0      
       s_cos.obj                      1500    0         0      
       s_sin.obj                      1476    0         0      
       e_asin.obj                     996     0         0      
       s_atan.obj                     748     152       0      
       ull_div_t2.obj                 500     0         0      
       e_atan2.obj                    492     0         0      
       fd_add_t2.obj                  438     0         0      
       k_sin.obj                      372     0         0      
       e_sqrt.obj                     368     0         0      
       k_cos.obj                      364     0         0      
       fd_div_t2.obj                  310     0         0      
       fd_cmp_t2.obj                  268     0         0      
       ctype.obj                      0       257       0      
       fd_mul_t2.obj                  252     0         0      
       s_scalbn.obj                   252     0         0      
       s_floor.obj                    248     0         0      
       memcpy_t2.obj                  156     0         0      
       memset_t2.obj                  122     0         0      
       autoinit.obj                   112     0         0      
       fd_tos_t2.obj                  110     0         0      
       copy_decompress_lzss.obj       104     0         0      
       s_frexp.obj                    100     0         0      
       exit.obj                       84      0         12     
       sprintf.obj                    96      0         0      
       boot.obj                       84      0         0      
       ltoa.obj                       84      0         0      
       atoi.obj                       76      0         0      
       cpy_tbl.obj                    76      0         0      
       fd_toi_t2.obj                  72      0         0      
       fs_tod_t2.obj                  56      0         0      
       i_tofd_t2.obj                  46      0         0      
       _lock.obj                      20      0         8      
       memccpy.obj                    28      0         0      
       args_main.obj                  24      0         0      
       strchr.obj                     22      0         0      
       s_copysign.obj                 20      0         0      
       strlen.obj                     20      0         0      
       copy_decompress_none.obj       14      0         0      
       copy_zero_init.obj             12      0         0      
       errno.obj                      0       0         4      
       pre_init.obj                   4       0         0      
       stkdepth_vars.obj              0       0         4      
       mpu_init.obj                   2       0         0      
       startup.obj                    2       0         0      
    +--+------------------------------+-------+---------+---------+
       Total:                         16392   753       28     
                                                               
       Stack:                         0       0         512    
       Linker Generated:              0       69        0      
    +--+------------------------------+-------+---------+---------+
       Grand Total:                   22732   2046      1591   


LINKER GENERATED COPY TABLES

__TI_cinit_table @ 000060d0 records: 3, size/record: 8, table size: 24
	.data: load addr=000060a0, load size=00000011 bytes, run addr=2000061c, run size=0000001d bytes, compression=lzss
	.bss: load addr=000060c0, load size=00000008 bytes, run addr=2000046c, run size=000001ae bytes, compression=zero_init
	.vtable: load addr=000060c8, load size=00000008 bytes, run addr=20000000, run size=0000026c bytes, compression=zero_init


LINKER GENERATED HANDLER TABLE

__TI_handler_table @ 000060b4 records: 3, size/record: 4, table size: 12
	index: 0, handler: __TI_zero_init
	index: 1, handler: __TI_decompress_lzss
	index: 2, handler: __TI_decompress_none


GLOBAL SYMBOLS: SORTED ALPHABETICALLY BY Name 

address   name                           
-------   ----                           
000055ed  C$$EXIT                        
00005adb  CPUcpsie                       
000043c9  Config_PWM                     
0000418f  Config_UART                    
00005913  GPIODirModeSet                 
00004adb  GPIOPadConfigSet               
0000572d  GPIOPinConfigure               
00005a69  GPIOPinTypePWM                 
00005a7b  GPIOPinTypeUART                
00001f4d  GetAlpha                       
00005405  IntEnable                      
00005a9f  IntMasterEnable                
0000587d  IntRegister                    
000013ad  Inverse                        
0000593d  PWMGenConfigure                
00005ae7  PWMGenEnable                   
00005aaf  PWMGenPeriodSet                
00005a8d  PWMOutputState                 
00005981  PWMPulseWidthSet               
00005aff  ResetISR                       
000040ad  SEP_UART                       
UNDEFED   SHT$$INIT_ARRAY$$Base          
UNDEFED   SHT$$INIT_ARRAY$$Limit         
00004c0d  SysCtlClockGet                 
0000500d  SysCtlClockSet                 
00005b31  SysCtlDelay                    
00005a05  SysCtlPWMClockSet              
000058b1  SysCtlPeripheralEnable         
00005b0b  UARTCharGet                    
00005b15  UARTCharPut                    
00005abf  UARTCharsAvail                 
00005b37  UARTClockSourceSet             
000057bd  UARTConfigSetExpClk            
00005961  UARTDisable                    
00005a19  UARTEnable                     
0000405d  UARTGetBuffer                  
00005b3d  UARTIntClear                   
00005b29  UARTIntEnable                  
000059bb  UARTIntRegister                
00005b1f  UARTIntStatus                  
2000046c  __STACK_END                    
00000200  __STACK_SIZE                   
2000046c  __STACK_TOP                    
000060d0  __TI_CINIT_Base                
000060e8  __TI_CINIT_Limit               
000060b4  __TI_Handler_Table_Base        
000060c0  __TI_Handler_Table_Limit       
00005325  __TI_auto_init                 
2000061c  __TI_cleanup_ptr               
0000546d  __TI_decompress_lzss           
00005acd  __TI_decompress_none           
20000620  __TI_dtors_ptr                 
20000624  __TI_enable_exit_profile_output
ffffffff  __TI_pprof_out_hndl            
00000ab1  __TI_printfi                   
ffffffff  __TI_prof_data_size            
ffffffff  __TI_prof_data_start           
00000000  __TI_static_base__             
00005af3  __TI_zero_init                 
0000519d  __aeabi_cdcmpeq                
0000519d  __aeabi_cdcmple                
00005223  __aeabi_cdrcmple               
00005395  __aeabi_d2f                    
00005775  __aeabi_d2iz                   
0000421b  __aeabi_dadd                   
000049a5  __aeabi_ddiv                   
00004d1d  __aeabi_dmul                   
00004211  __aeabi_dsub                   
00005845  __aeabi_f2d                    
000058e5  __aeabi_i2d                    
000052a9  __aeabi_memclr                 
000052a9  __aeabi_memclr4                
000052a9  __aeabi_memclr8                
00005101  __aeabi_memcpy                 
00005101  __aeabi_memcpy4                
00005101  __aeabi_memcpy8                
000052ab  __aeabi_memset                 
000052ab  __aeabi_memset4                
000052ab  __aeabi_memset8                
00003c5d  __aeabi_uldivmod               
ffffffff  __binit__                      
ffffffff  __c_args__                     
00004839  __kernel_cos                   
00001ffd  __kernel_rem_pio2              
00004555  __kernel_sin                   
000013ab  __mpu_init                     
2000026c  __stack                        
000059d5  _args_main                     
00005599  _c_int00                       
00005ca0  _ctypes_                       
20000628  _lock                          
00005a3b  _nop                           
00005a33  _register_lock                 
00005a2d  _register_unlock               
000043c7  _system_post_cinit             
00005b41  _system_pre_init               
2000062c  _unlock                        
000055f1  abort                          
200004d0  alpha                          
000032d5  asin                           
000032d5  asinl                          
000036b9  atan                           
00003e51  atan2                          
00003e51  atan2l                         
000036b9  atanl                          
00005695  atoi                           
00006090  baseRadius                     
ffffffff  binit                          
20000618  check_Uart                     
000056e1  copy_in                        
00005a41  copysign                       
00005a41  copysignl                      
00002735  cos                            
00002735  cosl                           
000039a5  delayMS                        
20000630  errno                          
000055f9  exit                           
00004f15  floor                          
00004f15  floorl                         
000054d5  frexp                          
000054d5  frexpl                         
20000000  g_pfnRAMVectors                
00000000  g_pfnVectors                   
00006098  hornLength                     
200004e8  l_x                            
20000500  l_y                            
20000518  l_z                            
00004e19  ldexp                          
00004e19  ldexpl                         
0000609c  legLength                      
00005641  ltoa                           
000039c1  main                           
20000634  main_func_sp                   
0000599f  memccpy                        
00005101  memcpy                         
000052b1  memset                         
00006094  platformRadius                 
20000530  q_x                            
20000548  q_y                            
20000560  q_z                            
20000608  res_X                          
2000060c  res_Y                          
00004e19  scalbn                         
00004e19  scalbnl                        
00002d11  sin                            
00002d11  sinl                           
00005539  sprintf                        
000046c9  sqrt                           
000046c9  sqrtl                          
000059ed  strchr                         
00005a55  strlen                         
20000610  ui32Load                       
20000614  ui32PWMClock                   
20000578  xb                             
20000590  xp                             
200005a8  yb                             
200005c0  yp                             
200005d8  zb                             
200005f0  zp                             


GLOBAL SYMBOLS: SORTED BY Symbol Address 

address   name                           
-------   ----                           
00000000  __TI_static_base__             
00000000  g_pfnVectors                   
00000200  __STACK_SIZE                   
00000ab1  __TI_printfi                   
000013ab  __mpu_init                     
000013ad  Inverse                        
00001f4d  GetAlpha                       
00001ffd  __kernel_rem_pio2              
00002735  cos                            
00002735  cosl                           
00002d11  sin                            
00002d11  sinl                           
000032d5  asin                           
000032d5  asinl                          
000036b9  atan                           
000036b9  atanl                          
000039a5  delayMS                        
000039c1  main                           
00003c5d  __aeabi_uldivmod               
00003e51  atan2                          
00003e51  atan2l                         
0000405d  UARTGetBuffer                  
000040ad  SEP_UART                       
0000418f  Config_UART                    
00004211  __aeabi_dsub                   
0000421b  __aeabi_dadd                   
000043c7  _system_post_cinit             
000043c9  Config_PWM                     
00004555  __kernel_sin                   
000046c9  sqrt                           
000046c9  sqrtl                          
00004839  __kernel_cos                   
000049a5  __aeabi_ddiv                   
00004adb  GPIOPadConfigSet               
00004c0d  SysCtlClockGet                 
00004d1d  __aeabi_dmul                   
00004e19  ldexp                          
00004e19  ldexpl                         
00004e19  scalbn                         
00004e19  scalbnl                        
00004f15  floor                          
00004f15  floorl                         
0000500d  SysCtlClockSet                 
00005101  __aeabi_memcpy                 
00005101  __aeabi_memcpy4                
00005101  __aeabi_memcpy8                
00005101  memcpy                         
0000519d  __aeabi_cdcmpeq                
0000519d  __aeabi_cdcmple                
00005223  __aeabi_cdrcmple               
000052a9  __aeabi_memclr                 
000052a9  __aeabi_memclr4                
000052a9  __aeabi_memclr8                
000052ab  __aeabi_memset                 
000052ab  __aeabi_memset4                
000052ab  __aeabi_memset8                
000052b1  memset                         
00005325  __TI_auto_init                 
00005395  __aeabi_d2f                    
00005405  IntEnable                      
0000546d  __TI_decompress_lzss           
000054d5  frexp                          
000054d5  frexpl                         
00005539  sprintf                        
00005599  _c_int00                       
000055ed  C$$EXIT                        
000055f1  abort                          
000055f9  exit                           
00005641  ltoa                           
00005695  atoi                           
000056e1  copy_in                        
0000572d  GPIOPinConfigure               
00005775  __aeabi_d2iz                   
000057bd  UARTConfigSetExpClk            
00005845  __aeabi_f2d                    
0000587d  IntRegister                    
000058b1  SysCtlPeripheralEnable         
000058e5  __aeabi_i2d                    
00005913  GPIODirModeSet                 
0000593d  PWMGenConfigure                
00005961  UARTDisable                    
00005981  PWMPulseWidthSet               
0000599f  memccpy                        
000059bb  UARTIntRegister                
000059d5  _args_main                     
000059ed  strchr                         
00005a05  SysCtlPWMClockSet              
00005a19  UARTEnable                     
00005a2d  _register_unlock               
00005a33  _register_lock                 
00005a3b  _nop                           
00005a41  copysign                       
00005a41  copysignl                      
00005a55  strlen                         
00005a69  GPIOPinTypePWM                 
00005a7b  GPIOPinTypeUART                
00005a8d  PWMOutputState                 
00005a9f  IntMasterEnable                
00005aaf  PWMGenPeriodSet                
00005abf  UARTCharsAvail                 
00005acd  __TI_decompress_none           
00005adb  CPUcpsie                       
00005ae7  PWMGenEnable                   
00005af3  __TI_zero_init                 
00005aff  ResetISR                       
00005b0b  UARTCharGet                    
00005b15  UARTCharPut                    
00005b1f  UARTIntStatus                  
00005b29  UARTIntEnable                  
00005b31  SysCtlDelay                    
00005b37  UARTClockSourceSet             
00005b3d  UARTIntClear                   
00005b41  _system_pre_init               
00005ca0  _ctypes_                       
00006090  baseRadius                     
00006094  platformRadius                 
00006098  hornLength                     
0000609c  legLength                      
000060b4  __TI_Handler_Table_Base        
000060c0  __TI_Handler_Table_Limit       
000060d0  __TI_CINIT_Base                
000060e8  __TI_CINIT_Limit               
20000000  g_pfnRAMVectors                
2000026c  __stack                        
2000046c  __STACK_END                    
2000046c  __STACK_TOP                    
200004d0  alpha                          
200004e8  l_x                            
20000500  l_y                            
20000518  l_z                            
20000530  q_x                            
20000548  q_y                            
20000560  q_z                            
20000578  xb                             
20000590  xp                             
200005a8  yb                             
200005c0  yp                             
200005d8  zb                             
200005f0  zp                             
20000608  res_X                          
2000060c  res_Y                          
20000610  ui32Load                       
20000614  ui32PWMClock                   
20000618  check_Uart                     
2000061c  __TI_cleanup_ptr               
20000620  __TI_dtors_ptr                 
20000624  __TI_enable_exit_profile_output
20000628  _lock                          
2000062c  _unlock                        
20000630  errno                          
20000634  main_func_sp                   
ffffffff  __TI_pprof_out_hndl            
ffffffff  __TI_prof_data_size            
ffffffff  __TI_prof_data_start           
ffffffff  __binit__                      
ffffffff  __c_args__                     
ffffffff  binit                          
UNDEFED   SHT$$INIT_ARRAY$$Base          
UNDEFED   SHT$$INIT_ARRAY$$Limit         

[159 symbols]
