<?xml version="1.0"?>
<link_info>
   <banner>TI ARM Linker PC v16.9.6.LTS</banner>
   <copyright>Copyright (c) 1996-2017 Texas Instruments Incorporated</copyright>
   <link_time>0x5a3fb87b</link_time>
   <link_errors>0x0</link_errors>
   <output_file>MyProject.out</output_file>
   <entry_point>
      <name>_c_int00</name>
      <address>0x5599</address>
   </entry_point>
   <input_file_list>
      <input_file id="fl-2">
         <path>.\</path>
         <kind>object</kind>
         <file>main.obj</file>
         <name>main.obj</name>
      </input_file>
      <input_file id="fl-3">
         <path>.\</path>
         <kind>object</kind>
         <file>tm4c123gh6pm_startup_ccs.obj</file>
         <name>tm4c123gh6pm_startup_ccs.obj</name>
      </input_file>
      <input_file id="fl-4">
         <path>.\INVERSE\</path>
         <kind>object</kind>
         <file>INVERSE.obj</file>
         <name>INVERSE.obj</name>
      </input_file>
      <input_file id="fl-5">
         <path>.\PWM\</path>
         <kind>object</kind>
         <file>PWM.obj</file>
         <name>PWM.obj</name>
      </input_file>
      <input_file id="fl-6">
         <path>.\SYSTICK\</path>
         <kind>object</kind>
         <file>SYSTICK.obj</file>
         <name>SYSTICK.obj</name>
      </input_file>
      <input_file id="fl-7">
         <path>.\UART\</path>
         <kind>object</kind>
         <file>UART.obj</file>
         <name>UART.obj</name>
      </input_file>
      <input_file id="fl-8">
         <path>.\UART\</path>
         <kind>object</kind>
         <file>uartstdio.obj</file>
         <name>uartstdio.obj</name>
      </input_file>
      <input_file id="fl-9">
         <path>.\UART\</path>
         <kind>object</kind>
         <file>ustdlib.obj</file>
         <name>ustdlib.obj</name>
      </input_file>
      <input_file id="fl-e">
         <kind>object</kind>
         <file>&lt;internal&gt;</file>
         <name>&lt;internal&gt;</name>
      </input_file>
      <input_file id="fl-f">
         <path>C:\ti\TivaWare_C_Series-2.1.4.178\driverlib\ccs\Debug\</path>
         <kind>archive</kind>
         <file>driverlib.lib</file>
         <name>gpio.obj</name>
      </input_file>
      <input_file id="fl-10">
         <path>C:\ti\TivaWare_C_Series-2.1.4.178\driverlib\ccs\Debug\</path>
         <kind>archive</kind>
         <file>driverlib.lib</file>
         <name>interrupt.obj</name>
      </input_file>
      <input_file id="fl-11">
         <path>C:\ti\TivaWare_C_Series-2.1.4.178\driverlib\ccs\Debug\</path>
         <kind>archive</kind>
         <file>driverlib.lib</file>
         <name>pwm.obj</name>
      </input_file>
      <input_file id="fl-12">
         <path>C:\ti\TivaWare_C_Series-2.1.4.178\driverlib\ccs\Debug\</path>
         <kind>archive</kind>
         <file>driverlib.lib</file>
         <name>sysctl.obj</name>
      </input_file>
      <input_file id="fl-13">
         <path>C:\ti\TivaWare_C_Series-2.1.4.178\driverlib\ccs\Debug\</path>
         <kind>archive</kind>
         <file>driverlib.lib</file>
         <name>systick.obj</name>
      </input_file>
      <input_file id="fl-14">
         <path>C:\ti\TivaWare_C_Series-2.1.4.178\driverlib\ccs\Debug\</path>
         <kind>archive</kind>
         <file>driverlib.lib</file>
         <name>uart.obj</name>
      </input_file>
      <input_file id="fl-15">
         <path>C:\ti\TivaWare_C_Series-2.1.4.178\driverlib\ccs\Debug\</path>
         <kind>archive</kind>
         <file>driverlib.lib</file>
         <name>cpu.obj</name>
      </input_file>
      <input_file id="fl-cb">
         <path>C:\ti\ccsv7\tools\compiler\ti-cgt-arm_16.9.6.LTS\lib\</path>
         <kind>archive</kind>
         <file>rtsv7M4_T_le_v4SPD16_eabi.lib</file>
         <name>boot.obj</name>
      </input_file>
      <input_file id="fl-cc">
         <path>C:\ti\ccsv7\tools\compiler\ti-cgt-arm_16.9.6.LTS\lib\</path>
         <kind>archive</kind>
         <file>rtsv7M4_T_le_v4SPD16_eabi.lib</file>
         <name>copy_decompress_lzss.obj</name>
      </input_file>
      <input_file id="fl-cd">
         <path>C:\ti\ccsv7\tools\compiler\ti-cgt-arm_16.9.6.LTS\lib\</path>
         <kind>archive</kind>
         <file>rtsv7M4_T_le_v4SPD16_eabi.lib</file>
         <name>copy_decompress_none.obj</name>
      </input_file>
      <input_file id="fl-ce">
         <path>C:\ti\ccsv7\tools\compiler\ti-cgt-arm_16.9.6.LTS\lib\</path>
         <kind>archive</kind>
         <file>rtsv7M4_T_le_v4SPD16_eabi.lib</file>
         <name>copy_zero_init.obj</name>
      </input_file>
      <input_file id="fl-cf">
         <path>C:\ti\ccsv7\tools\compiler\ti-cgt-arm_16.9.6.LTS\lib\</path>
         <kind>archive</kind>
         <file>rtsv7M4_T_le_v4SPD16_eabi.lib</file>
         <name>e_asin.obj</name>
      </input_file>
      <input_file id="fl-d0">
         <path>C:\ti\ccsv7\tools\compiler\ti-cgt-arm_16.9.6.LTS\lib\</path>
         <kind>archive</kind>
         <file>rtsv7M4_T_le_v4SPD16_eabi.lib</file>
         <name>e_atan2.obj</name>
      </input_file>
      <input_file id="fl-d1">
         <path>C:\ti\ccsv7\tools\compiler\ti-cgt-arm_16.9.6.LTS\lib\</path>
         <kind>archive</kind>
         <file>rtsv7M4_T_le_v4SPD16_eabi.lib</file>
         <name>e_sqrt.obj</name>
      </input_file>
      <input_file id="fl-d2">
         <path>C:\ti\ccsv7\tools\compiler\ti-cgt-arm_16.9.6.LTS\lib\</path>
         <kind>archive</kind>
         <file>rtsv7M4_T_le_v4SPD16_eabi.lib</file>
         <name>errno.obj</name>
      </input_file>
      <input_file id="fl-d3">
         <path>C:\ti\ccsv7\tools\compiler\ti-cgt-arm_16.9.6.LTS\lib\</path>
         <kind>archive</kind>
         <file>rtsv7M4_T_le_v4SPD16_eabi.lib</file>
         <name>exit.obj</name>
      </input_file>
      <input_file id="fl-d4">
         <path>C:\ti\ccsv7\tools\compiler\ti-cgt-arm_16.9.6.LTS\lib\</path>
         <kind>archive</kind>
         <file>rtsv7M4_T_le_v4SPD16_eabi.lib</file>
         <name>fd_add_t2.obj</name>
      </input_file>
      <input_file id="fl-d5">
         <path>C:\ti\ccsv7\tools\compiler\ti-cgt-arm_16.9.6.LTS\lib\</path>
         <kind>archive</kind>
         <file>rtsv7M4_T_le_v4SPD16_eabi.lib</file>
         <name>fd_cmp_t2.obj</name>
      </input_file>
      <input_file id="fl-d6">
         <path>C:\ti\ccsv7\tools\compiler\ti-cgt-arm_16.9.6.LTS\lib\</path>
         <kind>archive</kind>
         <file>rtsv7M4_T_le_v4SPD16_eabi.lib</file>
         <name>fd_div_t2.obj</name>
      </input_file>
      <input_file id="fl-d7">
         <path>C:\ti\ccsv7\tools\compiler\ti-cgt-arm_16.9.6.LTS\lib\</path>
         <kind>archive</kind>
         <file>rtsv7M4_T_le_v4SPD16_eabi.lib</file>
         <name>fd_mul_t2.obj</name>
      </input_file>
      <input_file id="fl-d8">
         <path>C:\ti\ccsv7\tools\compiler\ti-cgt-arm_16.9.6.LTS\lib\</path>
         <kind>archive</kind>
         <file>rtsv7M4_T_le_v4SPD16_eabi.lib</file>
         <name>fd_tos_t2.obj</name>
      </input_file>
      <input_file id="fl-d9">
         <path>C:\ti\ccsv7\tools\compiler\ti-cgt-arm_16.9.6.LTS\lib\</path>
         <kind>archive</kind>
         <file>rtsv7M4_T_le_v4SPD16_eabi.lib</file>
         <name>fs_tod_t2.obj</name>
      </input_file>
      <input_file id="fl-da">
         <path>C:\ti\ccsv7\tools\compiler\ti-cgt-arm_16.9.6.LTS\lib\</path>
         <kind>archive</kind>
         <file>rtsv7M4_T_le_v4SPD16_eabi.lib</file>
         <name>memcpy_t2.obj</name>
      </input_file>
      <input_file id="fl-db">
         <path>C:\ti\ccsv7\tools\compiler\ti-cgt-arm_16.9.6.LTS\lib\</path>
         <kind>archive</kind>
         <file>rtsv7M4_T_le_v4SPD16_eabi.lib</file>
         <name>memset_t2.obj</name>
      </input_file>
      <input_file id="fl-dc">
         <path>C:\ti\ccsv7\tools\compiler\ti-cgt-arm_16.9.6.LTS\lib\</path>
         <kind>archive</kind>
         <file>rtsv7M4_T_le_v4SPD16_eabi.lib</file>
         <name>mpu_init.obj</name>
      </input_file>
      <input_file id="fl-dd">
         <path>C:\ti\ccsv7\tools\compiler\ti-cgt-arm_16.9.6.LTS\lib\</path>
         <kind>archive</kind>
         <file>rtsv7M4_T_le_v4SPD16_eabi.lib</file>
         <name>pre_init.obj</name>
      </input_file>
      <input_file id="fl-de">
         <path>C:\ti\ccsv7\tools\compiler\ti-cgt-arm_16.9.6.LTS\lib\</path>
         <kind>archive</kind>
         <file>rtsv7M4_T_le_v4SPD16_eabi.lib</file>
         <name>s_atan.obj</name>
      </input_file>
      <input_file id="fl-df">
         <path>C:\ti\ccsv7\tools\compiler\ti-cgt-arm_16.9.6.LTS\lib\</path>
         <kind>archive</kind>
         <file>rtsv7M4_T_le_v4SPD16_eabi.lib</file>
         <name>s_cos.obj</name>
      </input_file>
      <input_file id="fl-e0">
         <path>C:\ti\ccsv7\tools\compiler\ti-cgt-arm_16.9.6.LTS\lib\</path>
         <kind>archive</kind>
         <file>rtsv7M4_T_le_v4SPD16_eabi.lib</file>
         <name>s_sin.obj</name>
      </input_file>
      <input_file id="fl-e1">
         <path>C:\ti\ccsv7\tools\compiler\ti-cgt-arm_16.9.6.LTS\lib\</path>
         <kind>archive</kind>
         <file>rtsv7M4_T_le_v4SPD16_eabi.lib</file>
         <name>sprintf.obj</name>
      </input_file>
      <input_file id="fl-e2">
         <path>C:\ti\ccsv7\tools\compiler\ti-cgt-arm_16.9.6.LTS\lib\</path>
         <kind>archive</kind>
         <file>rtsv7M4_T_le_v4SPD16_eabi.lib</file>
         <name>stkdepth_vars.obj</name>
      </input_file>
      <input_file id="fl-e3">
         <path>C:\ti\ccsv7\tools\compiler\ti-cgt-arm_16.9.6.LTS\lib\</path>
         <kind>archive</kind>
         <file>rtsv7M4_T_le_v4SPD16_eabi.lib</file>
         <name>u_divt2.obj</name>
      </input_file>
      <input_file id="fl-e4">
         <path>C:\ti\ccsv7\tools\compiler\ti-cgt-arm_16.9.6.LTS\lib\</path>
         <kind>archive</kind>
         <file>rtsv7M4_T_le_v4SPD16_eabi.lib</file>
         <name>_lock.obj</name>
      </input_file>
      <input_file id="fl-e5">
         <path>C:\ti\ccsv7\tools\compiler\ti-cgt-arm_16.9.6.LTS\lib\</path>
         <kind>archive</kind>
         <file>rtsv7M4_T_le_v4SPD16_eabi.lib</file>
         <name>_printfi.obj</name>
      </input_file>
      <input_file id="fl-e6">
         <path>C:\ti\ccsv7\tools\compiler\ti-cgt-arm_16.9.6.LTS\lib\</path>
         <kind>archive</kind>
         <file>rtsv7M4_T_le_v4SPD16_eabi.lib</file>
         <name>args_main.obj</name>
      </input_file>
      <input_file id="fl-e7">
         <path>C:\ti\ccsv7\tools\compiler\ti-cgt-arm_16.9.6.LTS\lib\</path>
         <kind>archive</kind>
         <file>rtsv7M4_T_le_v4SPD16_eabi.lib</file>
         <name>atoi.obj</name>
      </input_file>
      <input_file id="fl-e8">
         <path>C:\ti\ccsv7\tools\compiler\ti-cgt-arm_16.9.6.LTS\lib\</path>
         <kind>archive</kind>
         <file>rtsv7M4_T_le_v4SPD16_eabi.lib</file>
         <name>autoinit.obj</name>
      </input_file>
      <input_file id="fl-e9">
         <path>C:\ti\ccsv7\tools\compiler\ti-cgt-arm_16.9.6.LTS\lib\</path>
         <kind>archive</kind>
         <file>rtsv7M4_T_le_v4SPD16_eabi.lib</file>
         <name>cpy_tbl.obj</name>
      </input_file>
      <input_file id="fl-ea">
         <path>C:\ti\ccsv7\tools\compiler\ti-cgt-arm_16.9.6.LTS\lib\</path>
         <kind>archive</kind>
         <file>rtsv7M4_T_le_v4SPD16_eabi.lib</file>
         <name>ctype.obj</name>
      </input_file>
      <input_file id="fl-eb">
         <path>C:\ti\ccsv7\tools\compiler\ti-cgt-arm_16.9.6.LTS\lib\</path>
         <kind>archive</kind>
         <file>rtsv7M4_T_le_v4SPD16_eabi.lib</file>
         <name>fd_toi_t2.obj</name>
      </input_file>
      <input_file id="fl-ec">
         <path>C:\ti\ccsv7\tools\compiler\ti-cgt-arm_16.9.6.LTS\lib\</path>
         <kind>archive</kind>
         <file>rtsv7M4_T_le_v4SPD16_eabi.lib</file>
         <name>i_div0.obj</name>
      </input_file>
      <input_file id="fl-ed">
         <path>C:\ti\ccsv7\tools\compiler\ti-cgt-arm_16.9.6.LTS\lib\</path>
         <kind>archive</kind>
         <file>rtsv7M4_T_le_v4SPD16_eabi.lib</file>
         <name>i_tofd_t2.obj</name>
      </input_file>
      <input_file id="fl-ee">
         <path>C:\ti\ccsv7\tools\compiler\ti-cgt-arm_16.9.6.LTS\lib\</path>
         <kind>archive</kind>
         <file>rtsv7M4_T_le_v4SPD16_eabi.lib</file>
         <name>k_cos.obj</name>
      </input_file>
      <input_file id="fl-ef">
         <path>C:\ti\ccsv7\tools\compiler\ti-cgt-arm_16.9.6.LTS\lib\</path>
         <kind>archive</kind>
         <file>rtsv7M4_T_le_v4SPD16_eabi.lib</file>
         <name>k_rem_pio2.obj</name>
      </input_file>
      <input_file id="fl-f0">
         <path>C:\ti\ccsv7\tools\compiler\ti-cgt-arm_16.9.6.LTS\lib\</path>
         <kind>archive</kind>
         <file>rtsv7M4_T_le_v4SPD16_eabi.lib</file>
         <name>k_sin.obj</name>
      </input_file>
      <input_file id="fl-f1">
         <path>C:\ti\ccsv7\tools\compiler\ti-cgt-arm_16.9.6.LTS\lib\</path>
         <kind>archive</kind>
         <file>rtsv7M4_T_le_v4SPD16_eabi.lib</file>
         <name>ltoa.obj</name>
      </input_file>
      <input_file id="fl-f2">
         <path>C:\ti\ccsv7\tools\compiler\ti-cgt-arm_16.9.6.LTS\lib\</path>
         <kind>archive</kind>
         <file>rtsv7M4_T_le_v4SPD16_eabi.lib</file>
         <name>memccpy.obj</name>
      </input_file>
      <input_file id="fl-f3">
         <path>C:\ti\ccsv7\tools\compiler\ti-cgt-arm_16.9.6.LTS\lib\</path>
         <kind>archive</kind>
         <file>rtsv7M4_T_le_v4SPD16_eabi.lib</file>
         <name>s_floor.obj</name>
      </input_file>
      <input_file id="fl-f4">
         <path>C:\ti\ccsv7\tools\compiler\ti-cgt-arm_16.9.6.LTS\lib\</path>
         <kind>archive</kind>
         <file>rtsv7M4_T_le_v4SPD16_eabi.lib</file>
         <name>s_frexp.obj</name>
      </input_file>
      <input_file id="fl-f5">
         <path>C:\ti\ccsv7\tools\compiler\ti-cgt-arm_16.9.6.LTS\lib\</path>
         <kind>archive</kind>
         <file>rtsv7M4_T_le_v4SPD16_eabi.lib</file>
         <name>s_scalbn.obj</name>
      </input_file>
      <input_file id="fl-f6">
         <path>C:\ti\ccsv7\tools\compiler\ti-cgt-arm_16.9.6.LTS\lib\</path>
         <kind>archive</kind>
         <file>rtsv7M4_T_le_v4SPD16_eabi.lib</file>
         <name>startup.obj</name>
      </input_file>
      <input_file id="fl-f7">
         <path>C:\ti\ccsv7\tools\compiler\ti-cgt-arm_16.9.6.LTS\lib\</path>
         <kind>archive</kind>
         <file>rtsv7M4_T_le_v4SPD16_eabi.lib</file>
         <name>strchr.obj</name>
      </input_file>
      <input_file id="fl-f8">
         <path>C:\ti\ccsv7\tools\compiler\ti-cgt-arm_16.9.6.LTS\lib\</path>
         <kind>archive</kind>
         <file>rtsv7M4_T_le_v4SPD16_eabi.lib</file>
         <name>strlen.obj</name>
      </input_file>
      <input_file id="fl-f9">
         <path>C:\ti\ccsv7\tools\compiler\ti-cgt-arm_16.9.6.LTS\lib\</path>
         <kind>archive</kind>
         <file>rtsv7M4_T_le_v4SPD16_eabi.lib</file>
         <name>ull_div_t2.obj</name>
      </input_file>
      <input_file id="fl-fa">
         <path>C:\ti\ccsv7\tools\compiler\ti-cgt-arm_16.9.6.LTS\lib\</path>
         <kind>archive</kind>
         <file>rtsv7M4_T_le_v4SPD16_eabi.lib</file>
         <name>s_copysign.obj</name>
      </input_file>
   </input_file_list>
   <object_component_list>
      <object_component id="oc-f">
         <name>.intvecs</name>
         <load_address>0x0</load_address>
         <run_address>0x0</run_address>
         <size>0x26c</size>
         <input_file_ref idref="fl-3"/>
      </object_component>
      <object_component id="oc-20a">
         <name>.text</name>
         <load_address>0x26c</load_address>
         <run_address>0x26c</run_address>
         <size>0x113e</size>
         <input_file_ref idref="fl-e5"/>
      </object_component>
      <object_component id="oc-57">
         <name>.text</name>
         <load_address>0x13aa</load_address>
         <run_address>0x13aa</run_address>
         <size>0x2</size>
         <input_file_ref idref="fl-dc"/>
      </object_component>
      <object_component id="oc-ef">
         <name>.text</name>
         <load_address>0x13ac</load_address>
         <run_address>0x13ac</run_address>
         <size>0xc50</size>
         <input_file_ref idref="fl-4"/>
      </object_component>
      <object_component id="oc-28d">
         <name>.text</name>
         <load_address>0x1ffc</load_address>
         <run_address>0x1ffc</run_address>
         <size>0x738</size>
         <input_file_ref idref="fl-ef"/>
      </object_component>
      <object_component id="oc-1ca">
         <name>.text</name>
         <load_address>0x2734</load_address>
         <run_address>0x2734</run_address>
         <size>0x5dc</size>
         <input_file_ref idref="fl-df"/>
      </object_component>
      <object_component id="oc-1d5">
         <name>.text</name>
         <load_address>0x2d10</load_address>
         <run_address>0x2d10</run_address>
         <size>0x5c4</size>
         <input_file_ref idref="fl-e0"/>
      </object_component>
      <object_component id="oc-1f6">
         <name>.text</name>
         <load_address>0x32d4</load_address>
         <run_address>0x32d4</run_address>
         <size>0x3e4</size>
         <input_file_ref idref="fl-cf"/>
      </object_component>
      <object_component id="oc-2b3">
         <name>.text</name>
         <load_address>0x36b8</load_address>
         <run_address>0x36b8</run_address>
         <size>0x2ec</size>
         <input_file_ref idref="fl-de"/>
      </object_component>
      <object_component id="oc-a7">
         <name>.text</name>
         <load_address>0x39a4</load_address>
         <run_address>0x39a4</run_address>
         <size>0x2b8</size>
         <input_file_ref idref="fl-2"/>
      </object_component>
      <object_component id="oc-2bd">
         <name>.text</name>
         <load_address>0x3c5c</load_address>
         <run_address>0x3c5c</run_address>
         <size>0x1f4</size>
         <input_file_ref idref="fl-f9"/>
      </object_component>
      <object_component id="oc-1fc">
         <name>.text</name>
         <load_address>0x3e50</load_address>
         <run_address>0x3e50</run_address>
         <size>0x1ec</size>
         <input_file_ref idref="fl-d0"/>
      </object_component>
      <object_component id="oc-e3">
         <name>.text</name>
         <load_address>0x403c</load_address>
         <run_address>0x403c</run_address>
         <size>0x1d4</size>
         <input_file_ref idref="fl-7"/>
      </object_component>
      <object_component id="oc-1e1">
         <name>.text</name>
         <load_address>0x4210</load_address>
         <run_address>0x4210</run_address>
         <size>0x1b6</size>
         <input_file_ref idref="fl-d4"/>
      </object_component>
      <object_component id="oc-9f">
         <name>.text</name>
         <load_address>0x43c6</load_address>
         <run_address>0x43c6</run_address>
         <size>0x2</size>
         <input_file_ref idref="fl-f6"/>
      </object_component>
      <object_component id="oc-dd">
         <name>.text</name>
         <load_address>0x43c8</load_address>
         <run_address>0x43c8</run_address>
         <size>0x18c</size>
         <input_file_ref idref="fl-5"/>
      </object_component>
      <object_component id="oc-293">
         <name>.text</name>
         <load_address>0x4554</load_address>
         <run_address>0x4554</run_address>
         <size>0x174</size>
         <input_file_ref idref="fl-f0"/>
      </object_component>
      <object_component id="oc-1db">
         <name>.text</name>
         <load_address>0x46c8</load_address>
         <run_address>0x46c8</run_address>
         <size>0x170</size>
         <input_file_ref idref="fl-d1"/>
      </object_component>
      <object_component id="oc-27d">
         <name>.text</name>
         <load_address>0x4838</load_address>
         <run_address>0x4838</run_address>
         <size>0x16c</size>
         <input_file_ref idref="fl-ee"/>
      </object_component>
      <object_component id="oc-1f1">
         <name>.text</name>
         <load_address>0x49a4</load_address>
         <run_address>0x49a4</run_address>
         <size>0x136</size>
         <input_file_ref idref="fl-d6"/>
      </object_component>
      <object_component id="oc-237">
         <name>.text:GPIOPadConfigSet</name>
         <load_address>0x4ada</load_address>
         <run_address>0x4ada</run_address>
         <size>0x132</size>
         <input_file_ref idref="fl-f"/>
      </object_component>
      <object_component id="oc-d0">
         <name>.text:SysCtlClockGet</name>
         <load_address>0x4c0c</load_address>
         <run_address>0x4c0c</run_address>
         <size>0x110</size>
         <input_file_ref idref="fl-12"/>
      </object_component>
      <object_component id="oc-1c5">
         <name>.text</name>
         <load_address>0x4d1c</load_address>
         <run_address>0x4d1c</run_address>
         <size>0xfc</size>
         <input_file_ref idref="fl-d7"/>
      </object_component>
      <object_component id="oc-2d4">
         <name>.text</name>
         <load_address>0x4e18</load_address>
         <run_address>0x4e18</run_address>
         <size>0xfc</size>
         <input_file_ref idref="fl-f5"/>
      </object_component>
      <object_component id="oc-31d">
         <name>.text</name>
         <load_address>0x4f14</load_address>
         <run_address>0x4f14</run_address>
         <size>0xf8</size>
         <input_file_ref idref="fl-f3"/>
      </object_component>
      <object_component id="oc-d7">
         <name>.text:SysCtlClockSet</name>
         <load_address>0x500c</load_address>
         <run_address>0x500c</run_address>
         <size>0xf4</size>
         <input_file_ref idref="fl-12"/>
      </object_component>
      <object_component id="oc-3f">
         <name>.text</name>
         <load_address>0x5100</load_address>
         <run_address>0x5100</run_address>
         <size>0x9c</size>
         <input_file_ref idref="fl-da"/>
      </object_component>
      <object_component id="oc-288">
         <name>.text:__aeabi_cdcmple</name>
         <load_address>0x519c</load_address>
         <run_address>0x519c</run_address>
         <size>0x86</size>
         <input_file_ref idref="fl-d5"/>
      </object_component>
      <object_component id="oc-2a3">
         <name>.text:__aeabi_cdrcmple</name>
         <load_address>0x5222</load_address>
         <run_address>0x5222</run_address>
         <size>0x86</size>
         <input_file_ref idref="fl-d5"/>
      </object_component>
      <object_component id="oc-4b">
         <name>.text</name>
         <load_address>0x52a8</load_address>
         <run_address>0x52a8</run_address>
         <size>0x7a</size>
         <input_file_ref idref="fl-db"/>
      </object_component>
      <object_component id="oc-63">
         <name>.text</name>
         <load_address>0x5324</load_address>
         <run_address>0x5324</run_address>
         <size>0x70</size>
         <input_file_ref idref="fl-e8"/>
      </object_component>
      <object_component id="oc-1d0">
         <name>.text</name>
         <load_address>0x5394</load_address>
         <run_address>0x5394</run_address>
         <size>0x6e</size>
         <input_file_ref idref="fl-d8"/>
      </object_component>
      <object_component id="oc-19f">
         <name>.text:IntEnable</name>
         <load_address>0x5404</load_address>
         <run_address>0x5404</run_address>
         <size>0x68</size>
         <input_file_ref idref="fl-10"/>
      </object_component>
      <object_component id="oc-12">
         <name>.text:decompress:lzss</name>
         <load_address>0x546c</load_address>
         <run_address>0x546c</run_address>
         <size>0x68</size>
         <input_file_ref idref="fl-cc"/>
      </object_component>
      <object_component id="oc-2ce">
         <name>.text</name>
         <load_address>0x54d4</load_address>
         <run_address>0x54d4</run_address>
         <size>0x64</size>
         <input_file_ref idref="fl-f4"/>
      </object_component>
      <object_component id="oc-fb">
         <name>.text</name>
         <load_address>0x5538</load_address>
         <run_address>0x5538</run_address>
         <size>0x60</size>
         <input_file_ref idref="fl-e1"/>
      </object_component>
      <object_component id="oc-24">
         <name>.text</name>
         <load_address>0x5598</load_address>
         <run_address>0x5598</run_address>
         <size>0x54</size>
         <input_file_ref idref="fl-cb"/>
      </object_component>
      <object_component id="oc-6f">
         <name>.text</name>
         <load_address>0x55ec</load_address>
         <run_address>0x55ec</run_address>
         <size>0x54</size>
         <input_file_ref idref="fl-d3"/>
      </object_component>
      <object_component id="oc-2c8">
         <name>.text</name>
         <load_address>0x5640</load_address>
         <run_address>0x5640</run_address>
         <size>0x54</size>
         <input_file_ref idref="fl-f1"/>
      </object_component>
      <object_component id="oc-2e0">
         <name>.text</name>
         <load_address>0x5694</load_address>
         <run_address>0x5694</run_address>
         <size>0x4c</size>
         <input_file_ref idref="fl-e7"/>
      </object_component>
      <object_component id="oc-99">
         <name>.text</name>
         <load_address>0x56e0</load_address>
         <run_address>0x56e0</run_address>
         <size>0x4c</size>
         <input_file_ref idref="fl-e9"/>
      </object_component>
      <object_component id="oc-14e">
         <name>.text:GPIOPinConfigure</name>
         <load_address>0x572c</load_address>
         <run_address>0x572c</run_address>
         <size>0x48</size>
         <input_file_ref idref="fl-f"/>
      </object_component>
      <object_component id="oc-278">
         <name>.text</name>
         <load_address>0x5774</load_address>
         <run_address>0x5774</run_address>
         <size>0x48</size>
         <input_file_ref idref="fl-eb"/>
      </object_component>
      <object_component id="oc-193">
         <name>.text:UARTConfigSetExpClk</name>
         <load_address>0x57bc</load_address>
         <run_address>0x57bc</run_address>
         <size>0x46</size>
         <input_file_ref idref="fl-14"/>
      </object_component>
      <object_component id="oc-25a">
         <name>.text:_UARTIntNumberGet</name>
         <load_address>0x5804</load_address>
         <run_address>0x5804</run_address>
         <size>0x40</size>
         <input_file_ref idref="fl-14"/>
      </object_component>
      <object_component id="oc-1c0">
         <name>.text</name>
         <load_address>0x5844</load_address>
         <run_address>0x5844</run_address>
         <size>0x38</size>
         <input_file_ref idref="fl-d9"/>
      </object_component>
      <object_component id="oc-260">
         <name>.text:IntRegister</name>
         <load_address>0x587c</load_address>
         <run_address>0x587c</run_address>
         <size>0x34</size>
         <input_file_ref idref="fl-10"/>
      </object_component>
      <object_component id="oc-142">
         <name>.text:SysCtlPeripheralEnable</name>
         <load_address>0x58b0</load_address>
         <run_address>0x58b0</run_address>
         <size>0x34</size>
         <input_file_ref idref="fl-12"/>
      </object_component>
      <object_component id="oc-283">
         <name>.text</name>
         <load_address>0x58e4</load_address>
         <run_address>0x58e4</run_address>
         <size>0x2e</size>
         <input_file_ref idref="fl-ed"/>
      </object_component>
      <object_component id="oc-231">
         <name>.text:GPIODirModeSet</name>
         <load_address>0x5912</load_address>
         <run_address>0x5912</run_address>
         <size>0x2a</size>
         <input_file_ref idref="fl-f"/>
      </object_component>
      <object_component id="oc-154">
         <name>.text:PWMGenConfigure</name>
         <load_address>0x593c</load_address>
         <run_address>0x593c</run_address>
         <size>0x22</size>
         <input_file_ref idref="fl-11"/>
      </object_component>
      <object_component id="oc-24d">
         <name>.text:UARTDisable</name>
         <load_address>0x5960</load_address>
         <run_address>0x5960</run_address>
         <size>0x20</size>
         <input_file_ref idref="fl-14"/>
      </object_component>
      <object_component id="oc-f5">
         <name>.text:PWMPulseWidthSet</name>
         <load_address>0x5980</load_address>
         <run_address>0x5980</run_address>
         <size>0x1e</size>
         <input_file_ref idref="fl-11"/>
      </object_component>
      <object_component id="oc-2e6">
         <name>.text</name>
         <load_address>0x599e</load_address>
         <run_address>0x599e</run_address>
         <size>0x1c</size>
         <input_file_ref idref="fl-f2"/>
      </object_component>
      <object_component id="oc-199">
         <name>.text:UARTIntRegister</name>
         <load_address>0x59ba</load_address>
         <run_address>0x59ba</run_address>
         <size>0x18</size>
         <input_file_ref idref="fl-14"/>
      </object_component>
      <object_component id="oc-69">
         <name>.text</name>
         <load_address>0x59d4</load_address>
         <run_address>0x59d4</run_address>
         <size>0x18</size>
         <input_file_ref idref="fl-e6"/>
      </object_component>
      <object_component id="oc-2da">
         <name>.text</name>
         <load_address>0x59ec</load_address>
         <run_address>0x59ec</run_address>
         <size>0x16</size>
         <input_file_ref idref="fl-f7"/>
      </object_component>
      <object_component id="oc-13c">
         <name>.text:SysCtlPWMClockSet</name>
         <load_address>0x5a04</load_address>
         <run_address>0x5a04</run_address>
         <size>0x14</size>
         <input_file_ref idref="fl-12"/>
      </object_component>
      <object_component id="oc-253">
         <name>.text:UARTEnable</name>
         <load_address>0x5a18</load_address>
         <run_address>0x5a18</run_address>
         <size>0x14</size>
         <input_file_ref idref="fl-14"/>
      </object_component>
      <object_component id="oc-11e">
         <name>.text</name>
         <load_address>0x5a2c</load_address>
         <run_address>0x5a2c</run_address>
         <size>0x14</size>
         <input_file_ref idref="fl-e4"/>
      </object_component>
      <object_component id="oc-348">
         <name>.text</name>
         <load_address>0x5a40</load_address>
         <run_address>0x5a40</run_address>
         <size>0x14</size>
         <input_file_ref idref="fl-fa"/>
      </object_component>
      <object_component id="oc-2c2">
         <name>.text</name>
         <load_address>0x5a54</load_address>
         <run_address>0x5a54</run_address>
         <size>0x14</size>
         <input_file_ref idref="fl-f8"/>
      </object_component>
      <object_component id="oc-148">
         <name>.text:GPIOPinTypePWM</name>
         <load_address>0x5a68</load_address>
         <run_address>0x5a68</run_address>
         <size>0x12</size>
         <input_file_ref idref="fl-f"/>
      </object_component>
      <object_component id="oc-187">
         <name>.text:GPIOPinTypeUART</name>
         <load_address>0x5a7a</load_address>
         <run_address>0x5a7a</run_address>
         <size>0x12</size>
         <input_file_ref idref="fl-f"/>
      </object_component>
      <object_component id="oc-160">
         <name>.text:PWMOutputState</name>
         <load_address>0x5a8c</load_address>
         <run_address>0x5a8c</run_address>
         <size>0x12</size>
         <input_file_ref idref="fl-11"/>
      </object_component>
      <object_component id="oc-e9">
         <name>.text:IntMasterEnable</name>
         <load_address>0x5a9e</load_address>
         <run_address>0x5a9e</run_address>
         <size>0x10</size>
         <input_file_ref idref="fl-10"/>
      </object_component>
      <object_component id="oc-15a">
         <name>.text:PWMGenPeriodSet</name>
         <load_address>0x5aae</load_address>
         <run_address>0x5aae</run_address>
         <size>0x10</size>
         <input_file_ref idref="fl-11"/>
      </object_component>
      <object_component id="oc-175">
         <name>.text:UARTCharsAvail</name>
         <load_address>0x5abe</load_address>
         <run_address>0x5abe</run_address>
         <size>0xe</size>
         <input_file_ref idref="fl-14"/>
      </object_component>
      <object_component id="oc-18">
         <name>.text:decompress:none</name>
         <load_address>0x5acc</load_address>
         <run_address>0x5acc</run_address>
         <size>0xe</size>
         <input_file_ref idref="fl-cd"/>
      </object_component>
      <object_component id="oc-1b0">
         <name>.text:CPUcpsie</name>
         <load_address>0x5ada</load_address>
         <run_address>0x5ada</run_address>
         <size>0xc</size>
         <input_file_ref idref="fl-15"/>
      </object_component>
      <object_component id="oc-166">
         <name>.text:PWMGenEnable</name>
         <load_address>0x5ae6</load_address>
         <run_address>0x5ae6</run_address>
         <size>0xc</size>
         <input_file_ref idref="fl-11"/>
      </object_component>
      <object_component id="oc-1e">
         <name>.text:decompress:ZI</name>
         <load_address>0x5af2</load_address>
         <run_address>0x5af2</run_address>
         <size>0xc</size>
         <input_file_ref idref="fl-ce"/>
      </object_component>
      <object_component id="oc-2b">
         <name>.text</name>
         <load_address>0x5afe</load_address>
         <run_address>0x5afe</run_address>
         <size>0xc</size>
         <input_file_ref idref="fl-3"/>
      </object_component>
      <object_component id="oc-16f">
         <name>.text:UARTCharGet</name>
         <load_address>0x5b0a</load_address>
         <run_address>0x5b0a</run_address>
         <size>0xa</size>
         <input_file_ref idref="fl-14"/>
      </object_component>
      <object_component id="oc-101">
         <name>.text:UARTCharPut</name>
         <load_address>0x5b14</load_address>
         <run_address>0x5b14</run_address>
         <size>0xa</size>
         <input_file_ref idref="fl-14"/>
      </object_component>
      <object_component id="oc-17b">
         <name>.text:UARTIntStatus</name>
         <load_address>0x5b1e</load_address>
         <run_address>0x5b1e</run_address>
         <size>0xa</size>
         <input_file_ref idref="fl-14"/>
      </object_component>
      <object_component id="oc-1a5">
         <name>.text:UARTIntEnable</name>
         <load_address>0x5b28</load_address>
         <run_address>0x5b28</run_address>
         <size>0x8</size>
         <input_file_ref idref="fl-14"/>
      </object_component>
      <object_component id="oc-d6">
         <name>.text:SysCtlDelay</name>
         <load_address>0x5b30</load_address>
         <run_address>0x5b30</run_address>
         <size>0x6</size>
         <input_file_ref idref="fl-12"/>
      </object_component>
      <object_component id="oc-18d">
         <name>.text:UARTClockSourceSet</name>
         <load_address>0x5b36</load_address>
         <run_address>0x5b36</run_address>
         <size>0x6</size>
         <input_file_ref idref="fl-14"/>
      </object_component>
      <object_component id="oc-181">
         <name>.text:UARTIntClear</name>
         <load_address>0x5b3c</load_address>
         <run_address>0x5b3c</run_address>
         <size>0x4</size>
         <input_file_ref idref="fl-14"/>
      </object_component>
      <object_component id="oc-5d">
         <name>.text</name>
         <load_address>0x5b40</load_address>
         <run_address>0x5b40</run_address>
         <size>0x4</size>
         <input_file_ref idref="fl-dd"/>
      </object_component>
      <object_component id="oc-323">
         <name>.const:$O1$$</name>
         <load_address>0x5b48</load_address>
         <run_address>0x5b48</run_address>
         <size>0x158</size>
         <input_file_ref idref="fl-ef"/>
      </object_component>
      <object_component id="oc-352">
         <name>.const:.string:_ctypes_</name>
         <load_address>0x5ca0</load_address>
         <run_address>0x5ca0</run_address>
         <size>0x101</size>
         <input_file_ref idref="fl-ea"/>
      </object_component>
      <object_component id="oc-33b">
         <name>.const:$O1$$</name>
         <load_address>0x5da8</load_address>
         <run_address>0x5da8</run_address>
         <size>0x98</size>
         <input_file_ref idref="fl-de"/>
      </object_component>
      <object_component id="oc-23e">
         <name>.const:g_pui32GPIOBaseAddrs</name>
         <load_address>0x5e40</load_address>
         <run_address>0x5e40</run_address>
         <size>0x90</size>
         <input_file_ref idref="fl-f"/>
      </object_component>
      <object_component id="oc-267">
         <name>.const</name>
         <load_address>0x5ed0</load_address>
         <run_address>0x5ed0</run_address>
         <size>0x70</size>
         <input_file_ref idref="fl-10"/>
      </object_component>
      <object_component id="oc-136">
         <name>.const:g_pui32Xtals</name>
         <load_address>0x5f40</load_address>
         <run_address>0x5f40</run_address>
         <size>0x6c</size>
         <input_file_ref idref="fl-12"/>
      </object_component>
      <object_component id="oc-309">
         <name>.const:g_ppui32UARTIntMap</name>
         <load_address>0x5fac</load_address>
         <run_address>0x5fac</run_address>
         <size>0x40</size>
         <input_file_ref idref="fl-14"/>
      </object_component>
      <object_component id="oc-30c">
         <name>.const:g_ppui32UARTIntMapSnowflake</name>
         <load_address>0x5fec</load_address>
         <run_address>0x5fec</run_address>
         <size>0x40</size>
         <input_file_ref idref="fl-14"/>
      </object_component>
      <object_component id="oc-1bd">
         <name>.const:$P$T2$3</name>
         <load_address>0x6030</load_address>
         <run_address>0x6030</run_address>
         <size>0x30</size>
         <input_file_ref idref="fl-4"/>
      </object_component>
      <object_component id="oc-1b7">
         <name>.const:$P$T0$1</name>
         <load_address>0x6060</load_address>
         <run_address>0x6060</run_address>
         <size>0x18</size>
         <input_file_ref idref="fl-4"/>
      </object_component>
      <object_component id="oc-1ba">
         <name>.const:$P$T1$2</name>
         <load_address>0x6078</load_address>
         <run_address>0x6078</run_address>
         <size>0x18</size>
         <input_file_ref idref="fl-4"/>
      </object_component>
      <object_component id="oc-1e6">
         <name>.const</name>
         <load_address>0x6090</load_address>
         <run_address>0x6090</run_address>
         <size>0x10</size>
         <input_file_ref idref="fl-4"/>
      </object_component>
      <object_component id="oc-3ae">
         <name>.cinit..data.load</name>
         <load_address>0x60a0</load_address>
         <run_address>0x60a0</run_address>
         <size>0x11</size>
      </object_component>
      <object_component id="oc-3ab">
         <name>__TI_handler_table</name>
         <load_address>0x60b4</load_address>
         <run_address>0x60b4</run_address>
         <size>0xc</size>
      </object_component>
      <object_component id="oc-3af">
         <name>.cinit..bss.load</name>
         <load_address>0x60c0</load_address>
         <run_address>0x60c0</run_address>
         <size>0x8</size>
      </object_component>
      <object_component id="oc-3ad">
         <name>.cinit..vtable.load</name>
         <load_address>0x60c8</load_address>
         <run_address>0x60c8</run_address>
         <size>0x8</size>
      </object_component>
      <object_component id="oc-3ac">
         <name>__TI_cinit_table</name>
         <load_address>0x60d0</load_address>
         <run_address>0x60d0</run_address>
         <size>0x18</size>
      </object_component>
      <object_component id="oc-310">
         <name>.vtable</name>
         <uninitialized>true</uninitialized>
         <run_address>0x20000000</run_address>
         <size>0x26c</size>
         <input_file_ref idref="fl-10"/>
      </object_component>
      <object_component id="oc-1ab">
         <name>.data</name>
         <load_address>0x20000638</load_address>
         <run_address>0x20000638</run_address>
         <size>0x1</size>
         <input_file_ref idref="fl-7"/>
      </object_component>
      <object_component id="oc-2a8">
         <name>.data</name>
         <load_address>0x20000630</load_address>
         <run_address>0x20000630</run_address>
         <size>0x4</size>
         <input_file_ref idref="fl-d2"/>
      </object_component>
      <object_component id="oc-af">
         <name>.data:$O1$$</name>
         <load_address>0x2000061c</load_address>
         <run_address>0x2000061c</run_address>
         <size>0xc</size>
         <input_file_ref idref="fl-d3"/>
      </object_component>
      <object_component id="oc-75">
         <name>.data</name>
         <load_address>0x20000634</load_address>
         <run_address>0x20000634</run_address>
         <size>0x4</size>
         <input_file_ref idref="fl-e2"/>
      </object_component>
      <object_component id="oc-b2">
         <name>.data:$O1$$</name>
         <load_address>0x20000628</load_address>
         <run_address>0x20000628</run_address>
         <size>0x8</size>
         <input_file_ref idref="fl-e4"/>
      </object_component>
      <object_component id="oc-1ac">
         <name>.bss:Buff</name>
         <uninitialized>true</uninitialized>
         <run_address>0x2000046c</run_address>
         <size>0x64</size>
         <input_file_ref idref="fl-7"/>
      </object_component>
      <object_component id="oc-112">
         <name>.common:res_X</name>
         <uninitialized>true</uninitialized>
         <run_address>0x20000608</run_address>
         <size>0x4</size>
      </object_component>
      <object_component id="oc-113">
         <name>.common:res_Y</name>
         <uninitialized>true</uninitialized>
         <run_address>0x2000060c</run_address>
         <size>0x4</size>
      </object_component>
      <object_component id="oc-107">
         <name>.common:check_Uart</name>
         <uninitialized>true</uninitialized>
         <run_address>0x20000618</run_address>
         <size>0x2</size>
      </object_component>
      <object_component id="oc-206">
         <name>.common:alpha</name>
         <uninitialized>true</uninitialized>
         <run_address>0x200004d0</run_address>
         <size>0x18</size>
      </object_component>
      <object_component id="oc-1e9">
         <name>.common:xb</name>
         <uninitialized>true</uninitialized>
         <run_address>0x20000578</run_address>
         <size>0x18</size>
      </object_component>
      <object_component id="oc-1ea">
         <name>.common:yb</name>
         <uninitialized>true</uninitialized>
         <run_address>0x200005a8</run_address>
         <size>0x18</size>
      </object_component>
      <object_component id="oc-1eb">
         <name>.common:zb</name>
         <uninitialized>true</uninitialized>
         <run_address>0x200005d8</run_address>
         <size>0x18</size>
      </object_component>
      <object_component id="oc-1ec">
         <name>.common:xp</name>
         <uninitialized>true</uninitialized>
         <run_address>0x20000590</run_address>
         <size>0x18</size>
      </object_component>
      <object_component id="oc-1ed">
         <name>.common:yp</name>
         <uninitialized>true</uninitialized>
         <run_address>0x200005c0</run_address>
         <size>0x18</size>
      </object_component>
      <object_component id="oc-1ee">
         <name>.common:zp</name>
         <uninitialized>true</uninitialized>
         <run_address>0x200005f0</run_address>
         <size>0x18</size>
      </object_component>
      <object_component id="oc-1ef">
         <name>.common:q_x</name>
         <uninitialized>true</uninitialized>
         <run_address>0x20000530</run_address>
         <size>0x18</size>
      </object_component>
      <object_component id="oc-1f0">
         <name>.common:q_y</name>
         <uninitialized>true</uninitialized>
         <run_address>0x20000548</run_address>
         <size>0x18</size>
      </object_component>
      <object_component id="oc-202">
         <name>.common:q_z</name>
         <uninitialized>true</uninitialized>
         <run_address>0x20000560</run_address>
         <size>0x18</size>
      </object_component>
      <object_component id="oc-203">
         <name>.common:l_x</name>
         <uninitialized>true</uninitialized>
         <run_address>0x200004e8</run_address>
         <size>0x18</size>
      </object_component>
      <object_component id="oc-204">
         <name>.common:l_y</name>
         <uninitialized>true</uninitialized>
         <run_address>0x20000500</run_address>
         <size>0x18</size>
      </object_component>
      <object_component id="oc-205">
         <name>.common:l_z</name>
         <uninitialized>true</uninitialized>
         <run_address>0x20000518</run_address>
         <size>0x18</size>
      </object_component>
      <object_component id="oc-16d">
         <name>.common:ui32Load</name>
         <uninitialized>true</uninitialized>
         <run_address>0x20000610</run_address>
         <size>0x4</size>
      </object_component>
      <object_component id="oc-16c">
         <name>.common:ui32PWMClock</name>
         <uninitialized>true</uninitialized>
         <run_address>0x20000614</run_address>
         <size>0x4</size>
      </object_component>
      <object_component id="oc-2a">
         <name>.stack</name>
         <uninitialized>true</uninitialized>
         <run_address>0x2000026c</run_address>
         <size>0x0</size>
         <input_file_ref idref="fl-cb"/>
      </object_component>
      <object_component id="oc-3b0">
         <name>.stack</name>
         <uninitialized>true</uninitialized>
         <run_address>0x2000026c</run_address>
         <size>0x0</size>
      </object_component>
      <object_component id="oc-108">
         <name>.debug_info</name>
         <load_address>0x0</load_address>
         <run_address>0x0</run_address>
         <size>0x54f</size>
         <input_file_ref idref="fl-2"/>
      </object_component>
      <object_component id="oc-a8">
         <name>.debug_info</name>
         <load_address>0x54f</load_address>
         <run_address>0x54f</run_address>
         <size>0x356</size>
         <input_file_ref idref="fl-2"/>
      </object_component>
      <object_component id="oc-ba">
         <name>.debug_info</name>
         <load_address>0x8a5</load_address>
         <run_address>0x8a5</run_address>
         <size>0x8b</size>
         <input_file_ref idref="fl-2"/>
      </object_component>
      <object_component id="oc-7c">
         <name>.debug_info</name>
         <load_address>0x930</load_address>
         <run_address>0x930</run_address>
         <size>0x18b</size>
         <input_file_ref idref="fl-2"/>
      </object_component>
      <object_component id="oc-90">
         <name>.debug_info</name>
         <load_address>0xabb</load_address>
         <run_address>0xabb</run_address>
         <size>0x2c</size>
         <input_file_ref idref="fl-2"/>
      </object_component>
      <object_component id="oc-212">
         <name>.debug_info</name>
         <load_address>0xae7</load_address>
         <run_address>0xae7</run_address>
         <size>0x4e</size>
         <input_file_ref idref="fl-2"/>
      </object_component>
      <object_component id="oc-33">
         <name>.debug_info</name>
         <load_address>0xb35</load_address>
         <run_address>0xb35</run_address>
         <size>0x294</size>
         <input_file_ref idref="fl-3"/>
      </object_component>
      <object_component id="oc-10">
         <name>.debug_info</name>
         <load_address>0xdc9</load_address>
         <run_address>0xdc9</run_address>
         <size>0xe5</size>
         <input_file_ref idref="fl-3"/>
      </object_component>
      <object_component id="oc-2c">
         <name>.debug_info</name>
         <load_address>0xeae</load_address>
         <run_address>0xeae</run_address>
         <size>0x261</size>
         <input_file_ref idref="fl-3"/>
      </object_component>
      <object_component id="oc-3a">
         <name>.debug_info</name>
         <load_address>0x110f</load_address>
         <run_address>0x110f</run_address>
         <size>0x84</size>
         <input_file_ref idref="fl-3"/>
      </object_component>
      <object_component id="oc-10a">
         <name>.debug_info</name>
         <load_address>0x1193</load_address>
         <run_address>0x1193</run_address>
         <size>0x548</size>
         <input_file_ref idref="fl-4"/>
      </object_component>
      <object_component id="oc-1e7">
         <name>.debug_info</name>
         <load_address>0x16db</load_address>
         <run_address>0x16db</run_address>
         <size>0x14d</size>
         <input_file_ref idref="fl-4"/>
      </object_component>
      <object_component id="oc-1b8">
         <name>.debug_info</name>
         <load_address>0x1828</load_address>
         <run_address>0x1828</run_address>
         <size>0xd1</size>
         <input_file_ref idref="fl-4"/>
      </object_component>
      <object_component id="oc-1bb">
         <name>.debug_info</name>
         <load_address>0x18f9</load_address>
         <run_address>0x18f9</run_address>
         <size>0xd1</size>
         <input_file_ref idref="fl-4"/>
      </object_component>
      <object_component id="oc-1be">
         <name>.debug_info</name>
         <load_address>0x19ca</load_address>
         <run_address>0x19ca</run_address>
         <size>0xd1</size>
         <input_file_ref idref="fl-4"/>
      </object_component>
      <object_component id="oc-f0">
         <name>.debug_info</name>
         <load_address>0x1a9b</load_address>
         <run_address>0x1a9b</run_address>
         <size>0xf06</size>
         <input_file_ref idref="fl-4"/>
      </object_component>
      <object_component id="oc-10c">
         <name>.debug_info</name>
         <load_address>0x29a1</load_address>
         <run_address>0x29a1</run_address>
         <size>0x5a8</size>
         <input_file_ref idref="fl-5"/>
      </object_component>
      <object_component id="oc-de">
         <name>.debug_info</name>
         <load_address>0x2f49</load_address>
         <run_address>0x2f49</run_address>
         <size>0x41a</size>
         <input_file_ref idref="fl-5"/>
      </object_component>
      <object_component id="oc-10e">
         <name>.debug_info</name>
         <load_address>0x3363</load_address>
         <run_address>0x3363</run_address>
         <size>0x420</size>
         <input_file_ref idref="fl-6"/>
      </object_component>
      <object_component id="oc-110">
         <name>.debug_info</name>
         <load_address>0x3783</load_address>
         <run_address>0x3783</run_address>
         <size>0x5f0</size>
         <input_file_ref idref="fl-7"/>
      </object_component>
      <object_component id="oc-1ad">
         <name>.debug_info</name>
         <load_address>0x3d73</load_address>
         <run_address>0x3d73</run_address>
         <size>0xc5</size>
         <input_file_ref idref="fl-7"/>
      </object_component>
      <object_component id="oc-e4">
         <name>.debug_info</name>
         <load_address>0x3e38</load_address>
         <run_address>0x3e38</run_address>
         <size>0x470</size>
         <input_file_ref idref="fl-7"/>
      </object_component>
      <object_component id="oc-242">
         <name>.debug_info</name>
         <load_address>0x42a8</load_address>
         <run_address>0x42a8</run_address>
         <size>0x240</size>
         <input_file_ref idref="fl-f"/>
      </object_component>
      <object_component id="oc-23f">
         <name>.debug_info</name>
         <load_address>0x44e8</load_address>
         <run_address>0x44e8</run_address>
         <size>0x15b</size>
         <input_file_ref idref="fl-f"/>
      </object_component>
      <object_component id="oc-232">
         <name>.debug_info</name>
         <load_address>0x4643</load_address>
         <run_address>0x4643</run_address>
         <size>0x2b3</size>
         <input_file_ref idref="fl-f"/>
      </object_component>
      <object_component id="oc-238">
         <name>.debug_info</name>
         <load_address>0x48f6</load_address>
         <run_address>0x48f6</run_address>
         <size>0x316</size>
         <input_file_ref idref="fl-f"/>
      </object_component>
      <object_component id="oc-189">
         <name>.debug_info</name>
         <load_address>0x4c0c</load_address>
         <run_address>0x4c0c</run_address>
         <size>0x27b</size>
         <input_file_ref idref="fl-f"/>
      </object_component>
      <object_component id="oc-14a">
         <name>.debug_info</name>
         <load_address>0x4e87</load_address>
         <run_address>0x4e87</run_address>
         <size>0x279</size>
         <input_file_ref idref="fl-f"/>
      </object_component>
      <object_component id="oc-150">
         <name>.debug_info</name>
         <load_address>0x5100</load_address>
         <run_address>0x5100</run_address>
         <size>0x280</size>
         <input_file_ref idref="fl-f"/>
      </object_component>
      <object_component id="oc-26b">
         <name>.debug_info</name>
         <load_address>0x5380</load_address>
         <run_address>0x5380</run_address>
         <size>0x20e</size>
         <input_file_ref idref="fl-10"/>
      </object_component>
      <object_component id="oc-268">
         <name>.debug_info</name>
         <load_address>0x558e</load_address>
         <run_address>0x558e</run_address>
         <size>0x210</size>
         <input_file_ref idref="fl-10"/>
      </object_component>
      <object_component id="oc-311">
         <name>.debug_info</name>
         <load_address>0x579e</load_address>
         <run_address>0x579e</run_address>
         <size>0x157</size>
         <input_file_ref idref="fl-10"/>
      </object_component>
      <object_component id="oc-261">
         <name>.debug_info</name>
         <load_address>0x58f5</load_address>
         <run_address>0x58f5</run_address>
         <size>0x2c1</size>
         <input_file_ref idref="fl-10"/>
      </object_component>
      <object_component id="oc-ea">
         <name>.debug_info</name>
         <load_address>0x5bb6</load_address>
         <run_address>0x5bb6</run_address>
         <size>0x23e</size>
         <input_file_ref idref="fl-10"/>
      </object_component>
      <object_component id="oc-1a0">
         <name>.debug_info</name>
         <load_address>0x5df4</load_address>
         <run_address>0x5df4</run_address>
         <size>0x268</size>
         <input_file_ref idref="fl-10"/>
      </object_component>
      <object_component id="oc-209">
         <name>.debug_info</name>
         <load_address>0x605c</load_address>
         <run_address>0x605c</run_address>
         <size>0x1ed</size>
         <input_file_ref idref="fl-11"/>
      </object_component>
      <object_component id="oc-f8">
         <name>.debug_info</name>
         <load_address>0x6249</load_address>
         <run_address>0x6249</run_address>
         <size>0x2f6</size>
         <input_file_ref idref="fl-11"/>
      </object_component>
      <object_component id="oc-163">
         <name>.debug_info</name>
         <load_address>0x653f</load_address>
         <run_address>0x653f</run_address>
         <size>0x2c4</size>
         <input_file_ref idref="fl-11"/>
      </object_component>
      <object_component id="oc-15d">
         <name>.debug_info</name>
         <load_address>0x6803</load_address>
         <run_address>0x6803</run_address>
         <size>0x2b6</size>
         <input_file_ref idref="fl-11"/>
      </object_component>
      <object_component id="oc-16a">
         <name>.debug_info</name>
         <load_address>0x6ab9</load_address>
         <run_address>0x6ab9</run_address>
         <size>0x276</size>
         <input_file_ref idref="fl-11"/>
      </object_component>
      <object_component id="oc-158">
         <name>.debug_info</name>
         <load_address>0x6d2f</load_address>
         <run_address>0x6d2f</run_address>
         <size>0x2b3</size>
         <input_file_ref idref="fl-11"/>
      </object_component>
      <object_component id="oc-13b">
         <name>.debug_info</name>
         <load_address>0x6fe2</load_address>
         <run_address>0x6fe2</run_address>
         <size>0x298</size>
         <input_file_ref idref="fl-12"/>
      </object_component>
      <object_component id="oc-137">
         <name>.debug_info</name>
         <load_address>0x727a</load_address>
         <run_address>0x727a</run_address>
         <size>0x14d</size>
         <input_file_ref idref="fl-12"/>
      </object_component>
      <object_component id="oc-143">
         <name>.debug_info</name>
         <load_address>0x73c7</load_address>
         <run_address>0x73c7</run_address>
         <size>0x27d</size>
         <input_file_ref idref="fl-12"/>
      </object_component>
      <object_component id="oc-13d">
         <name>.debug_info</name>
         <load_address>0x7644</load_address>
         <run_address>0x7644</run_address>
         <size>0x263</size>
         <input_file_ref idref="fl-12"/>
      </object_component>
      <object_component id="oc-d8">
         <name>.debug_info</name>
         <load_address>0x78a7</load_address>
         <run_address>0x78a7</run_address>
         <size>0x2db</size>
         <input_file_ref idref="fl-12"/>
      </object_component>
      <object_component id="oc-d1">
         <name>.debug_info</name>
         <load_address>0x7b82</load_address>
         <run_address>0x7b82</run_address>
         <size>0x2b5</size>
         <input_file_ref idref="fl-12"/>
      </object_component>
      <object_component id="oc-22a">
         <name>.debug_info</name>
         <load_address>0x7e37</load_address>
         <run_address>0x7e37</run_address>
         <size>0x5f</size>
         <input_file_ref idref="fl-12"/>
      </object_component>
      <object_component id="oc-218">
         <name>.debug_info</name>
         <load_address>0x7e96</load_address>
         <run_address>0x7e96</run_address>
         <size>0x227</size>
         <input_file_ref idref="fl-14"/>
      </object_component>
      <object_component id="oc-30a">
         <name>.debug_info</name>
         <load_address>0x80bd</load_address>
         <run_address>0x80bd</run_address>
         <size>0x157</size>
         <input_file_ref idref="fl-14"/>
      </object_component>
      <object_component id="oc-30d">
         <name>.debug_info</name>
         <load_address>0x8214</load_address>
         <run_address>0x8214</run_address>
         <size>0x169</size>
         <input_file_ref idref="fl-14"/>
      </object_component>
      <object_component id="oc-25b">
         <name>.debug_info</name>
         <load_address>0x837d</load_address>
         <run_address>0x837d</run_address>
         <size>0x27e</size>
         <input_file_ref idref="fl-14"/>
      </object_component>
      <object_component id="oc-17c">
         <name>.debug_info</name>
         <load_address>0x85fb</load_address>
         <run_address>0x85fb</run_address>
         <size>0x27f</size>
         <input_file_ref idref="fl-14"/>
      </object_component>
      <object_component id="oc-19a">
         <name>.debug_info</name>
         <load_address>0x887a</load_address>
         <run_address>0x887a</run_address>
         <size>0x2c3</size>
         <input_file_ref idref="fl-14"/>
      </object_component>
      <object_component id="oc-1a6">
         <name>.debug_info</name>
         <load_address>0x8b3d</load_address>
         <run_address>0x8b3d</run_address>
         <size>0x28f</size>
         <input_file_ref idref="fl-14"/>
      </object_component>
      <object_component id="oc-182">
         <name>.debug_info</name>
         <load_address>0x8dcc</load_address>
         <run_address>0x8dcc</run_address>
         <size>0x28d</size>
         <input_file_ref idref="fl-14"/>
      </object_component>
      <object_component id="oc-255">
         <name>.debug_info</name>
         <load_address>0x9059</load_address>
         <run_address>0x9059</run_address>
         <size>0x247</size>
         <input_file_ref idref="fl-14"/>
      </object_component>
      <object_component id="oc-24f">
         <name>.debug_info</name>
         <load_address>0x92a0</load_address>
         <run_address>0x92a0</run_address>
         <size>0x249</size>
         <input_file_ref idref="fl-14"/>
      </object_component>
      <object_component id="oc-194">
         <name>.debug_info</name>
         <load_address>0x94e9</load_address>
         <run_address>0x94e9</run_address>
         <size>0x326</size>
         <input_file_ref idref="fl-14"/>
      </object_component>
      <object_component id="oc-18e">
         <name>.debug_info</name>
         <load_address>0x980f</load_address>
         <run_address>0x980f</run_address>
         <size>0x291</size>
         <input_file_ref idref="fl-14"/>
      </object_component>
      <object_component id="oc-176">
         <name>.debug_info</name>
         <load_address>0x9aa0</load_address>
         <run_address>0x9aa0</run_address>
         <size>0x253</size>
         <input_file_ref idref="fl-14"/>
      </object_component>
      <object_component id="oc-102">
         <name>.debug_info</name>
         <load_address>0x9cf3</load_address>
         <run_address>0x9cf3</run_address>
         <size>0x273</size>
         <input_file_ref idref="fl-14"/>
      </object_component>
      <object_component id="oc-170">
         <name>.debug_info</name>
         <load_address>0x9f66</load_address>
         <run_address>0x9f66</run_address>
         <size>0x24d</size>
         <input_file_ref idref="fl-14"/>
      </object_component>
      <object_component id="oc-1b1">
         <name>.debug_info</name>
         <load_address>0xa1b3</load_address>
         <run_address>0xa1b3</run_address>
         <size>0x212</size>
         <input_file_ref idref="fl-15"/>
      </object_component>
      <object_component id="oc-27">
         <name>.debug_info</name>
         <load_address>0xa3c5</load_address>
         <run_address>0xa3c5</run_address>
         <size>0x160</size>
         <input_file_ref idref="fl-cb"/>
      </object_component>
      <object_component id="oc-86">
         <name>.debug_info</name>
         <load_address>0xa525</load_address>
         <run_address>0xa525</run_address>
         <size>0x293</size>
         <input_file_ref idref="fl-cc"/>
      </object_component>
      <object_component id="oc-13">
         <name>.debug_info</name>
         <load_address>0xa7b8</load_address>
         <run_address>0xa7b8</run_address>
         <size>0x245</size>
         <input_file_ref idref="fl-cc"/>
      </object_component>
      <object_component id="oc-35">
         <name>.debug_info</name>
         <load_address>0xa9fd</load_address>
         <run_address>0xa9fd</run_address>
         <size>0x60</size>
         <input_file_ref idref="fl-cc"/>
      </object_component>
      <object_component id="oc-81">
         <name>.debug_info</name>
         <load_address>0xaa5d</load_address>
         <run_address>0xaa5d</run_address>
         <size>0x46</size>
         <input_file_ref idref="fl-cc"/>
      </object_component>
      <object_component id="oc-4a">
         <name>.debug_info</name>
         <load_address>0xaaa3</load_address>
         <run_address>0xaaa3</run_address>
         <size>0x2da</size>
         <input_file_ref idref="fl-cd"/>
      </object_component>
      <object_component id="oc-19">
         <name>.debug_info</name>
         <load_address>0xad7d</load_address>
         <run_address>0xad7d</run_address>
         <size>0x1df</size>
         <input_file_ref idref="fl-cd"/>
      </object_component>
      <object_component id="oc-45">
         <name>.debug_info</name>
         <load_address>0xaf5c</load_address>
         <run_address>0xaf5c</run_address>
         <size>0x46</size>
         <input_file_ref idref="fl-cd"/>
      </object_component>
      <object_component id="oc-88">
         <name>.debug_info</name>
         <load_address>0xafa2</load_address>
         <run_address>0xafa2</run_address>
         <size>0x2c</size>
         <input_file_ref idref="fl-cd"/>
      </object_component>
      <object_component id="oc-56">
         <name>.debug_info</name>
         <load_address>0xafce</load_address>
         <run_address>0xafce</run_address>
         <size>0x2c9</size>
         <input_file_ref idref="fl-ce"/>
      </object_component>
      <object_component id="oc-1f">
         <name>.debug_info</name>
         <load_address>0xb297</load_address>
         <run_address>0xb297</run_address>
         <size>0x1aa</size>
         <input_file_ref idref="fl-ce"/>
      </object_component>
      <object_component id="oc-51">
         <name>.debug_info</name>
         <load_address>0xb441</load_address>
         <run_address>0xb441</run_address>
         <size>0x46</size>
         <input_file_ref idref="fl-ce"/>
      </object_component>
      <object_component id="oc-2b2">
         <name>.debug_info</name>
         <load_address>0xb487</load_address>
         <run_address>0xb487</run_address>
         <size>0x321</size>
         <input_file_ref idref="fl-cf"/>
      </object_component>
      <object_component id="oc-1f7">
         <name>.debug_info</name>
         <load_address>0xb7a8</load_address>
         <run_address>0xb7a8</run_address>
         <size>0x685</size>
         <input_file_ref idref="fl-cf"/>
      </object_component>
      <object_component id="oc-29b">
         <name>.debug_info</name>
         <load_address>0xbe2d</load_address>
         <run_address>0xbe2d</run_address>
         <size>0x39</size>
         <input_file_ref idref="fl-cf"/>
      </object_component>
      <object_component id="oc-2ba">
         <name>.debug_info</name>
         <load_address>0xbe66</load_address>
         <run_address>0xbe66</run_address>
         <size>0x2ea</size>
         <input_file_ref idref="fl-d0"/>
      </object_component>
      <object_component id="oc-1fd">
         <name>.debug_info</name>
         <load_address>0xc150</load_address>
         <run_address>0xc150</run_address>
         <size>0x23c</size>
         <input_file_ref idref="fl-d0"/>
      </object_component>
      <object_component id="oc-2ac">
         <name>.debug_info</name>
         <load_address>0xc38c</load_address>
         <run_address>0xc38c</run_address>
         <size>0x2e3</size>
         <input_file_ref idref="fl-d1"/>
      </object_component>
      <object_component id="oc-1dd">
         <name>.debug_info</name>
         <load_address>0xc66f</load_address>
         <run_address>0xc66f</run_address>
         <size>0x240</size>
         <input_file_ref idref="fl-d1"/>
      </object_component>
      <object_component id="oc-2a9">
         <name>.debug_info</name>
         <load_address>0xc8af</load_address>
         <run_address>0xc8af</run_address>
         <size>0xf3</size>
         <input_file_ref idref="fl-d2"/>
      </object_component>
      <object_component id="oc-b6">
         <name>.debug_info</name>
         <load_address>0xc9a2</load_address>
         <run_address>0xc9a2</run_address>
         <size>0x3ce</size>
         <input_file_ref idref="fl-d3"/>
      </object_component>
      <object_component id="oc-b0">
         <name>.debug_info</name>
         <load_address>0xcd70</load_address>
         <run_address>0xcd70</run_address>
         <size>0x185</size>
         <input_file_ref idref="fl-d3"/>
      </object_component>
      <object_component id="oc-70">
         <name>.debug_info</name>
         <load_address>0xcef5</load_address>
         <run_address>0xcef5</run_address>
         <size>0x214</size>
         <input_file_ref idref="fl-d3"/>
      </object_component>
      <object_component id="oc-1e3">
         <name>.debug_info</name>
         <load_address>0xd109</load_address>
         <run_address>0xd109</run_address>
         <size>0x144</size>
         <input_file_ref idref="fl-d4"/>
      </object_component>
      <object_component id="oc-289">
         <name>.debug_info</name>
         <load_address>0xd24d</load_address>
         <run_address>0xd24d</run_address>
         <size>0x120</size>
         <input_file_ref idref="fl-d5"/>
      </object_component>
      <object_component id="oc-2a4">
         <name>.debug_info</name>
         <load_address>0xd36d</load_address>
         <run_address>0xd36d</run_address>
         <size>0x122</size>
         <input_file_ref idref="fl-d5"/>
      </object_component>
      <object_component id="oc-1f2">
         <name>.debug_info</name>
         <load_address>0xd48f</load_address>
         <run_address>0xd48f</run_address>
         <size>0x132</size>
         <input_file_ref idref="fl-d6"/>
      </object_component>
      <object_component id="oc-1c6">
         <name>.debug_info</name>
         <load_address>0xd5c1</load_address>
         <run_address>0xd5c1</run_address>
         <size>0x132</size>
         <input_file_ref idref="fl-d7"/>
      </object_component>
      <object_component id="oc-1d1">
         <name>.debug_info</name>
         <load_address>0xd6f3</load_address>
         <run_address>0xd6f3</run_address>
         <size>0x136</size>
         <input_file_ref idref="fl-d8"/>
      </object_component>
      <object_component id="oc-1c1">
         <name>.debug_info</name>
         <load_address>0xd829</load_address>
         <run_address>0xd829</run_address>
         <size>0x124</size>
         <input_file_ref idref="fl-d9"/>
      </object_component>
      <object_component id="oc-40">
         <name>.debug_info</name>
         <load_address>0xd94d</load_address>
         <run_address>0xd94d</run_address>
         <size>0x111</size>
         <input_file_ref idref="fl-da"/>
      </object_component>
      <object_component id="oc-4c">
         <name>.debug_info</name>
         <load_address>0xda5e</load_address>
         <run_address>0xda5e</run_address>
         <size>0x13f</size>
         <input_file_ref idref="fl-db"/>
      </object_component>
      <object_component id="oc-58">
         <name>.debug_info</name>
         <load_address>0xdb9d</load_address>
         <run_address>0xdb9d</run_address>
         <size>0x138</size>
         <input_file_ref idref="fl-dc"/>
      </object_component>
      <object_component id="oc-5e">
         <name>.debug_info</name>
         <load_address>0xdcd5</load_address>
         <run_address>0xdcd5</run_address>
         <size>0x148</size>
         <input_file_ref idref="fl-dd"/>
      </object_component>
      <object_component id="oc-372">
         <name>.debug_info</name>
         <load_address>0xde1d</load_address>
         <run_address>0xde1d</run_address>
         <size>0x333</size>
         <input_file_ref idref="fl-de"/>
      </object_component>
      <object_component id="oc-33c">
         <name>.debug_info</name>
         <load_address>0xe150</load_address>
         <run_address>0xe150</run_address>
         <size>0x126</size>
         <input_file_ref idref="fl-de"/>
      </object_component>
      <object_component id="oc-2b4">
         <name>.debug_info</name>
         <load_address>0xe276</load_address>
         <run_address>0xe276</run_address>
         <size>0x4a1</size>
         <input_file_ref idref="fl-de"/>
      </object_component>
      <object_component id="oc-29a">
         <name>.debug_info</name>
         <load_address>0xe717</load_address>
         <run_address>0xe717</run_address>
         <size>0x3a5</size>
         <input_file_ref idref="fl-df"/>
      </object_component>
      <object_component id="oc-1cb">
         <name>.debug_info</name>
         <load_address>0xeabc</load_address>
         <run_address>0xeabc</run_address>
         <size>0x790</size>
         <input_file_ref idref="fl-df"/>
      </object_component>
      <object_component id="oc-2a2">
         <name>.debug_info</name>
         <load_address>0xf24c</load_address>
         <run_address>0xf24c</run_address>
         <size>0x3a5</size>
         <input_file_ref idref="fl-e0"/>
      </object_component>
      <object_component id="oc-1d6">
         <name>.debug_info</name>
         <load_address>0xf5f1</load_address>
         <run_address>0xf5f1</run_address>
         <size>0x78b</size>
         <input_file_ref idref="fl-e0"/>
      </object_component>
      <object_component id="oc-211">
         <name>.debug_info</name>
         <load_address>0xfd7c</load_address>
         <run_address>0xfd7c</run_address>
         <size>0x355</size>
         <input_file_ref idref="fl-e1"/>
      </object_component>
      <object_component id="oc-fc">
         <name>.debug_info</name>
         <load_address>0x100d1</load_address>
         <run_address>0x100d1</run_address>
         <size>0x2e4</size>
         <input_file_ref idref="fl-e1"/>
      </object_component>
      <object_component id="oc-2f8">
         <name>.debug_info</name>
         <load_address>0x103b5</load_address>
         <run_address>0x103b5</run_address>
         <size>0x2c</size>
         <input_file_ref idref="fl-e1"/>
      </object_component>
      <object_component id="oc-76">
         <name>.debug_info</name>
         <load_address>0x103e1</load_address>
         <run_address>0x103e1</run_address>
         <size>0x109</size>
         <input_file_ref idref="fl-e2"/>
      </object_component>
      <object_component id="oc-126">
         <name>.debug_info</name>
         <load_address>0x104ea</load_address>
         <run_address>0x104ea</run_address>
         <size>0x2be</size>
         <input_file_ref idref="fl-e4"/>
      </object_component>
      <object_component id="oc-b3">
         <name>.debug_info</name>
         <load_address>0x107a8</load_address>
         <run_address>0x107a8</run_address>
         <size>0x113</size>
         <input_file_ref idref="fl-e4"/>
      </object_component>
      <object_component id="oc-11f">
         <name>.debug_info</name>
         <load_address>0x108bb</load_address>
         <run_address>0x108bb</run_address>
         <size>0x21f</size>
         <input_file_ref idref="fl-e4"/>
      </object_component>
      <object_component id="oc-2ed">
         <name>.debug_info</name>
         <load_address>0x10ada</load_address>
         <run_address>0x10ada</run_address>
         <size>0x51f</size>
         <input_file_ref idref="fl-e5"/>
      </object_component>
      <object_component id="oc-20b">
         <name>.debug_info</name>
         <load_address>0x10ff9</load_address>
         <run_address>0x10ff9</run_address>
         <size>0x1543</size>
         <input_file_ref idref="fl-e5"/>
      </object_component>
      <object_component id="oc-2ee">
         <name>.debug_info</name>
         <load_address>0x1253c</load_address>
         <run_address>0x1253c</run_address>
         <size>0x86</size>
         <input_file_ref idref="fl-e5"/>
      </object_component>
      <object_component id="oc-35b">
         <name>.debug_info</name>
         <load_address>0x125c2</load_address>
         <run_address>0x125c2</run_address>
         <size>0x46</size>
         <input_file_ref idref="fl-e5"/>
      </object_component>
      <object_component id="oc-2f3">
         <name>.debug_info</name>
         <load_address>0x12608</load_address>
         <run_address>0x12608</run_address>
         <size>0x39</size>
         <input_file_ref idref="fl-e5"/>
      </object_component>
      <object_component id="oc-ae">
         <name>.debug_info</name>
         <load_address>0x12641</load_address>
         <run_address>0x12641</run_address>
         <size>0x300</size>
         <input_file_ref idref="fl-e6"/>
      </object_component>
      <object_component id="oc-6d">
         <name>.debug_info</name>
         <load_address>0x12941</load_address>
         <run_address>0x12941</run_address>
         <size>0x167</size>
         <input_file_ref idref="fl-e6"/>
      </object_component>
      <object_component id="oc-117">
         <name>.debug_info</name>
         <load_address>0x12aa8</load_address>
         <run_address>0x12aa8</run_address>
         <size>0x5e</size>
         <input_file_ref idref="fl-e6"/>
      </object_component>
      <object_component id="oc-356">
         <name>.debug_info</name>
         <load_address>0x12b06</load_address>
         <run_address>0x12b06</run_address>
         <size>0x2ae</size>
         <input_file_ref idref="fl-e7"/>
      </object_component>
      <object_component id="oc-2e4">
         <name>.debug_info</name>
         <load_address>0x12db4</load_address>
         <run_address>0x12db4</run_address>
         <size>0x171</size>
         <input_file_ref idref="fl-e7"/>
      </object_component>
      <object_component id="oc-a6">
         <name>.debug_info</name>
         <load_address>0x12f25</load_address>
         <run_address>0x12f25</run_address>
         <size>0x483</size>
         <input_file_ref idref="fl-e8"/>
      </object_component>
      <object_component id="oc-64">
         <name>.debug_info</name>
         <load_address>0x133a8</load_address>
         <run_address>0x133a8</run_address>
         <size>0x190</size>
         <input_file_ref idref="fl-e8"/>
      </object_component>
      <object_component id="oc-c6">
         <name>.debug_info</name>
         <load_address>0x13538</load_address>
         <run_address>0x13538</run_address>
         <size>0x39</size>
         <input_file_ref idref="fl-e8"/>
      </object_component>
      <object_component id="oc-131">
         <name>.debug_info</name>
[...]
      </symbol>
      <symbol id="sm-102">
         <name>hornLength</name>
         <value>0x6098</value>
         <object_component_ref idref="oc-1e6"/>
      </symbol>
      <symbol id="sm-103">
         <name>GetAlpha</name>
         <value>0x1f4d</value>
         <object_component_ref idref="oc-ef"/>
      </symbol>
      <symbol id="sm-104">
         <name>platformRadius</name>
         <value>0x6094</value>
         <object_component_ref idref="oc-1e6"/>
      </symbol>
      <symbol id="sm-105">
         <name>Inverse</name>
         <value>0x13ad</value>
         <object_component_ref idref="oc-ef"/>
      </symbol>
      <symbol id="sm-106">
         <name>baseRadius</name>
         <value>0x6090</value>
         <object_component_ref idref="oc-1e6"/>
      </symbol>
      <symbol id="sm-124">
         <name>ui32Load</name>
         <value>0x20000610</value>
      </symbol>
      <symbol id="sm-125">
         <name>ui32PWMClock</name>
         <value>0x20000614</value>
      </symbol>
      <symbol id="sm-126">
         <name>Config_PWM</name>
         <value>0x43c9</value>
         <object_component_ref idref="oc-dd"/>
      </symbol>
      <symbol id="sm-15d">
         <name>SEP_UART</name>
         <value>0x40ad</value>
         <object_component_ref idref="oc-e3"/>
      </symbol>
      <symbol id="sm-15e">
         <name>UARTGetBuffer</name>
         <value>0x405d</value>
         <object_component_ref idref="oc-e3"/>
      </symbol>
      <symbol id="sm-15f">
         <name>Config_UART</name>
         <value>0x418f</value>
         <object_component_ref idref="oc-e3"/>
      </symbol>
      <symbol id="sm-19b">
         <name>GPIOPinTypePWM</name>
         <value>0x5a69</value>
         <object_component_ref idref="oc-148"/>
      </symbol>
      <symbol id="sm-19c">
         <name>GPIOPinConfigure</name>
         <value>0x572d</value>
         <object_component_ref idref="oc-14e"/>
      </symbol>
      <symbol id="sm-19d">
         <name>GPIOPinTypeUART</name>
         <value>0x5a7b</value>
         <object_component_ref idref="oc-187"/>
      </symbol>
      <symbol id="sm-19e">
         <name>GPIODirModeSet</name>
         <value>0x5913</value>
         <object_component_ref idref="oc-231"/>
      </symbol>
      <symbol id="sm-19f">
         <name>GPIOPadConfigSet</name>
         <value>0x4adb</value>
         <object_component_ref idref="oc-237"/>
      </symbol>
      <symbol id="sm-1e1">
         <name>IntEnable</name>
         <value>0x5405</value>
         <object_component_ref idref="oc-19f"/>
      </symbol>
      <symbol id="sm-1e2">
         <name>IntRegister</name>
         <value>0x587d</value>
         <object_component_ref idref="oc-260"/>
      </symbol>
      <symbol id="sm-1e3">
         <name>g_pfnRAMVectors</name>
         <value>0x20000000</value>
         <object_component_ref idref="oc-310"/>
      </symbol>
      <symbol id="sm-1e4">
         <name>IntMasterEnable</name>
         <value>0x5a9f</value>
         <object_component_ref idref="oc-e9"/>
      </symbol>
      <symbol id="sm-211">
         <name>PWMGenPeriodSet</name>
         <value>0x5aaf</value>
         <object_component_ref idref="oc-15a"/>
      </symbol>
      <symbol id="sm-212">
         <name>PWMPulseWidthSet</name>
         <value>0x5981</value>
         <object_component_ref idref="oc-f5"/>
      </symbol>
      <symbol id="sm-213">
         <name>PWMOutputState</name>
         <value>0x5a8d</value>
         <object_component_ref idref="oc-160"/>
      </symbol>
      <symbol id="sm-214">
         <name>PWMGenEnable</name>
         <value>0x5ae7</value>
         <object_component_ref idref="oc-166"/>
      </symbol>
      <symbol id="sm-215">
         <name>PWMGenConfigure</name>
         <value>0x593d</value>
         <object_component_ref idref="oc-154"/>
      </symbol>
      <symbol id="sm-271">
         <name>SysCtlClockSet</name>
         <value>0x500d</value>
         <object_component_ref idref="oc-d7"/>
      </symbol>
      <symbol id="sm-272">
         <name>SysCtlDelay</name>
         <value>0x5b31</value>
         <object_component_ref idref="oc-d6"/>
      </symbol>
      <symbol id="sm-273">
         <name>SysCtlPeripheralEnable</name>
         <value>0x58b1</value>
         <object_component_ref idref="oc-142"/>
      </symbol>
      <symbol id="sm-274">
         <name>SysCtlClockGet</name>
         <value>0x4c0d</value>
         <object_component_ref idref="oc-d0"/>
      </symbol>
      <symbol id="sm-275">
         <name>SysCtlPWMClockSet</name>
         <value>0x5a05</value>
         <object_component_ref idref="oc-13c"/>
      </symbol>
      <symbol id="sm-2f8">
         <name>UARTConfigSetExpClk</name>
         <value>0x57bd</value>
         <object_component_ref idref="oc-193"/>
      </symbol>
      <symbol id="sm-2f9">
         <name>UARTDisable</name>
         <value>0x5961</value>
         <object_component_ref idref="oc-24d"/>
      </symbol>
      <symbol id="sm-2fa">
         <name>UARTIntEnable</name>
         <value>0x5b29</value>
         <object_component_ref idref="oc-1a5"/>
      </symbol>
      <symbol id="sm-2fb">
         <name>UARTCharsAvail</name>
         <value>0x5abf</value>
         <object_component_ref idref="oc-175"/>
      </symbol>
      <symbol id="sm-2fc">
         <name>UARTClockSourceSet</name>
         <value>0x5b37</value>
         <object_component_ref idref="oc-18d"/>
      </symbol>
      <symbol id="sm-2fd">
         <name>UARTCharPut</name>
         <value>0x5b15</value>
         <object_component_ref idref="oc-101"/>
      </symbol>
      <symbol id="sm-2fe">
         <name>UARTEnable</name>
         <value>0x5a19</value>
         <object_component_ref idref="oc-253"/>
      </symbol>
      <symbol id="sm-2ff">
         <name>UARTIntClear</name>
         <value>0x5b3d</value>
         <object_component_ref idref="oc-181"/>
      </symbol>
      <symbol id="sm-300">
         <name>UARTIntStatus</name>
         <value>0x5b1f</value>
         <object_component_ref idref="oc-17b"/>
      </symbol>
      <symbol id="sm-301">
         <name>UARTCharGet</name>
         <value>0x5b0b</value>
         <object_component_ref idref="oc-16f"/>
      </symbol>
      <symbol id="sm-302">
         <name>UARTIntRegister</name>
         <value>0x59bb</value>
         <object_component_ref idref="oc-199"/>
      </symbol>
      <symbol id="sm-30c">
         <name>CPUcpsie</name>
         <value>0x5adb</value>
         <object_component_ref idref="oc-1b0"/>
      </symbol>
      <symbol id="sm-31d">
         <name>_c_int00</name>
         <value>0x5599</value>
         <object_component_ref idref="oc-24"/>
      </symbol>
      <symbol id="sm-31e">
         <name>__stack</name>
         <value>0x2000026c</value>
         <object_component_ref idref="oc-2a"/>
      </symbol>
      <symbol id="sm-33c">
         <name>__TI_decompress_lzss</name>
         <value>0x546d</value>
         <object_component_ref idref="oc-12"/>
      </symbol>
      <symbol id="sm-353">
         <name>__TI_decompress_none</name>
         <value>0x5acd</value>
         <object_component_ref idref="oc-18"/>
      </symbol>
      <symbol id="sm-365">
         <name>__TI_zero_init</name>
         <value>0x5af3</value>
         <object_component_ref idref="oc-1e"/>
      </symbol>
      <symbol id="sm-399">
         <name>asinl</name>
         <value>0x32d5</value>
         <object_component_ref idref="oc-1f6"/>
      </symbol>
      <symbol id="sm-39a">
         <name>asin</name>
         <value>0x32d5</value>
         <object_component_ref idref="oc-1f6"/>
      </symbol>
      <symbol id="sm-3d4">
         <name>atan2</name>
         <value>0x3e51</value>
         <object_component_ref idref="oc-1fc"/>
      </symbol>
      <symbol id="sm-3d5">
         <name>atan2l</name>
         <value>0x3e51</value>
         <object_component_ref idref="oc-1fc"/>
      </symbol>
      <symbol id="sm-3f9">
         <name>sqrtl</name>
         <value>0x46c9</value>
         <object_component_ref idref="oc-1db"/>
      </symbol>
      <symbol id="sm-3fa">
         <name>sqrt</name>
         <value>0x46c9</value>
         <object_component_ref idref="oc-1db"/>
      </symbol>
      <symbol id="sm-402">
         <name>errno</name>
         <value>0x20000630</value>
         <object_component_ref idref="oc-2a8"/>
      </symbol>
      <symbol id="sm-423">
         <name>C$$EXIT</name>
         <value>0x55ed</value>
         <object_component_ref idref="oc-6f"/>
      </symbol>
      <symbol id="sm-424">
         <name>abort</name>
         <value>0x55f1</value>
         <object_component_ref idref="oc-6f"/>
      </symbol>
      <symbol id="sm-425">
         <name>exit</name>
         <value>0x55f9</value>
         <object_component_ref idref="oc-6f"/>
      </symbol>
      <symbol id="sm-426">
         <name>__TI_dtors_ptr</name>
         <value>0x20000620</value>
         <object_component_ref idref="oc-af"/>
      </symbol>
      <symbol id="sm-427">
         <name>__TI_cleanup_ptr</name>
         <value>0x2000061c</value>
         <object_component_ref idref="oc-af"/>
      </symbol>
      <symbol id="sm-428">
         <name>__TI_enable_exit_profile_output</name>
         <value>0x20000624</value>
         <object_component_ref idref="oc-af"/>
      </symbol>
      <symbol id="sm-43f">
         <name>__aeabi_dsub</name>
         <value>0x4211</value>
         <object_component_ref idref="oc-1e1"/>
      </symbol>
      <symbol id="sm-440">
         <name>__aeabi_dadd</name>
         <value>0x421b</value>
         <object_component_ref idref="oc-1e1"/>
      </symbol>
      <symbol id="sm-462">
         <name>__aeabi_cdcmpeq</name>
         <value>0x519d</value>
         <object_component_ref idref="oc-288"/>
      </symbol>
      <symbol id="sm-463">
         <name>__aeabi_cdcmple</name>
         <value>0x519d</value>
         <object_component_ref idref="oc-288"/>
      </symbol>
      <symbol id="sm-464">
         <name>__aeabi_cdrcmple</name>
         <value>0x5223</value>
         <object_component_ref idref="oc-2a3"/>
      </symbol>
      <symbol id="sm-478">
         <name>__aeabi_ddiv</name>
         <value>0x49a5</value>
         <object_component_ref idref="oc-1f1"/>
      </symbol>
      <symbol id="sm-483">
         <name>__aeabi_dmul</name>
         <value>0x4d1d</value>
         <object_component_ref idref="oc-1c5"/>
      </symbol>
      <symbol id="sm-48f">
         <name>__aeabi_d2f</name>
         <value>0x5395</value>
         <object_component_ref idref="oc-1d0"/>
      </symbol>
      <symbol id="sm-49a">
         <name>__aeabi_f2d</name>
         <value>0x5845</value>
         <object_component_ref idref="oc-1c0"/>
      </symbol>
      <symbol id="sm-4b5">
         <name>memcpy</name>
         <value>0x5101</value>
         <object_component_ref idref="oc-3f"/>
      </symbol>
      <symbol id="sm-4b6">
         <name>__aeabi_memcpy</name>
         <value>0x5101</value>
         <object_component_ref idref="oc-3f"/>
      </symbol>
      <symbol id="sm-4b7">
         <name>__aeabi_memcpy8</name>
         <value>0x5101</value>
         <object_component_ref idref="oc-3f"/>
      </symbol>
      <symbol id="sm-4b8">
         <name>__aeabi_memcpy4</name>
         <value>0x5101</value>
         <object_component_ref idref="oc-3f"/>
      </symbol>
      <symbol id="sm-4c7">
         <name>__aeabi_memset</name>
         <value>0x52ab</value>
         <object_component_ref idref="oc-4b"/>
      </symbol>
      <symbol id="sm-4c8">
         <name>memset</name>
         <value>0x52b1</value>
         <object_component_ref idref="oc-4b"/>
      </symbol>
      <symbol id="sm-4c9">
         <name>__aeabi_memset8</name>
         <value>0x52ab</value>
         <object_component_ref idref="oc-4b"/>
      </symbol>
      <symbol id="sm-4ca">
         <name>__aeabi_memset4</name>
         <value>0x52ab</value>
         <object_component_ref idref="oc-4b"/>
      </symbol>
      <symbol id="sm-4cb">
         <name>__aeabi_memclr8</name>
         <value>0x52a9</value>
         <object_component_ref idref="oc-4b"/>
      </symbol>
      <symbol id="sm-4cc">
         <name>__aeabi_memclr4</name>
         <value>0x52a9</value>
         <object_component_ref idref="oc-4b"/>
      </symbol>
      <symbol id="sm-4cd">
         <name>__aeabi_memclr</name>
         <value>0x52a9</value>
         <object_component_ref idref="oc-4b"/>
      </symbol>
      <symbol id="sm-4d7">
         <name>__mpu_init</name>
         <value>0x13ab</value>
         <object_component_ref idref="oc-57"/>
      </symbol>
      <symbol id="sm-4e1">
         <name>_system_pre_init</name>
         <value>0x5b41</value>
         <object_component_ref idref="oc-5d"/>
      </symbol>
      <symbol id="sm-517">
         <name>atanl</name>
         <value>0x36b9</value>
         <object_component_ref idref="oc-2b3"/>
      </symbol>
      <symbol id="sm-518">
         <name>atan</name>
         <value>0x36b9</value>
         <object_component_ref idref="oc-2b3"/>
      </symbol>
      <symbol id="sm-569">
         <name>cosl</name>
         <value>0x2735</value>
         <object_component_ref idref="oc-1ca"/>
      </symbol>
      <symbol id="sm-56a">
         <name>cos</name>
         <value>0x2735</value>
         <object_component_ref idref="oc-1ca"/>
      </symbol>
      <symbol id="sm-5b6">
         <name>sin</name>
         <value>0x2d11</value>
         <object_component_ref idref="oc-1d5"/>
      </symbol>
      <symbol id="sm-5b7">
         <name>sinl</name>
         <value>0x2d11</value>
         <object_component_ref idref="oc-1d5"/>
      </symbol>
      <symbol id="sm-5d0">
         <name>sprintf</name>
         <value>0x5539</value>
         <object_component_ref idref="oc-fb"/>
      </symbol>
      <symbol id="sm-5d8">
         <name>main_func_sp</name>
         <value>0x20000634</value>
         <object_component_ref idref="oc-75"/>
      </symbol>
      <symbol id="sm-5f2">
         <name>_nop</name>
         <value>0x5a3b</value>
         <object_component_ref idref="oc-11e"/>
      </symbol>
      <symbol id="sm-5f3">
         <name>_lock</name>
         <value>0x20000628</value>
         <object_component_ref idref="oc-b2"/>
      </symbol>
      <symbol id="sm-5f4">
         <name>_unlock</name>
         <value>0x2000062c</value>
         <object_component_ref idref="oc-b2"/>
      </symbol>
      <symbol id="sm-5f5">
         <name>_register_lock</name>
         <value>0x5a33</value>
         <object_component_ref idref="oc-11e"/>
      </symbol>
      <symbol id="sm-5f6">
         <name>_register_unlock</name>
         <value>0x5a2d</value>
         <object_component_ref idref="oc-11e"/>
      </symbol>
      <symbol id="sm-6f7">
         <name>__TI_printfi</name>
         <value>0xab1</value>
         <object_component_ref idref="oc-20a"/>
      </symbol>
      <symbol id="sm-70b">
         <name>_args_main</name>
         <value>0x59d5</value>
         <object_component_ref idref="oc-69"/>
      </symbol>
      <symbol id="sm-721">
         <name>atoi</name>
         <value>0x5695</value>
         <object_component_ref idref="oc-2e0"/>
      </symbol>
      <symbol id="sm-74b">
         <name>__TI_auto_init</name>
         <value>0x5325</value>
         <object_component_ref idref="oc-63"/>
      </symbol>
      <symbol id="sm-765">
         <name>copy_in</name>
         <value>0x56e1</value>
         <object_component_ref idref="oc-99"/>
      </symbol>
      <symbol id="sm-770">
         <name>_ctypes_</name>
         <value>0x5ca0</value>
         <object_component_ref idref="oc-352"/>
      </symbol>
      <symbol id="sm-77a">
         <name>__aeabi_d2iz</name>
         <value>0x5775</value>
         <object_component_ref idref="oc-278"/>
      </symbol>
      <symbol id="sm-785">
         <name>__aeabi_i2d</name>
         <value>0x58e5</value>
         <object_component_ref idref="oc-283"/>
      </symbol>
      <symbol id="sm-79b">
         <name>__kernel_cos</name>
         <value>0x4839</value>
         <object_component_ref idref="oc-27d"/>
      </symbol>
      <symbol id="sm-807">
         <name>__kernel_rem_pio2</name>
         <value>0x1ffd</value>
         <object_component_ref idref="oc-28d"/>
      </symbol>
      <symbol id="sm-81e">
         <name>__kernel_sin</name>
         <value>0x4555</value>
         <object_component_ref idref="oc-293"/>
      </symbol>
      <symbol id="sm-82d">
         <name>ltoa</name>
         <value>0x5641</value>
         <object_component_ref idref="oc-2c8"/>
      </symbol>
      <symbol id="sm-83d">
         <name>memccpy</name>
         <value>0x599f</value>
         <object_component_ref idref="oc-2e6"/>
      </symbol>
      <symbol id="sm-85a">
         <name>floorl</name>
         <value>0x4f15</value>
         <object_component_ref idref="oc-31d"/>
      </symbol>
      <symbol id="sm-85b">
         <name>floor</name>
         <value>0x4f15</value>
         <object_component_ref idref="oc-31d"/>
      </symbol>
      <symbol id="sm-871">
         <name>frexpl</name>
         <value>0x54d5</value>
         <object_component_ref idref="oc-2ce"/>
      </symbol>
      <symbol id="sm-872">
         <name>frexp</name>
         <value>0x54d5</value>
         <object_component_ref idref="oc-2ce"/>
      </symbol>
      <symbol id="sm-88f">
         <name>scalbn</name>
         <value>0x4e19</value>
         <object_component_ref idref="oc-2d4"/>
      </symbol>
      <symbol id="sm-890">
         <name>scalbnl</name>
         <value>0x4e19</value>
         <object_component_ref idref="oc-2d4"/>
      </symbol>
      <symbol id="sm-891">
         <name>ldexpl</name>
         <value>0x4e19</value>
         <object_component_ref idref="oc-2d4"/>
      </symbol>
      <symbol id="sm-892">
         <name>ldexp</name>
         <value>0x4e19</value>
         <object_component_ref idref="oc-2d4"/>
      </symbol>
      <symbol id="sm-89c">
         <name>_system_post_cinit</name>
         <value>0x43c7</value>
         <object_component_ref idref="oc-9f"/>
      </symbol>
      <symbol id="sm-8ac">
         <name>strchr</name>
         <value>0x59ed</value>
         <object_component_ref idref="oc-2da"/>
      </symbol>
      <symbol id="sm-8ba">
         <name>strlen</name>
         <value>0x5a55</value>
         <object_component_ref idref="oc-2c2"/>
      </symbol>
      <symbol id="sm-8d6">
         <name>__aeabi_uldivmod</name>
         <value>0x3c5d</value>
         <object_component_ref idref="oc-2bd"/>
      </symbol>
      <symbol id="sm-8e0">
         <name>copysign</name>
         <value>0x5a41</value>
         <object_component_ref idref="oc-348"/>
      </symbol>
      <symbol id="sm-8e1">
         <name>copysignl</name>
         <value>0x5a41</value>
         <object_component_ref idref="oc-348"/>
      </symbol>
      <symbol id="sm-8e2">
         <name>__TI_static_base__</name>
         <value>0x0</value>
      </symbol>
      <symbol id="sm-8e5">
         <name>SHT$$INIT_ARRAY$$Limit</name>
         <value>0x0</value>
      </symbol>
      <symbol id="sm-8e6">
         <name>SHT$$INIT_ARRAY$$Base</name>
         <value>0x0</value>
      </symbol>
   </symbol_table>
   <title>Link successful</title>
</link_info>
